ARM GAS  C:\Users\Xavier\AppData\Local\Temp\ccixYqu9.s 			page 1


   1              		.syntax unified
   2              		.cpu cortex-m0
   3              		.fpu softvfp
   4              		.eabi_attribute 20, 1
   5              		.eabi_attribute 21, 1
   6              		.eabi_attribute 23, 3
   7              		.eabi_attribute 24, 1
   8              		.eabi_attribute 25, 1
   9              		.eabi_attribute 26, 1
  10              		.eabi_attribute 30, 6
  11              		.eabi_attribute 34, 0
  12              		.eabi_attribute 18, 4
  13              		.thumb
  14              		.syntax unified
  15              		.file	"cyfitter_cfg.c"
  16              		.text
  17              	.Ltext0:
  18              		.cfi_sections	.debug_frame
  19              		.section	.text.CYMEMZERO,"ax",%progbits
  20              		.align	2
  21              		.code	16
  22              		.thumb_func
  23              		.type	CYMEMZERO, %function
  24              	CYMEMZERO:
  25              	.LFB2:
  26              		.file 1 "Generated_Source\\PSoC4\\cyfitter_cfg.c"
   1:Generated_Source\PSoC4/cyfitter_cfg.c **** 
   2:Generated_Source\PSoC4/cyfitter_cfg.c **** /*******************************************************************************
   3:Generated_Source\PSoC4/cyfitter_cfg.c **** * File Name: cyfitter_cfg.c
   4:Generated_Source\PSoC4/cyfitter_cfg.c **** * 
   5:Generated_Source\PSoC4/cyfitter_cfg.c **** * PSoC Creator  4.4
   6:Generated_Source\PSoC4/cyfitter_cfg.c **** *
   7:Generated_Source\PSoC4/cyfitter_cfg.c **** * Description:
   8:Generated_Source\PSoC4/cyfitter_cfg.c **** * This file contains device initialization code.
   9:Generated_Source\PSoC4/cyfitter_cfg.c **** * Except for the user defined sections in CyClockStartupError(), this file should not be modified.
  10:Generated_Source\PSoC4/cyfitter_cfg.c **** * This file is automatically generated by PSoC Creator.
  11:Generated_Source\PSoC4/cyfitter_cfg.c **** *
  12:Generated_Source\PSoC4/cyfitter_cfg.c **** ********************************************************************************
  13:Generated_Source\PSoC4/cyfitter_cfg.c **** * Copyright (c) 2007-2020 Cypress Semiconductor.  All rights reserved.
  14:Generated_Source\PSoC4/cyfitter_cfg.c **** * You may use this file only in accordance with the license, terms, conditions, 
  15:Generated_Source\PSoC4/cyfitter_cfg.c **** * disclaimers, and limitations in the end user license agreement accompanying 
  16:Generated_Source\PSoC4/cyfitter_cfg.c **** * the software package with which this file was provided.
  17:Generated_Source\PSoC4/cyfitter_cfg.c **** ********************************************************************************/
  18:Generated_Source\PSoC4/cyfitter_cfg.c **** 
  19:Generated_Source\PSoC4/cyfitter_cfg.c **** #include <string.h>
  20:Generated_Source\PSoC4/cyfitter_cfg.c **** #include "cytypes.h"
  21:Generated_Source\PSoC4/cyfitter_cfg.c **** #include "cydevice_trm.h"
  22:Generated_Source\PSoC4/cyfitter_cfg.c **** #include "cyfitter.h"
  23:Generated_Source\PSoC4/cyfitter_cfg.c **** #include "CyLib.h"
  24:Generated_Source\PSoC4/cyfitter_cfg.c **** #include "cyfitter_cfg.h"
  25:Generated_Source\PSoC4/cyfitter_cfg.c **** #include "cyapicallbacks.h"
  26:Generated_Source\PSoC4/cyfitter_cfg.c **** 
  27:Generated_Source\PSoC4/cyfitter_cfg.c **** 
  28:Generated_Source\PSoC4/cyfitter_cfg.c **** #if defined(__GNUC__) || defined(__ARMCC_VERSION)
  29:Generated_Source\PSoC4/cyfitter_cfg.c ****     #define CYPACKED 
  30:Generated_Source\PSoC4/cyfitter_cfg.c ****     #define CYPACKED_ATTR __attribute__ ((packed))
  31:Generated_Source\PSoC4/cyfitter_cfg.c ****     #define CYALIGNED __attribute__ ((aligned))
ARM GAS  C:\Users\Xavier\AppData\Local\Temp\ccixYqu9.s 			page 2


  32:Generated_Source\PSoC4/cyfitter_cfg.c ****     #define CY_CFG_UNUSED __attribute__ ((unused))
  33:Generated_Source\PSoC4/cyfitter_cfg.c ****     #ifndef CY_CFG_SECTION
  34:Generated_Source\PSoC4/cyfitter_cfg.c ****         #define CY_CFG_SECTION __attribute__ ((section(".psocinit")))
  35:Generated_Source\PSoC4/cyfitter_cfg.c ****     #endif
  36:Generated_Source\PSoC4/cyfitter_cfg.c ****     
  37:Generated_Source\PSoC4/cyfitter_cfg.c ****     #if defined(__ARMCC_VERSION)
  38:Generated_Source\PSoC4/cyfitter_cfg.c ****         #define CY_CFG_MEMORY_BARRIER() __memory_changed()
  39:Generated_Source\PSoC4/cyfitter_cfg.c ****     #else
  40:Generated_Source\PSoC4/cyfitter_cfg.c ****         #define CY_CFG_MEMORY_BARRIER() __sync_synchronize()
  41:Generated_Source\PSoC4/cyfitter_cfg.c ****     #endif
  42:Generated_Source\PSoC4/cyfitter_cfg.c ****     
  43:Generated_Source\PSoC4/cyfitter_cfg.c **** #elif defined(__ICCARM__)
  44:Generated_Source\PSoC4/cyfitter_cfg.c ****     #include <intrinsics.h>
  45:Generated_Source\PSoC4/cyfitter_cfg.c **** 
  46:Generated_Source\PSoC4/cyfitter_cfg.c ****     #define CYPACKED __packed
  47:Generated_Source\PSoC4/cyfitter_cfg.c ****     #define CYPACKED_ATTR 
  48:Generated_Source\PSoC4/cyfitter_cfg.c ****     #define CYALIGNED _Pragma("data_alignment=4")
  49:Generated_Source\PSoC4/cyfitter_cfg.c ****     #define CY_CFG_UNUSED _Pragma("diag_suppress=Pe177")
  50:Generated_Source\PSoC4/cyfitter_cfg.c ****     #define CY_CFG_SECTION _Pragma("location=\".psocinit\"")
  51:Generated_Source\PSoC4/cyfitter_cfg.c ****     
  52:Generated_Source\PSoC4/cyfitter_cfg.c ****     #define CY_CFG_MEMORY_BARRIER() __DMB()
  53:Generated_Source\PSoC4/cyfitter_cfg.c ****     
  54:Generated_Source\PSoC4/cyfitter_cfg.c **** #else
  55:Generated_Source\PSoC4/cyfitter_cfg.c ****     #error Unsupported toolchain
  56:Generated_Source\PSoC4/cyfitter_cfg.c **** #endif
  57:Generated_Source\PSoC4/cyfitter_cfg.c **** 
  58:Generated_Source\PSoC4/cyfitter_cfg.c **** #ifndef CYCODE
  59:Generated_Source\PSoC4/cyfitter_cfg.c ****     #define CYCODE
  60:Generated_Source\PSoC4/cyfitter_cfg.c **** #endif
  61:Generated_Source\PSoC4/cyfitter_cfg.c **** #ifndef CYDATA
  62:Generated_Source\PSoC4/cyfitter_cfg.c ****     #define CYDATA
  63:Generated_Source\PSoC4/cyfitter_cfg.c **** #endif
  64:Generated_Source\PSoC4/cyfitter_cfg.c **** #ifndef CYFAR
  65:Generated_Source\PSoC4/cyfitter_cfg.c ****     #define CYFAR
  66:Generated_Source\PSoC4/cyfitter_cfg.c **** #endif
  67:Generated_Source\PSoC4/cyfitter_cfg.c **** #ifndef CYXDATA
  68:Generated_Source\PSoC4/cyfitter_cfg.c ****     #define CYXDATA
  69:Generated_Source\PSoC4/cyfitter_cfg.c **** #endif
  70:Generated_Source\PSoC4/cyfitter_cfg.c **** 
  71:Generated_Source\PSoC4/cyfitter_cfg.c **** 
  72:Generated_Source\PSoC4/cyfitter_cfg.c **** CY_CFG_UNUSED
  73:Generated_Source\PSoC4/cyfitter_cfg.c **** static void CYMEMZERO(void *s, size_t n);
  74:Generated_Source\PSoC4/cyfitter_cfg.c **** CY_CFG_UNUSED
  75:Generated_Source\PSoC4/cyfitter_cfg.c **** static void CYMEMZERO(void *s, size_t n)
  76:Generated_Source\PSoC4/cyfitter_cfg.c **** {
  27              		.loc 1 76 0
  28              		.cfi_startproc
  29              		@ args = 0, pretend = 0, frame = 8
  30              		@ frame_needed = 1, uses_anonymous_args = 0
  31 0000 80B5     		push	{r7, lr}
  32              		.cfi_def_cfa_offset 8
  33              		.cfi_offset 7, -8
  34              		.cfi_offset 14, -4
  35 0002 82B0     		sub	sp, sp, #8
  36              		.cfi_def_cfa_offset 16
  37 0004 00AF     		add	r7, sp, #0
  38              		.cfi_def_cfa_register 7
ARM GAS  C:\Users\Xavier\AppData\Local\Temp\ccixYqu9.s 			page 3


  39 0006 7860     		str	r0, [r7, #4]
  40 0008 3960     		str	r1, [r7]
  77:Generated_Source\PSoC4/cyfitter_cfg.c **** 	(void)memset(s, 0, n);
  41              		.loc 1 77 0
  42 000a 3A68     		ldr	r2, [r7]
  43 000c 7B68     		ldr	r3, [r7, #4]
  44 000e 0021     		movs	r1, #0
  45 0010 1800     		movs	r0, r3
  46 0012 FFF7FEFF 		bl	memset
  78:Generated_Source\PSoC4/cyfitter_cfg.c **** }
  47              		.loc 1 78 0
  48 0016 C046     		nop
  49 0018 BD46     		mov	sp, r7
  50 001a 02B0     		add	sp, sp, #8
  51              		@ sp needed
  52 001c 80BD     		pop	{r7, pc}
  53              		.cfi_endproc
  54              	.LFE2:
  55              		.size	CYMEMZERO, .-CYMEMZERO
  56 001e C046     		.section	.text.CYCONFIGCPY,"ax",%progbits
  57              		.align	2
  58              		.code	16
  59              		.thumb_func
  60              		.type	CYCONFIGCPY, %function
  61              	CYCONFIGCPY:
  62              	.LFB3:
  79:Generated_Source\PSoC4/cyfitter_cfg.c **** CY_CFG_UNUSED
  80:Generated_Source\PSoC4/cyfitter_cfg.c **** static void CYCONFIGCPY(void *dest, const void *src, size_t n);
  81:Generated_Source\PSoC4/cyfitter_cfg.c **** CY_CFG_UNUSED
  82:Generated_Source\PSoC4/cyfitter_cfg.c **** static void CYCONFIGCPY(void *dest, const void *src, size_t n)
  83:Generated_Source\PSoC4/cyfitter_cfg.c **** {
  63              		.loc 1 83 0
  64              		.cfi_startproc
  65              		@ args = 0, pretend = 0, frame = 16
  66              		@ frame_needed = 1, uses_anonymous_args = 0
  67 0000 80B5     		push	{r7, lr}
  68              		.cfi_def_cfa_offset 8
  69              		.cfi_offset 7, -8
  70              		.cfi_offset 14, -4
  71 0002 84B0     		sub	sp, sp, #16
  72              		.cfi_def_cfa_offset 24
  73 0004 00AF     		add	r7, sp, #0
  74              		.cfi_def_cfa_register 7
  75 0006 F860     		str	r0, [r7, #12]
  76 0008 B960     		str	r1, [r7, #8]
  77 000a 7A60     		str	r2, [r7, #4]
  84:Generated_Source\PSoC4/cyfitter_cfg.c **** 	(void)memcpy(dest, src, n);
  78              		.loc 1 84 0
  79 000c 7A68     		ldr	r2, [r7, #4]
  80 000e B968     		ldr	r1, [r7, #8]
  81 0010 FB68     		ldr	r3, [r7, #12]
  82 0012 1800     		movs	r0, r3
  83 0014 FFF7FEFF 		bl	memcpy
  85:Generated_Source\PSoC4/cyfitter_cfg.c **** }
  84              		.loc 1 85 0
  85 0018 C046     		nop
  86 001a BD46     		mov	sp, r7
ARM GAS  C:\Users\Xavier\AppData\Local\Temp\ccixYqu9.s 			page 4


  87 001c 04B0     		add	sp, sp, #16
  88              		@ sp needed
  89 001e 80BD     		pop	{r7, pc}
  90              		.cfi_endproc
  91              	.LFE3:
  92              		.size	CYCONFIGCPY, .-CYCONFIGCPY
  93              		.section	.text.CYCONFIGCPYCODE,"ax",%progbits
  94              		.align	2
  95              		.code	16
  96              		.thumb_func
  97              		.type	CYCONFIGCPYCODE, %function
  98              	CYCONFIGCPYCODE:
  99              	.LFB4:
  86:Generated_Source\PSoC4/cyfitter_cfg.c **** CY_CFG_UNUSED
  87:Generated_Source\PSoC4/cyfitter_cfg.c **** static void CYCONFIGCPYCODE(void *dest, const void *src, size_t n);
  88:Generated_Source\PSoC4/cyfitter_cfg.c **** CY_CFG_UNUSED
  89:Generated_Source\PSoC4/cyfitter_cfg.c **** static void CYCONFIGCPYCODE(void *dest, const void *src, size_t n)
  90:Generated_Source\PSoC4/cyfitter_cfg.c **** {
 100              		.loc 1 90 0
 101              		.cfi_startproc
 102              		@ args = 0, pretend = 0, frame = 16
 103              		@ frame_needed = 1, uses_anonymous_args = 0
 104 0000 80B5     		push	{r7, lr}
 105              		.cfi_def_cfa_offset 8
 106              		.cfi_offset 7, -8
 107              		.cfi_offset 14, -4
 108 0002 84B0     		sub	sp, sp, #16
 109              		.cfi_def_cfa_offset 24
 110 0004 00AF     		add	r7, sp, #0
 111              		.cfi_def_cfa_register 7
 112 0006 F860     		str	r0, [r7, #12]
 113 0008 B960     		str	r1, [r7, #8]
 114 000a 7A60     		str	r2, [r7, #4]
  91:Generated_Source\PSoC4/cyfitter_cfg.c **** 	(void)memcpy(dest, src, n);
 115              		.loc 1 91 0
 116 000c 7A68     		ldr	r2, [r7, #4]
 117 000e B968     		ldr	r1, [r7, #8]
 118 0010 FB68     		ldr	r3, [r7, #12]
 119 0012 1800     		movs	r0, r3
 120 0014 FFF7FEFF 		bl	memcpy
  92:Generated_Source\PSoC4/cyfitter_cfg.c **** }
 121              		.loc 1 92 0
 122 0018 C046     		nop
 123 001a BD46     		mov	sp, r7
 124 001c 04B0     		add	sp, sp, #16
 125              		@ sp needed
 126 001e 80BD     		pop	{r7, pc}
 127              		.cfi_endproc
 128              	.LFE4:
 129              		.size	CYCONFIGCPYCODE, .-CYCONFIGCPYCODE
 130              		.section	.psocinit,"ax",%progbits
 131              		.align	2
 132              		.code	16
 133              		.thumb_func
 134              		.type	ClockSetup, %function
 135              	ClockSetup:
 136              	.LFB5:
ARM GAS  C:\Users\Xavier\AppData\Local\Temp\ccixYqu9.s 			page 5


  93:Generated_Source\PSoC4/cyfitter_cfg.c **** 
  94:Generated_Source\PSoC4/cyfitter_cfg.c **** 
  95:Generated_Source\PSoC4/cyfitter_cfg.c **** 
  96:Generated_Source\PSoC4/cyfitter_cfg.c **** 
  97:Generated_Source\PSoC4/cyfitter_cfg.c **** /* Clock startup error codes                                                   */
  98:Generated_Source\PSoC4/cyfitter_cfg.c **** #define CYCLOCKSTART_NO_ERROR    0u
  99:Generated_Source\PSoC4/cyfitter_cfg.c **** #define CYCLOCKSTART_XTAL_ERROR  1u
 100:Generated_Source\PSoC4/cyfitter_cfg.c **** #define CYCLOCKSTART_32KHZ_ERROR 2u
 101:Generated_Source\PSoC4/cyfitter_cfg.c **** #define CYCLOCKSTART_PLL_ERROR   3u
 102:Generated_Source\PSoC4/cyfitter_cfg.c **** #define CYCLOCKSTART_FLL_ERROR   4u
 103:Generated_Source\PSoC4/cyfitter_cfg.c **** #define CYCLOCKSTART_WCO_ERROR   5u
 104:Generated_Source\PSoC4/cyfitter_cfg.c **** 
 105:Generated_Source\PSoC4/cyfitter_cfg.c **** 
 106:Generated_Source\PSoC4/cyfitter_cfg.c **** #ifdef CY_NEED_CYCLOCKSTARTUPERROR
 107:Generated_Source\PSoC4/cyfitter_cfg.c **** /*******************************************************************************
 108:Generated_Source\PSoC4/cyfitter_cfg.c **** * Function Name: CyClockStartupError
 109:Generated_Source\PSoC4/cyfitter_cfg.c **** ********************************************************************************
 110:Generated_Source\PSoC4/cyfitter_cfg.c **** * Summary:
 111:Generated_Source\PSoC4/cyfitter_cfg.c **** *  If an error is encountered during clock configuration (crystal startup error,
 112:Generated_Source\PSoC4/cyfitter_cfg.c **** *  PLL lock error, etc.), the system will end up here.  Unless reimplemented by
 113:Generated_Source\PSoC4/cyfitter_cfg.c **** *  the customer, this function will stop in an infinite loop.
 114:Generated_Source\PSoC4/cyfitter_cfg.c **** *
 115:Generated_Source\PSoC4/cyfitter_cfg.c **** * Parameters:
 116:Generated_Source\PSoC4/cyfitter_cfg.c **** *   void
 117:Generated_Source\PSoC4/cyfitter_cfg.c **** *
 118:Generated_Source\PSoC4/cyfitter_cfg.c **** * Return:
 119:Generated_Source\PSoC4/cyfitter_cfg.c **** *   void
 120:Generated_Source\PSoC4/cyfitter_cfg.c **** *
 121:Generated_Source\PSoC4/cyfitter_cfg.c **** *******************************************************************************/
 122:Generated_Source\PSoC4/cyfitter_cfg.c **** CY_CFG_UNUSED
 123:Generated_Source\PSoC4/cyfitter_cfg.c **** static void CyClockStartupError(uint8 errorCode);
 124:Generated_Source\PSoC4/cyfitter_cfg.c **** CY_CFG_UNUSED
 125:Generated_Source\PSoC4/cyfitter_cfg.c **** static void CyClockStartupError(uint8 errorCode)
 126:Generated_Source\PSoC4/cyfitter_cfg.c **** {
 127:Generated_Source\PSoC4/cyfitter_cfg.c ****     /* To remove the compiler warning if errorCode not used.                */
 128:Generated_Source\PSoC4/cyfitter_cfg.c ****     errorCode = errorCode;
 129:Generated_Source\PSoC4/cyfitter_cfg.c **** 
 130:Generated_Source\PSoC4/cyfitter_cfg.c ****     /* If we have a clock startup error (bad MHz crystal, PLL lock, etc.),  */
 131:Generated_Source\PSoC4/cyfitter_cfg.c ****     /* we will end up here to allow the customer to implement something to  */
 132:Generated_Source\PSoC4/cyfitter_cfg.c ****     /* deal with the clock condition.                                       */
 133:Generated_Source\PSoC4/cyfitter_cfg.c **** 
 134:Generated_Source\PSoC4/cyfitter_cfg.c **** #ifdef CY_CFG_CLOCK_STARTUP_ERROR_CALLBACK
 135:Generated_Source\PSoC4/cyfitter_cfg.c ****     CY_CFG_Clock_Startup_ErrorCallback();
 136:Generated_Source\PSoC4/cyfitter_cfg.c **** #else
 137:Generated_Source\PSoC4/cyfitter_cfg.c ****     /*  If not using CY_CFG_CLOCK_STARTUP_ERROR_CALLBACK, place your clock startup code here. */
 138:Generated_Source\PSoC4/cyfitter_cfg.c ****     /* `#START CyClockStartupError` */
 139:Generated_Source\PSoC4/cyfitter_cfg.c **** 
 140:Generated_Source\PSoC4/cyfitter_cfg.c **** 
 141:Generated_Source\PSoC4/cyfitter_cfg.c **** 
 142:Generated_Source\PSoC4/cyfitter_cfg.c ****     /* `#END` */
 143:Generated_Source\PSoC4/cyfitter_cfg.c **** 
 144:Generated_Source\PSoC4/cyfitter_cfg.c ****     while(1) {}
 145:Generated_Source\PSoC4/cyfitter_cfg.c **** #endif /* CY_CFG_CLOCK_STARTUP_ERROR_CALLBACK */
 146:Generated_Source\PSoC4/cyfitter_cfg.c **** }
 147:Generated_Source\PSoC4/cyfitter_cfg.c **** #endif
 148:Generated_Source\PSoC4/cyfitter_cfg.c **** 
 149:Generated_Source\PSoC4/cyfitter_cfg.c **** 
ARM GAS  C:\Users\Xavier\AppData\Local\Temp\ccixYqu9.s 			page 6


 150:Generated_Source\PSoC4/cyfitter_cfg.c **** 
 151:Generated_Source\PSoC4/cyfitter_cfg.c **** /*******************************************************************************
 152:Generated_Source\PSoC4/cyfitter_cfg.c **** * Function Name: ClockSetup
 153:Generated_Source\PSoC4/cyfitter_cfg.c **** ********************************************************************************
 154:Generated_Source\PSoC4/cyfitter_cfg.c **** *
 155:Generated_Source\PSoC4/cyfitter_cfg.c **** * Summary:
 156:Generated_Source\PSoC4/cyfitter_cfg.c **** *   Performs the initialization of all of the clocks in the device based on the
 157:Generated_Source\PSoC4/cyfitter_cfg.c **** *   settings in the Clock tab of the DWR.  This includes enabling the requested
 158:Generated_Source\PSoC4/cyfitter_cfg.c **** *   clocks and setting the necessary dividers to produce the desired frequency. 
 159:Generated_Source\PSoC4/cyfitter_cfg.c **** *
 160:Generated_Source\PSoC4/cyfitter_cfg.c **** * Parameters:
 161:Generated_Source\PSoC4/cyfitter_cfg.c **** *   void
 162:Generated_Source\PSoC4/cyfitter_cfg.c **** *
 163:Generated_Source\PSoC4/cyfitter_cfg.c **** * Return:
 164:Generated_Source\PSoC4/cyfitter_cfg.c **** *   void
 165:Generated_Source\PSoC4/cyfitter_cfg.c **** *
 166:Generated_Source\PSoC4/cyfitter_cfg.c **** *******************************************************************************/
 167:Generated_Source\PSoC4/cyfitter_cfg.c **** static void ClockSetup(void);
 168:Generated_Source\PSoC4/cyfitter_cfg.c **** CY_CFG_SECTION
 169:Generated_Source\PSoC4/cyfitter_cfg.c **** static void ClockSetup(void)
 170:Generated_Source\PSoC4/cyfitter_cfg.c **** {
 137              		.loc 1 170 0
 138              		.cfi_startproc
 139              		@ args = 0, pretend = 0, frame = 0
 140              		@ frame_needed = 1, uses_anonymous_args = 0
 141 0000 80B5     		push	{r7, lr}
 142              		.cfi_def_cfa_offset 8
 143              		.cfi_offset 7, -8
 144              		.cfi_offset 14, -4
 145 0002 00AF     		add	r7, sp, #0
 146              		.cfi_def_cfa_register 7
 171:Generated_Source\PSoC4/cyfitter_cfg.c **** 
 172:Generated_Source\PSoC4/cyfitter_cfg.c **** 	/* Set Flash Cycles based on max possible frequency in case a glitch occurs during ClockSetup(). *
 173:Generated_Source\PSoC4/cyfitter_cfg.c **** 	CY_SET_REG32((void CYXDATA *)(CYREG_CPUSS_FLASH_CTL), (0x0012u));
 147              		.loc 1 173 0
 148 0004 1F4B     		ldr	r3, .L5
 149 0006 1222     		movs	r2, #18
 150 0008 1A60     		str	r2, [r3]
 174:Generated_Source\PSoC4/cyfitter_cfg.c **** 
 175:Generated_Source\PSoC4/cyfitter_cfg.c **** 	/* Start the WCO */
 176:Generated_Source\PSoC4/cyfitter_cfg.c **** 	CySysClkWcoStart();
 151              		.loc 1 176 0
 152 000a FFF7FEFF 		bl	CySysClkWcoStart
 177:Generated_Source\PSoC4/cyfitter_cfg.c **** 	CyDelayCycles(12000000u); /* WCO may take up to 500ms to start */
 153              		.loc 1 177 0
 154 000e 1E4B     		ldr	r3, .L5+4
 155 0010 1800     		movs	r0, r3
 156 0012 FFF7FEFF 		bl	CyDelayCycles
 178:Generated_Source\PSoC4/cyfitter_cfg.c **** 	(void)CySysClkWcoSetPowerMode(CY_SYS_CLK_WCO_LPM);    /* Switch to the low power mode */
 157              		.loc 1 178 0
 158 0016 0120     		movs	r0, #1
 159 0018 FFF7FEFF 		bl	CySysClkWcoSetPowerMode
 179:Generated_Source\PSoC4/cyfitter_cfg.c **** 
 180:Generated_Source\PSoC4/cyfitter_cfg.c **** 	/* Setup and trim IMO based on desired frequency. */
 181:Generated_Source\PSoC4/cyfitter_cfg.c **** 	CySysClkWriteImoFreq(48u);
 160              		.loc 1 181 0
 161 001c 3020     		movs	r0, #48
ARM GAS  C:\Users\Xavier\AppData\Local\Temp\ccixYqu9.s 			page 7


 162 001e FFF7FEFF 		bl	CySysClkWriteImoFreq
 182:Generated_Source\PSoC4/cyfitter_cfg.c **** 	/* CYDEV_CLK_ILO_CONFIG Starting address: CYDEV_CLK_ILO_CONFIG */
 183:Generated_Source\PSoC4/cyfitter_cfg.c **** 	CY_SET_REG32((void *)(CYREG_CLK_ILO_CONFIG), 0x80000006u);
 163              		.loc 1 183 0
 164 0022 1A4B     		ldr	r3, .L5+8
 165 0024 1A4A     		ldr	r2, .L5+12
 166 0026 1A60     		str	r2, [r3]
 184:Generated_Source\PSoC4/cyfitter_cfg.c **** 
 185:Generated_Source\PSoC4/cyfitter_cfg.c **** 	/* CYDEV_WDT_CONFIG Starting address: CYDEV_WDT_CONFIG */
 186:Generated_Source\PSoC4/cyfitter_cfg.c **** 	CY_SET_REG32((void *)(CYREG_WDT_CONFIG), 0x40000000u);
 167              		.loc 1 186 0
 168 0028 1A4B     		ldr	r3, .L5+16
 169 002a 8022     		movs	r2, #128
 170 002c D205     		lsls	r2, r2, #23
 171 002e 1A60     		str	r2, [r3]
 187:Generated_Source\PSoC4/cyfitter_cfg.c **** 
 188:Generated_Source\PSoC4/cyfitter_cfg.c **** 
 189:Generated_Source\PSoC4/cyfitter_cfg.c **** 	/* Enable fast start mode for XO */
 190:Generated_Source\PSoC4/cyfitter_cfg.c **** 	CY_SET_REG32((void*)CYREG_BLE_BLERD_BB_XO, CY_GET_REG32((void*)CYREG_BLE_BLERD_BB_XO) | (uint32)0x
 172              		.loc 1 190 0
 173 0030 194B     		ldr	r3, .L5+20
 174 0032 194A     		ldr	r2, .L5+20
 175 0034 1268     		ldr	r2, [r2]
 176 0036 0221     		movs	r1, #2
 177 0038 0A43     		orrs	r2, r1
 178 003a 1A60     		str	r2, [r3]
 191:Generated_Source\PSoC4/cyfitter_cfg.c **** 	CY_SET_REG32((void *)(CYREG_BLE_BLERD_BB_XO_CAPTRIM), 0x00002D6Au);
 179              		.loc 1 191 0
 180 003c 174B     		ldr	r3, .L5+24
 181 003e 184A     		ldr	r2, .L5+28
 182 0040 1A60     		str	r2, [r3]
 192:Generated_Source\PSoC4/cyfitter_cfg.c **** 	/*Set XTAL(ECO) divider*/
 193:Generated_Source\PSoC4/cyfitter_cfg.c **** 	CY_SET_REG32((void *)(CYREG_BLE_BLESS_XTAL_CLK_DIV_CONFIG), 0x00000000u);
 183              		.loc 1 193 0
 184 0042 184B     		ldr	r3, .L5+32
 185 0044 0022     		movs	r2, #0
 186 0046 1A60     		str	r2, [r3]
 194:Generated_Source\PSoC4/cyfitter_cfg.c **** 	/* Disable Crystal Stable Interrupt before enabling ECO */
 195:Generated_Source\PSoC4/cyfitter_cfg.c **** 	CY_SET_REG32((void*)CYREG_BLE_BLESS_LL_DSM_CTRL, CY_GET_REG32((void*)CYREG_BLE_BLESS_LL_DSM_CTRL) 
 187              		.loc 1 195 0
 188 0048 174B     		ldr	r3, .L5+36
 189 004a 174A     		ldr	r2, .L5+36
 190 004c 1268     		ldr	r2, [r2]
 191 004e 0821     		movs	r1, #8
 192 0050 8A43     		bics	r2, r1
 193 0052 1A60     		str	r2, [r3]
 196:Generated_Source\PSoC4/cyfitter_cfg.c **** 	/* Start the ECO and do not check status since it is not needed for HFCLK */
 197:Generated_Source\PSoC4/cyfitter_cfg.c **** 	(void)CySysClkEcoStart(2000u);
 194              		.loc 1 197 0
 195 0054 FA23     		movs	r3, #250
 196 0056 DB00     		lsls	r3, r3, #3
 197 0058 1800     		movs	r0, r3
 198 005a FFF7FEFF 		bl	CySysClkEcoStart
 198:Generated_Source\PSoC4/cyfitter_cfg.c **** 	CyDelayUs(1500u); /* Wait to stabilize */
 199              		.loc 1 198 0
 200 005e 134B     		ldr	r3, .L5+40
 201 0060 1800     		movs	r0, r3
ARM GAS  C:\Users\Xavier\AppData\Local\Temp\ccixYqu9.s 			page 8


 202 0062 FFF7FEFF 		bl	CyDelayUs
 199:Generated_Source\PSoC4/cyfitter_cfg.c **** 
 200:Generated_Source\PSoC4/cyfitter_cfg.c **** 	/* Setup phase aligned clocks */
 201:Generated_Source\PSoC4/cyfitter_cfg.c **** 
 202:Generated_Source\PSoC4/cyfitter_cfg.c **** 	/* CYDEV_CLK_IMO_CONFIG Starting address: CYDEV_CLK_IMO_CONFIG */
 203:Generated_Source\PSoC4/cyfitter_cfg.c **** 	CY_SET_REG32((void *)(CYREG_CLK_IMO_CONFIG), 0x80000000u);
 203              		.loc 1 203 0
 204 0066 124B     		ldr	r3, .L5+44
 205 0068 8022     		movs	r2, #128
 206 006a 1206     		lsls	r2, r2, #24
 207 006c 1A60     		str	r2, [r3]
 204:Generated_Source\PSoC4/cyfitter_cfg.c **** 
 205:Generated_Source\PSoC4/cyfitter_cfg.c **** 	/* CYDEV_CLK_SELECT Starting address: CYDEV_CLK_SELECT */
 206:Generated_Source\PSoC4/cyfitter_cfg.c **** 	CY_SET_REG32((void *)(CYREG_CLK_SELECT), 0x00080000u);
 208              		.loc 1 206 0
 209 006e 114B     		ldr	r3, .L5+48
 210 0070 8022     		movs	r2, #128
 211 0072 1203     		lsls	r2, r2, #12
 212 0074 1A60     		str	r2, [r3]
 207:Generated_Source\PSoC4/cyfitter_cfg.c **** 
 208:Generated_Source\PSoC4/cyfitter_cfg.c **** 	CY_SET_REG32((void *)(CYREG_WDT_CONFIG), 0x40000000u);
 213              		.loc 1 208 0
 214 0076 074B     		ldr	r3, .L5+16
 215 0078 8022     		movs	r2, #128
 216 007a D205     		lsls	r2, r2, #23
 217 007c 1A60     		str	r2, [r3]
 209:Generated_Source\PSoC4/cyfitter_cfg.c **** }
 218              		.loc 1 209 0
 219 007e C046     		nop
 220 0080 BD46     		mov	sp, r7
 221              		@ sp needed
 222 0082 80BD     		pop	{r7, pc}
 223              	.L6:
 224              		.align	2
 225              	.L5:
 226 0084 30001040 		.word	1074790448
 227 0088 001BB700 		.word	12000000
 228 008c 04010B40 		.word	1074462980
 229 0090 06000080 		.word	-2147483642
 230 0094 0C020B40 		.word	1074463244
 231 0098 78002E40 		.word	1076756600
 232 009c 7C002E40 		.word	1076756604
 233 00a0 6A2D0000 		.word	11626
 234 00a4 64F02E40 		.word	1076818020
 235 00a8 6CF02E40 		.word	1076818028
 236 00ac DC050000 		.word	1500
 237 00b0 08010B40 		.word	1074462984
 238 00b4 00010B40 		.word	1074462976
 239              		.cfi_endproc
 240              	.LFE5:
 241              		.size	ClockSetup, .-ClockSetup
 242              		.section	.text.AnalogSetDefault,"ax",%progbits
 243              		.align	2
 244              		.code	16
 245              		.thumb_func
 246              		.type	AnalogSetDefault, %function
 247              	AnalogSetDefault:
ARM GAS  C:\Users\Xavier\AppData\Local\Temp\ccixYqu9.s 			page 9


 248              	.LFB6:
 210:Generated_Source\PSoC4/cyfitter_cfg.c **** 
 211:Generated_Source\PSoC4/cyfitter_cfg.c **** 
 212:Generated_Source\PSoC4/cyfitter_cfg.c **** /* Analog API Functions */
 213:Generated_Source\PSoC4/cyfitter_cfg.c **** 
 214:Generated_Source\PSoC4/cyfitter_cfg.c **** 
 215:Generated_Source\PSoC4/cyfitter_cfg.c **** /*******************************************************************************
 216:Generated_Source\PSoC4/cyfitter_cfg.c **** * Function Name: AnalogSetDefault
 217:Generated_Source\PSoC4/cyfitter_cfg.c **** ********************************************************************************
 218:Generated_Source\PSoC4/cyfitter_cfg.c **** *
 219:Generated_Source\PSoC4/cyfitter_cfg.c **** * Summary:
 220:Generated_Source\PSoC4/cyfitter_cfg.c **** *  Sets up the analog portions of the chip to default values based on chip
 221:Generated_Source\PSoC4/cyfitter_cfg.c **** *  configuration options from the project.
 222:Generated_Source\PSoC4/cyfitter_cfg.c **** *
 223:Generated_Source\PSoC4/cyfitter_cfg.c **** * Parameters:
 224:Generated_Source\PSoC4/cyfitter_cfg.c **** *  void
 225:Generated_Source\PSoC4/cyfitter_cfg.c **** *
 226:Generated_Source\PSoC4/cyfitter_cfg.c **** * Return:
 227:Generated_Source\PSoC4/cyfitter_cfg.c **** *  void
 228:Generated_Source\PSoC4/cyfitter_cfg.c **** *
 229:Generated_Source\PSoC4/cyfitter_cfg.c **** *******************************************************************************/
 230:Generated_Source\PSoC4/cyfitter_cfg.c **** static void AnalogSetDefault(void);
 231:Generated_Source\PSoC4/cyfitter_cfg.c **** static void AnalogSetDefault(void)
 232:Generated_Source\PSoC4/cyfitter_cfg.c **** {
 249              		.loc 1 232 0
 250              		.cfi_startproc
 251              		@ args = 0, pretend = 0, frame = 0
 252              		@ frame_needed = 1, uses_anonymous_args = 0
 253 0000 80B5     		push	{r7, lr}
 254              		.cfi_def_cfa_offset 8
 255              		.cfi_offset 7, -8
 256              		.cfi_offset 14, -4
 257 0002 00AF     		add	r7, sp, #0
 258              		.cfi_def_cfa_register 7
 233:Generated_Source\PSoC4/cyfitter_cfg.c **** 	CY_SET_XTND_REG32((void CYFAR *)CYREG_CTBM0_DFT_CTRL, 0x00000003u);
 259              		.loc 1 233 0
 260 0004 054B     		ldr	r3, .L8
 261 0006 0322     		movs	r2, #3
 262 0008 1A60     		str	r2, [r3]
 234:Generated_Source\PSoC4/cyfitter_cfg.c **** 	CY_SET_XTND_REG32((void CYFAR *)CYREG_CTBM1_DFT_CTRL, 0x00000003u);
 263              		.loc 1 234 0
 264 000a 054B     		ldr	r3, .L8+4
 265 000c 0322     		movs	r2, #3
 266 000e 1A60     		str	r2, [r3]
 235:Generated_Source\PSoC4/cyfitter_cfg.c **** 	CY_SET_XTND_REG32((void CYFAR *)CYREG_PASS_DSAB_DSAB_CTRL, 0x00000000u);
 267              		.loc 1 235 0
 268 0010 044B     		ldr	r3, .L8+8
 269 0012 0022     		movs	r2, #0
 270 0014 1A60     		str	r2, [r3]
 236:Generated_Source\PSoC4/cyfitter_cfg.c **** }
 271              		.loc 1 236 0
 272 0016 C046     		nop
 273 0018 BD46     		mov	sp, r7
 274              		@ sp needed
 275 001a 80BD     		pop	{r7, pc}
 276              	.L9:
 277              		.align	2
ARM GAS  C:\Users\Xavier\AppData\Local\Temp\ccixYqu9.s 			page 10


 278              	.L8:
 279 001c 30003040 		.word	1076887600
 280 0020 30003140 		.word	1076953136
 281 0024 000E3F40 		.word	1077874176
 282              		.cfi_endproc
 283              	.LFE6:
 284              		.size	AnalogSetDefault, .-AnalogSetDefault
 285              		.section	.psocinit
 286              		.align	2
 287              		.global	cyfitter_cfg
 288              		.code	16
 289              		.thumb_func
 290              		.type	cyfitter_cfg, %function
 291              	cyfitter_cfg:
 292              	.LFB7:
 237:Generated_Source\PSoC4/cyfitter_cfg.c **** 
 238:Generated_Source\PSoC4/cyfitter_cfg.c **** 
 239:Generated_Source\PSoC4/cyfitter_cfg.c **** 
 240:Generated_Source\PSoC4/cyfitter_cfg.c **** 
 241:Generated_Source\PSoC4/cyfitter_cfg.c **** /*******************************************************************************
 242:Generated_Source\PSoC4/cyfitter_cfg.c **** * Function Name: cyfitter_cfg
 243:Generated_Source\PSoC4/cyfitter_cfg.c **** ********************************************************************************
 244:Generated_Source\PSoC4/cyfitter_cfg.c **** * Summary:
 245:Generated_Source\PSoC4/cyfitter_cfg.c **** *  This function is called by the start-up code for the selected device. It
 246:Generated_Source\PSoC4/cyfitter_cfg.c **** *  performs all of the necessary device configuration based on the design
 247:Generated_Source\PSoC4/cyfitter_cfg.c **** *  settings.  This includes settings from the Design Wide Resources (DWR) such
 248:Generated_Source\PSoC4/cyfitter_cfg.c **** *  as Clocks and Pins as well as any component configuration that is necessary.
 249:Generated_Source\PSoC4/cyfitter_cfg.c **** *
 250:Generated_Source\PSoC4/cyfitter_cfg.c **** * Parameters:
 251:Generated_Source\PSoC4/cyfitter_cfg.c **** *   void
 252:Generated_Source\PSoC4/cyfitter_cfg.c **** *
 253:Generated_Source\PSoC4/cyfitter_cfg.c **** * Return:
 254:Generated_Source\PSoC4/cyfitter_cfg.c **** *   void
 255:Generated_Source\PSoC4/cyfitter_cfg.c **** *
 256:Generated_Source\PSoC4/cyfitter_cfg.c **** *******************************************************************************/
 257:Generated_Source\PSoC4/cyfitter_cfg.c **** CY_CFG_SECTION
 258:Generated_Source\PSoC4/cyfitter_cfg.c **** void cyfitter_cfg(void)
 259:Generated_Source\PSoC4/cyfitter_cfg.c **** {
 293              		.loc 1 259 0
 294              		.cfi_startproc
 295              		@ args = 0, pretend = 0, frame = 8
 296              		@ frame_needed = 1, uses_anonymous_args = 0
 297 00b8 80B5     		push	{r7, lr}
 298              		.cfi_def_cfa_offset 8
 299              		.cfi_offset 7, -8
 300              		.cfi_offset 14, -4
 301 00ba 82B0     		sub	sp, sp, #8
 302              		.cfi_def_cfa_offset 16
 303 00bc 00AF     		add	r7, sp, #0
 304              		.cfi_def_cfa_register 7
 260:Generated_Source\PSoC4/cyfitter_cfg.c **** 	/* Disable interrupts by default. Let user enable if/when they want. */
 261:Generated_Source\PSoC4/cyfitter_cfg.c **** 	CyGlobalIntDisable;
 305              		.loc 1 261 0
 306              		.syntax divided
 307              	@ 261 "Generated_Source\PSoC4\cyfitter_cfg.c" 1
 308 00be 72B6     		CPSID   i
 309              	@ 0 "" 2
ARM GAS  C:\Users\Xavier\AppData\Local\Temp\ccixYqu9.s 			page 11


 262:Generated_Source\PSoC4/cyfitter_cfg.c **** 
 263:Generated_Source\PSoC4/cyfitter_cfg.c **** 	CY_SET_REG32((void *)(CYREG_BLE_BLESS_LL_DSM_CTRL), 0x00000000u);
 310              		.loc 1 263 0
 311              		.thumb
 312              		.syntax unified
 313 00c0 344B     		ldr	r3, .L13
 314 00c2 0022     		movs	r2, #0
 315 00c4 1A60     		str	r2, [r3]
 316              	.LBB2:
 264:Generated_Source\PSoC4/cyfitter_cfg.c **** 
 265:Generated_Source\PSoC4/cyfitter_cfg.c **** 	{
 266:Generated_Source\PSoC4/cyfitter_cfg.c **** 
 267:Generated_Source\PSoC4/cyfitter_cfg.c **** 		CYPACKED typedef struct {
 268:Generated_Source\PSoC4/cyfitter_cfg.c **** 			void CYFAR *address;
 269:Generated_Source\PSoC4/cyfitter_cfg.c **** 			uint16 size;
 270:Generated_Source\PSoC4/cyfitter_cfg.c **** 		} CYPACKED_ATTR cfg_memset_t;
 271:Generated_Source\PSoC4/cyfitter_cfg.c **** 
 272:Generated_Source\PSoC4/cyfitter_cfg.c **** 		static const cfg_memset_t CYCODE cfg_memset_list[] = {
 273:Generated_Source\PSoC4/cyfitter_cfg.c **** 			/* address, size */
 274:Generated_Source\PSoC4/cyfitter_cfg.c **** 			{(void CYFAR *)(CYDEV_UDB_P0_U0_BASE), 1024u},
 275:Generated_Source\PSoC4/cyfitter_cfg.c **** 			{(void CYFAR *)(CYDEV_UDB_DSI0_BASE), 1024u},
 276:Generated_Source\PSoC4/cyfitter_cfg.c **** 		};
 277:Generated_Source\PSoC4/cyfitter_cfg.c **** 
 278:Generated_Source\PSoC4/cyfitter_cfg.c **** 		uint8 CYDATA i;
 279:Generated_Source\PSoC4/cyfitter_cfg.c **** 
 280:Generated_Source\PSoC4/cyfitter_cfg.c **** 		/* Zero out critical memory blocks before beginning configuration */
 281:Generated_Source\PSoC4/cyfitter_cfg.c **** 		for (i = 0u; i < (sizeof(cfg_memset_list)/sizeof(cfg_memset_list[0])); i++)
 317              		.loc 1 281 0
 318 00c6 FB1D     		adds	r3, r7, #7
 319 00c8 0022     		movs	r2, #0
 320 00ca 1A70     		strb	r2, [r3]
 321 00cc 22E0     		b	.L11
 322              	.L12:
 323              	.LBB3:
 282:Generated_Source\PSoC4/cyfitter_cfg.c **** 		{
 283:Generated_Source\PSoC4/cyfitter_cfg.c **** 			const cfg_memset_t CYCODE * CYDATA ms = &cfg_memset_list[i];
 324              		.loc 1 283 0 discriminator 3
 325 00ce FB1D     		adds	r3, r7, #7
 326 00d0 1A78     		ldrb	r2, [r3]
 327 00d2 1300     		movs	r3, r2
 328 00d4 5B00     		lsls	r3, r3, #1
 329 00d6 9B18     		adds	r3, r3, r2
 330 00d8 5B00     		lsls	r3, r3, #1
 331 00da 2F4A     		ldr	r2, .L13+4
 332 00dc 9B18     		adds	r3, r3, r2
 333 00de 3B60     		str	r3, [r7]
 284:Generated_Source\PSoC4/cyfitter_cfg.c **** 			CYMEMZERO(ms->address, (size_t)(uint32)(ms->size));
 334              		.loc 1 284 0 discriminator 3
 335 00e0 3B68     		ldr	r3, [r7]
 336 00e2 1A78     		ldrb	r2, [r3]
 337 00e4 5978     		ldrb	r1, [r3, #1]
 338 00e6 0902     		lsls	r1, r1, #8
 339 00e8 0A43     		orrs	r2, r1
 340 00ea 9978     		ldrb	r1, [r3, #2]
 341 00ec 0904     		lsls	r1, r1, #16
 342 00ee 0A43     		orrs	r2, r1
 343 00f0 DB78     		ldrb	r3, [r3, #3]
ARM GAS  C:\Users\Xavier\AppData\Local\Temp\ccixYqu9.s 			page 12


 344 00f2 1B06     		lsls	r3, r3, #24
 345 00f4 1343     		orrs	r3, r2
 346 00f6 1800     		movs	r0, r3
 347 00f8 3B68     		ldr	r3, [r7]
 348 00fa 1A79     		ldrb	r2, [r3, #4]
 349 00fc 5B79     		ldrb	r3, [r3, #5]
 350 00fe 1B02     		lsls	r3, r3, #8
 351 0100 1343     		orrs	r3, r2
 352 0102 9BB2     		uxth	r3, r3
 353 0104 1900     		movs	r1, r3
 354 0106 FFF7FEFF 		bl	CYMEMZERO
 355              	.LBE3:
 281:Generated_Source\PSoC4/cyfitter_cfg.c **** 		{
 356              		.loc 1 281 0 discriminator 3
 357 010a FB1D     		adds	r3, r7, #7
 358 010c 1A78     		ldrb	r2, [r3]
 359 010e FB1D     		adds	r3, r7, #7
 360 0110 0132     		adds	r2, r2, #1
 361 0112 1A70     		strb	r2, [r3]
 362              	.L11:
 281:Generated_Source\PSoC4/cyfitter_cfg.c **** 		{
 363              		.loc 1 281 0 is_stmt 0 discriminator 1
 364 0114 FB1D     		adds	r3, r7, #7
 365 0116 1B78     		ldrb	r3, [r3]
 366 0118 012B     		cmp	r3, #1
 367 011a D8D9     		bls	.L12
 285:Generated_Source\PSoC4/cyfitter_cfg.c **** 		}
 286:Generated_Source\PSoC4/cyfitter_cfg.c **** 
 287:Generated_Source\PSoC4/cyfitter_cfg.c **** 		/* HSIOM Starting address: CYDEV_HSIOM_BASE */
 288:Generated_Source\PSoC4/cyfitter_cfg.c **** 		CY_SET_REG32((void *)(CYDEV_HSIOM_BASE), 0xEE000000u);
 368              		.loc 1 288 0 is_stmt 1
 369 011c 1F4B     		ldr	r3, .L13+8
 370 011e EE22     		movs	r2, #238
 371 0120 1206     		lsls	r2, r2, #24
 372 0122 1A60     		str	r2, [r3]
 289:Generated_Source\PSoC4/cyfitter_cfg.c **** 
 290:Generated_Source\PSoC4/cyfitter_cfg.c **** 		/* UDB_PA_0 Starting address: CYDEV_UDB_PA0_BASE */
 291:Generated_Source\PSoC4/cyfitter_cfg.c **** 		CY_SET_REG32((void *)(CYDEV_UDB_PA0_BASE), 0x00990000u);
 373              		.loc 1 291 0
 374 0124 1E4B     		ldr	r3, .L13+12
 375 0126 9922     		movs	r2, #153
 376 0128 1204     		lsls	r2, r2, #16
 377 012a 1A60     		str	r2, [r3]
 292:Generated_Source\PSoC4/cyfitter_cfg.c **** 
 293:Generated_Source\PSoC4/cyfitter_cfg.c **** 		/* UDB_PA_1 Starting address: CYDEV_UDB_PA1_BASE */
 294:Generated_Source\PSoC4/cyfitter_cfg.c **** 		CY_SET_REG32((void *)(CYDEV_UDB_PA1_BASE), 0x00990000u);
 378              		.loc 1 294 0
 379 012c 1D4B     		ldr	r3, .L13+16
 380 012e 9922     		movs	r2, #153
 381 0130 1204     		lsls	r2, r2, #16
 382 0132 1A60     		str	r2, [r3]
 295:Generated_Source\PSoC4/cyfitter_cfg.c **** 
 296:Generated_Source\PSoC4/cyfitter_cfg.c **** 		/* UDB_PA_2 Starting address: CYDEV_UDB_PA2_BASE */
 297:Generated_Source\PSoC4/cyfitter_cfg.c **** 		CY_SET_REG32((void *)(CYDEV_UDB_PA2_BASE), 0x00990000u);
 383              		.loc 1 297 0
 384 0134 1C4B     		ldr	r3, .L13+20
 385 0136 9922     		movs	r2, #153
ARM GAS  C:\Users\Xavier\AppData\Local\Temp\ccixYqu9.s 			page 13


 386 0138 1204     		lsls	r2, r2, #16
 387 013a 1A60     		str	r2, [r3]
 298:Generated_Source\PSoC4/cyfitter_cfg.c **** 
 299:Generated_Source\PSoC4/cyfitter_cfg.c **** 		/* UDB_PA_3 Starting address: CYDEV_UDB_PA3_BASE */
 300:Generated_Source\PSoC4/cyfitter_cfg.c **** 		CY_SET_REG32((void *)(CYDEV_UDB_PA3_BASE), 0x00990000u);
 388              		.loc 1 300 0
 389 013c 1B4B     		ldr	r3, .L13+24
 390 013e 9922     		movs	r2, #153
 391 0140 1204     		lsls	r2, r2, #16
 392 0142 1A60     		str	r2, [r3]
 301:Generated_Source\PSoC4/cyfitter_cfg.c **** 
 302:Generated_Source\PSoC4/cyfitter_cfg.c **** 		/* Enable digital routing */
 303:Generated_Source\PSoC4/cyfitter_cfg.c **** 		CY_SET_XTND_REG8((void *)CYREG_UDB_UDBIF_BANK_CTL, (uint8)(CY_GET_XTND_REG8((void *)CYREG_UDB_UDB
 393              		.loc 1 303 0
 394 0144 1A4A     		ldr	r2, .L13+28
 395 0146 1A4B     		ldr	r3, .L13+28
 396 0148 1B78     		ldrb	r3, [r3]
 397 014a DBB2     		uxtb	r3, r3
 398 014c 0621     		movs	r1, #6
 399 014e 0B43     		orrs	r3, r1
 400 0150 DBB2     		uxtb	r3, r3
 401 0152 1370     		strb	r3, [r2]
 402              	.LBE2:
 304:Generated_Source\PSoC4/cyfitter_cfg.c **** 	}
 305:Generated_Source\PSoC4/cyfitter_cfg.c **** 
 306:Generated_Source\PSoC4/cyfitter_cfg.c **** 	/* Perform second pass device configuration. These items must be configured in specific order afte
 307:Generated_Source\PSoC4/cyfitter_cfg.c **** 	/* IOPINS0_0 Starting address: CYDEV_GPIO_PRT0_BASE */
 308:Generated_Source\PSoC4/cyfitter_cfg.c **** 	CY_SET_REG32((void *)(CYREG_GPIO_PRT0_PC), 0x00D80000u);
 403              		.loc 1 308 0
 404 0154 174B     		ldr	r3, .L13+32
 405 0156 D822     		movs	r2, #216
 406 0158 1204     		lsls	r2, r2, #16
 407 015a 1A60     		str	r2, [r3]
 309:Generated_Source\PSoC4/cyfitter_cfg.c **** 
 310:Generated_Source\PSoC4/cyfitter_cfg.c **** 	/* IOPINS0_1 Starting address: CYDEV_GPIO_PRT1_BASE */
 311:Generated_Source\PSoC4/cyfitter_cfg.c **** 	CY_SET_REG32((void *)(CYREG_GPIO_PRT1_PC), 0x00000249u);
 408              		.loc 1 311 0
 409 015c 164B     		ldr	r3, .L13+36
 410 015e 174A     		ldr	r2, .L13+40
 411 0160 1A60     		str	r2, [r3]
 312:Generated_Source\PSoC4/cyfitter_cfg.c **** 
 313:Generated_Source\PSoC4/cyfitter_cfg.c **** 	/* IOPINS0_2 Starting address: CYDEV_GPIO_PRT2_BASE */
 314:Generated_Source\PSoC4/cyfitter_cfg.c **** 	CY_SET_REG32((void *)(CYDEV_GPIO_PRT2_BASE), 0x000000DFu);
 412              		.loc 1 314 0
 413 0162 174B     		ldr	r3, .L13+44
 414 0164 DF22     		movs	r2, #223
 415 0166 1A60     		str	r2, [r3]
 315:Generated_Source\PSoC4/cyfitter_cfg.c **** 	CY_SET_REG32((void *)(CYREG_GPIO_PRT2_PC), 0x00585B6Du);
 416              		.loc 1 315 0
 417 0168 164B     		ldr	r3, .L13+48
 418 016a 174A     		ldr	r2, .L13+52
 419 016c 1A60     		str	r2, [r3]
 316:Generated_Source\PSoC4/cyfitter_cfg.c **** 	CY_SET_REG32((void *)(CYREG_GPIO_PRT2_INTR_CFG), 0x00004000u);
 420              		.loc 1 316 0
 421 016e 174B     		ldr	r3, .L13+56
 422 0170 8022     		movs	r2, #128
 423 0172 D201     		lsls	r2, r2, #7
ARM GAS  C:\Users\Xavier\AppData\Local\Temp\ccixYqu9.s 			page 14


 424 0174 1A60     		str	r2, [r3]
 317:Generated_Source\PSoC4/cyfitter_cfg.c **** 
 318:Generated_Source\PSoC4/cyfitter_cfg.c **** 	/* IOPINS0_3 Starting address: CYDEV_GPIO_PRT3_BASE */
 319:Generated_Source\PSoC4/cyfitter_cfg.c **** 	CY_SET_REG32((void *)(CYDEV_GPIO_PRT3_BASE), 0x000000C0u);
 425              		.loc 1 319 0
 426 0176 164B     		ldr	r3, .L13+60
 427 0178 C022     		movs	r2, #192
 428 017a 1A60     		str	r2, [r3]
 320:Generated_Source\PSoC4/cyfitter_cfg.c **** 	CY_SET_REG32((void *)(CYREG_GPIO_PRT3_PC), 0x00D80000u);
 429              		.loc 1 320 0
 430 017c 154B     		ldr	r3, .L13+64
 431 017e D822     		movs	r2, #216
 432 0180 1204     		lsls	r2, r2, #16
 433 0182 1A60     		str	r2, [r3]
 321:Generated_Source\PSoC4/cyfitter_cfg.c **** 
 322:Generated_Source\PSoC4/cyfitter_cfg.c **** 
 323:Generated_Source\PSoC4/cyfitter_cfg.c **** 	/* Setup clocks based on selections from Clock DWR */
 324:Generated_Source\PSoC4/cyfitter_cfg.c **** 	ClockSetup();
 434              		.loc 1 324 0
 435 0184 FFF73CFF 		bl	ClockSetup
 325:Generated_Source\PSoC4/cyfitter_cfg.c **** 
 326:Generated_Source\PSoC4/cyfitter_cfg.c **** 	/* Perform basic analog initialization to defaults */
 327:Generated_Source\PSoC4/cyfitter_cfg.c **** 	AnalogSetDefault();
 436              		.loc 1 327 0
 437 0188 FFF7FEFF 		bl	AnalogSetDefault
 328:Generated_Source\PSoC4/cyfitter_cfg.c **** 
 329:Generated_Source\PSoC4/cyfitter_cfg.c **** }
 438              		.loc 1 329 0
 439 018c C046     		nop
 440 018e BD46     		mov	sp, r7
 441 0190 02B0     		add	sp, sp, #8
 442              		@ sp needed
 443 0192 80BD     		pop	{r7, pc}
 444              	.L14:
 445              		.align	2
 446              	.L13:
 447 0194 6CF02E40 		.word	1076818028
 448 0198 00000000 		.word	cfg_memset_list.4884
 449 019c 00000240 		.word	1073872896
 450 01a0 00500F40 		.word	1074745344
 451 01a4 10500F40 		.word	1074745360
 452 01a8 20500F40 		.word	1074745376
 453 01ac 30500F40 		.word	1074745392
 454 01b0 00700F40 		.word	1074753536
 455 01b4 08000440 		.word	1074003976
 456 01b8 08010440 		.word	1074004232
 457 01bc 49020000 		.word	585
 458 01c0 00020440 		.word	1074004480
 459 01c4 08020440 		.word	1074004488
 460 01c8 6D5B5800 		.word	5790573
 461 01cc 0C020440 		.word	1074004492
 462 01d0 00030440 		.word	1074004736
 463 01d4 08030440 		.word	1074004744
 464              		.cfi_endproc
 465              	.LFE7:
 466              		.size	cyfitter_cfg, .-cyfitter_cfg
 467              		.section	.rodata
ARM GAS  C:\Users\Xavier\AppData\Local\Temp\ccixYqu9.s 			page 15


 468              		.align	2
 469              		.type	cfg_memset_list.4884, %object
 470              		.size	cfg_memset_list.4884, 12
 471              	cfg_memset_list.4884:
 472 0000 00300F40 		.word	1074737152
 473 0004 0004     		.short	1024
 474 0006 00400F40 		.4byte	1074741248
 475 000a 0004     		.short	1024
 476              		.text
 477              	.Letext0:
 478              		.file 2 "c:\\program files (x86)\\cypress\\psoc creator\\4.4\\psoc creator\\import\\gnu\\arm\\5.4.
 479              		.file 3 "Generated_Source\\PSoC4\\cytypes.h"
 480              		.section	.debug_info,"",%progbits
 481              	.Ldebug_info0:
 482 0000 55020000 		.4byte	0x255
 483 0004 0400     		.2byte	0x4
 484 0006 00000000 		.4byte	.Ldebug_abbrev0
 485 000a 04       		.byte	0x4
 486 000b 01       		.uleb128 0x1
 487 000c C0000000 		.4byte	.LASF30
 488 0010 0C       		.byte	0xc
 489 0011 FE010000 		.4byte	.LASF31
 490 0015 4C000000 		.4byte	.LASF32
 491 0019 00000000 		.4byte	.Ldebug_ranges0+0
 492 001d 00000000 		.4byte	0
 493 0021 00000000 		.4byte	.Ldebug_line0
 494 0025 02       		.uleb128 0x2
 495 0026 04       		.byte	0x4
 496 0027 05       		.byte	0x5
 497 0028 696E7400 		.ascii	"int\000"
 498 002c 03       		.uleb128 0x3
 499 002d 06000000 		.4byte	.LASF12
 500 0031 02       		.byte	0x2
 501 0032 D8       		.byte	0xd8
 502 0033 37000000 		.4byte	0x37
 503 0037 04       		.uleb128 0x4
 504 0038 04       		.byte	0x4
 505 0039 07       		.byte	0x7
 506 003a 7E010000 		.4byte	.LASF0
 507 003e 04       		.uleb128 0x4
 508 003f 08       		.byte	0x8
 509 0040 05       		.byte	0x5
 510 0041 C0010000 		.4byte	.LASF1
 511 0045 04       		.uleb128 0x4
 512 0046 08       		.byte	0x8
 513 0047 04       		.byte	0x4
 514 0048 E6010000 		.4byte	.LASF2
 515 004c 04       		.uleb128 0x4
 516 004d 01       		.byte	0x1
 517 004e 06       		.byte	0x6
 518 004f F2010000 		.4byte	.LASF3
 519 0053 04       		.uleb128 0x4
 520 0054 01       		.byte	0x1
 521 0055 08       		.byte	0x8
 522 0056 4E010000 		.4byte	.LASF4
 523 005a 04       		.uleb128 0x4
 524 005b 02       		.byte	0x2
ARM GAS  C:\Users\Xavier\AppData\Local\Temp\ccixYqu9.s 			page 16


 525 005c 05       		.byte	0x5
 526 005d D3010000 		.4byte	.LASF5
 527 0061 04       		.uleb128 0x4
 528 0062 02       		.byte	0x2
 529 0063 07       		.byte	0x7
 530 0064 39000000 		.4byte	.LASF6
 531 0068 04       		.uleb128 0x4
 532 0069 04       		.byte	0x4
 533 006a 05       		.byte	0x5
 534 006b DD010000 		.4byte	.LASF7
 535 006f 04       		.uleb128 0x4
 536 0070 04       		.byte	0x4
 537 0071 07       		.byte	0x7
 538 0072 9E000000 		.4byte	.LASF8
 539 0076 04       		.uleb128 0x4
 540 0077 08       		.byte	0x8
 541 0078 07       		.byte	0x7
 542 0079 93010000 		.4byte	.LASF9
 543 007d 04       		.uleb128 0x4
 544 007e 04       		.byte	0x4
 545 007f 07       		.byte	0x7
 546 0080 B7010000 		.4byte	.LASF10
 547 0084 05       		.uleb128 0x5
 548 0085 04       		.byte	0x4
 549 0086 04       		.uleb128 0x4
 550 0087 01       		.byte	0x1
 551 0088 08       		.byte	0x8
 552 0089 CE010000 		.4byte	.LASF11
 553 008d 06       		.uleb128 0x6
 554 008e B0000000 		.4byte	.LASF13
 555 0092 03       		.byte	0x3
 556 0093 D201     		.2byte	0x1d2
 557 0095 53000000 		.4byte	0x53
 558 0099 06       		.uleb128 0x6
 559 009a 70010000 		.4byte	.LASF14
 560 009e 03       		.byte	0x3
 561 009f D301     		.2byte	0x1d3
 562 00a1 61000000 		.4byte	0x61
 563 00a5 06       		.uleb128 0x6
 564 00a6 77010000 		.4byte	.LASF15
 565 00aa 03       		.byte	0x3
 566 00ab D401     		.2byte	0x1d4
 567 00ad 6F000000 		.4byte	0x6f
 568 00b1 04       		.uleb128 0x4
 569 00b2 04       		.byte	0x4
 570 00b3 04       		.byte	0x4
 571 00b4 89000000 		.4byte	.LASF16
 572 00b8 04       		.uleb128 0x4
 573 00b9 08       		.byte	0x8
 574 00ba 04       		.byte	0x4
 575 00bb 5C010000 		.4byte	.LASF17
 576 00bf 06       		.uleb128 0x6
 577 00c0 99000000 		.4byte	.LASF18
 578 00c4 03       		.byte	0x3
 579 00c5 7C02     		.2byte	0x27c
 580 00c7 CB000000 		.4byte	0xcb
 581 00cb 07       		.uleb128 0x7
ARM GAS  C:\Users\Xavier\AppData\Local\Temp\ccixYqu9.s 			page 17


 582 00cc 8D000000 		.4byte	0x8d
 583 00d0 06       		.uleb128 0x6
 584 00d1 00000000 		.4byte	.LASF19
 585 00d5 03       		.byte	0x3
 586 00d6 7E02     		.2byte	0x27e
 587 00d8 DC000000 		.4byte	0xdc
 588 00dc 07       		.uleb128 0x7
 589 00dd A5000000 		.4byte	0xa5
 590 00e1 08       		.uleb128 0x8
 591 00e2 B6000000 		.4byte	.LASF20
 592 00e6 01       		.byte	0x1
 593 00e7 4B       		.byte	0x4b
 594 00e8 00000000 		.4byte	.LFB2
 595 00ec 1E000000 		.4byte	.LFE2-.LFB2
 596 00f0 01       		.uleb128 0x1
 597 00f1 9C       		.byte	0x9c
 598 00f2 0F010000 		.4byte	0x10f
 599 00f6 09       		.uleb128 0x9
 600 00f7 7300     		.ascii	"s\000"
 601 00f9 01       		.byte	0x1
 602 00fa 4B       		.byte	0x4b
 603 00fb 84000000 		.4byte	0x84
 604 00ff 02       		.uleb128 0x2
 605 0100 91       		.byte	0x91
 606 0101 74       		.sleb128 -12
 607 0102 09       		.uleb128 0x9
 608 0103 6E00     		.ascii	"n\000"
 609 0105 01       		.byte	0x1
 610 0106 4B       		.byte	0x4b
 611 0107 2C000000 		.4byte	0x2c
 612 010b 02       		.uleb128 0x2
 613 010c 91       		.byte	0x91
 614 010d 70       		.sleb128 -16
 615 010e 00       		.byte	0
 616 010f 08       		.uleb128 0x8
 617 0110 34020000 		.4byte	.LASF21
 618 0114 01       		.byte	0x1
 619 0115 52       		.byte	0x52
 620 0116 00000000 		.4byte	.LFB3
 621 011a 20000000 		.4byte	.LFE3-.LFB3
 622 011e 01       		.uleb128 0x1
 623 011f 9C       		.byte	0x9c
 624 0120 4D010000 		.4byte	0x14d
 625 0124 0A       		.uleb128 0xa
 626 0125 8F000000 		.4byte	.LASF22
 627 0129 01       		.byte	0x1
 628 012a 52       		.byte	0x52
 629 012b 84000000 		.4byte	0x84
 630 012f 02       		.uleb128 0x2
 631 0130 91       		.byte	0x91
 632 0131 74       		.sleb128 -12
 633 0132 09       		.uleb128 0x9
 634 0133 73726300 		.ascii	"src\000"
 635 0137 01       		.byte	0x1
 636 0138 52       		.byte	0x52
 637 0139 4D010000 		.4byte	0x14d
 638 013d 02       		.uleb128 0x2
ARM GAS  C:\Users\Xavier\AppData\Local\Temp\ccixYqu9.s 			page 18


 639 013e 91       		.byte	0x91
 640 013f 70       		.sleb128 -16
 641 0140 09       		.uleb128 0x9
 642 0141 6E00     		.ascii	"n\000"
 643 0143 01       		.byte	0x1
 644 0144 52       		.byte	0x52
 645 0145 2C000000 		.4byte	0x2c
 646 0149 02       		.uleb128 0x2
 647 014a 91       		.byte	0x91
 648 014b 6C       		.sleb128 -20
 649 014c 00       		.byte	0
 650 014d 0B       		.uleb128 0xb
 651 014e 04       		.byte	0x4
 652 014f 53010000 		.4byte	0x153
 653 0153 0C       		.uleb128 0xc
 654 0154 08       		.uleb128 0x8
 655 0155 24020000 		.4byte	.LASF23
 656 0159 01       		.byte	0x1
 657 015a 59       		.byte	0x59
 658 015b 00000000 		.4byte	.LFB4
 659 015f 20000000 		.4byte	.LFE4-.LFB4
 660 0163 01       		.uleb128 0x1
 661 0164 9C       		.byte	0x9c
 662 0165 92010000 		.4byte	0x192
 663 0169 0A       		.uleb128 0xa
 664 016a 8F000000 		.4byte	.LASF22
 665 016e 01       		.byte	0x1
 666 016f 59       		.byte	0x59
 667 0170 84000000 		.4byte	0x84
 668 0174 02       		.uleb128 0x2
 669 0175 91       		.byte	0x91
 670 0176 74       		.sleb128 -12
 671 0177 09       		.uleb128 0x9
 672 0178 73726300 		.ascii	"src\000"
 673 017c 01       		.byte	0x1
 674 017d 59       		.byte	0x59
 675 017e 4D010000 		.4byte	0x14d
 676 0182 02       		.uleb128 0x2
 677 0183 91       		.byte	0x91
 678 0184 70       		.sleb128 -16
 679 0185 09       		.uleb128 0x9
 680 0186 6E00     		.ascii	"n\000"
 681 0188 01       		.byte	0x1
 682 0189 59       		.byte	0x59
 683 018a 2C000000 		.4byte	0x2c
 684 018e 02       		.uleb128 0x2
 685 018f 91       		.byte	0x91
 686 0190 6C       		.sleb128 -20
 687 0191 00       		.byte	0
 688 0192 0D       		.uleb128 0xd
 689 0193 2E000000 		.4byte	.LASF24
 690 0197 01       		.byte	0x1
 691 0198 A9       		.byte	0xa9
 692 0199 00000000 		.4byte	.LFB5
 693 019d B8000000 		.4byte	.LFE5-.LFB5
 694 01a1 01       		.uleb128 0x1
 695 01a2 9C       		.byte	0x9c
ARM GAS  C:\Users\Xavier\AppData\Local\Temp\ccixYqu9.s 			page 19


 696 01a3 0E       		.uleb128 0xe
 697 01a4 0D000000 		.4byte	.LASF25
 698 01a8 01       		.byte	0x1
 699 01a9 E7       		.byte	0xe7
 700 01aa 00000000 		.4byte	.LFB6
 701 01ae 28000000 		.4byte	.LFE6-.LFB6
 702 01b2 01       		.uleb128 0x1
 703 01b3 9C       		.byte	0x9c
 704 01b4 0F       		.uleb128 0xf
 705 01b5 63010000 		.4byte	.LASF33
 706 01b9 01       		.byte	0x1
 707 01ba 0201     		.2byte	0x102
 708 01bc B8000000 		.4byte	.LFB7
 709 01c0 20010000 		.4byte	.LFE7-.LFB7
 710 01c4 01       		.uleb128 0x1
 711 01c5 9C       		.byte	0x9c
 712 01c6 10       		.uleb128 0x10
 713 01c7 C6000000 		.4byte	.LBB2
 714 01cb 8E000000 		.4byte	.LBE2-.LBB2
 715 01cf 11       		.uleb128 0x11
 716 01d0 06       		.byte	0x6
 717 01d1 01       		.byte	0x1
 718 01d2 0B01     		.2byte	0x10b
 719 01d4 F3010000 		.4byte	0x1f3
 720 01d8 12       		.uleb128 0x12
 721 01d9 8B010000 		.4byte	.LASF26
 722 01dd 01       		.byte	0x1
 723 01de 0C01     		.2byte	0x10c
 724 01e0 84000000 		.4byte	0x84
 725 01e4 00       		.byte	0
 726 01e5 12       		.uleb128 0x12
 727 01e6 94000000 		.4byte	.LASF27
 728 01ea 01       		.byte	0x1
 729 01eb 0D01     		.2byte	0x10d
 730 01ed 99000000 		.4byte	0x99
 731 01f1 04       		.byte	0x4
 732 01f2 00       		.byte	0
 733 01f3 06       		.uleb128 0x6
 734 01f4 AA010000 		.4byte	.LASF28
 735 01f8 01       		.byte	0x1
 736 01f9 0E01     		.2byte	0x10e
 737 01fb CF010000 		.4byte	0x1cf
 738 01ff 13       		.uleb128 0x13
 739 0200 0F020000 		.4byte	0x20f
 740 0204 0F020000 		.4byte	0x20f
 741 0208 14       		.uleb128 0x14
 742 0209 7D000000 		.4byte	0x7d
 743 020d 01       		.byte	0x1
 744 020e 00       		.byte	0
 745 020f 15       		.uleb128 0x15
 746 0210 F3010000 		.4byte	0x1f3
 747 0214 16       		.uleb128 0x16
 748 0215 1E000000 		.4byte	.LASF29
 749 0219 01       		.byte	0x1
 750 021a 1001     		.2byte	0x110
 751 021c 26020000 		.4byte	0x226
 752 0220 05       		.uleb128 0x5
ARM GAS  C:\Users\Xavier\AppData\Local\Temp\ccixYqu9.s 			page 20


 753 0221 03       		.byte	0x3
 754 0222 00000000 		.4byte	cfg_memset_list.4884
 755 0226 15       		.uleb128 0x15
 756 0227 FF010000 		.4byte	0x1ff
 757 022b 17       		.uleb128 0x17
 758 022c 6900     		.ascii	"i\000"
 759 022e 01       		.byte	0x1
 760 022f 1601     		.2byte	0x116
 761 0231 8D000000 		.4byte	0x8d
 762 0235 02       		.uleb128 0x2
 763 0236 91       		.byte	0x91
 764 0237 77       		.sleb128 -9
 765 0238 10       		.uleb128 0x10
 766 0239 CE000000 		.4byte	.LBB3
 767 023d 3C000000 		.4byte	.LBE3-.LBB3
 768 0241 17       		.uleb128 0x17
 769 0242 6D7300   		.ascii	"ms\000"
 770 0245 01       		.byte	0x1
 771 0246 1B01     		.2byte	0x11b
 772 0248 4F020000 		.4byte	0x24f
 773 024c 02       		.uleb128 0x2
 774 024d 91       		.byte	0x91
 775 024e 70       		.sleb128 -16
 776 024f 0B       		.uleb128 0xb
 777 0250 04       		.byte	0x4
 778 0251 0F020000 		.4byte	0x20f
 779 0255 00       		.byte	0
 780 0256 00       		.byte	0
 781 0257 00       		.byte	0
 782 0258 00       		.byte	0
 783              		.section	.debug_abbrev,"",%progbits
 784              	.Ldebug_abbrev0:
 785 0000 01       		.uleb128 0x1
 786 0001 11       		.uleb128 0x11
 787 0002 01       		.byte	0x1
 788 0003 25       		.uleb128 0x25
 789 0004 0E       		.uleb128 0xe
 790 0005 13       		.uleb128 0x13
 791 0006 0B       		.uleb128 0xb
 792 0007 03       		.uleb128 0x3
 793 0008 0E       		.uleb128 0xe
 794 0009 1B       		.uleb128 0x1b
 795 000a 0E       		.uleb128 0xe
 796 000b 55       		.uleb128 0x55
 797 000c 17       		.uleb128 0x17
 798 000d 11       		.uleb128 0x11
 799 000e 01       		.uleb128 0x1
 800 000f 10       		.uleb128 0x10
 801 0010 17       		.uleb128 0x17
 802 0011 00       		.byte	0
 803 0012 00       		.byte	0
 804 0013 02       		.uleb128 0x2
 805 0014 24       		.uleb128 0x24
 806 0015 00       		.byte	0
 807 0016 0B       		.uleb128 0xb
 808 0017 0B       		.uleb128 0xb
 809 0018 3E       		.uleb128 0x3e
ARM GAS  C:\Users\Xavier\AppData\Local\Temp\ccixYqu9.s 			page 21


 810 0019 0B       		.uleb128 0xb
 811 001a 03       		.uleb128 0x3
 812 001b 08       		.uleb128 0x8
 813 001c 00       		.byte	0
 814 001d 00       		.byte	0
 815 001e 03       		.uleb128 0x3
 816 001f 16       		.uleb128 0x16
 817 0020 00       		.byte	0
 818 0021 03       		.uleb128 0x3
 819 0022 0E       		.uleb128 0xe
 820 0023 3A       		.uleb128 0x3a
 821 0024 0B       		.uleb128 0xb
 822 0025 3B       		.uleb128 0x3b
 823 0026 0B       		.uleb128 0xb
 824 0027 49       		.uleb128 0x49
 825 0028 13       		.uleb128 0x13
 826 0029 00       		.byte	0
 827 002a 00       		.byte	0
 828 002b 04       		.uleb128 0x4
 829 002c 24       		.uleb128 0x24
 830 002d 00       		.byte	0
 831 002e 0B       		.uleb128 0xb
 832 002f 0B       		.uleb128 0xb
 833 0030 3E       		.uleb128 0x3e
 834 0031 0B       		.uleb128 0xb
 835 0032 03       		.uleb128 0x3
 836 0033 0E       		.uleb128 0xe
 837 0034 00       		.byte	0
 838 0035 00       		.byte	0
 839 0036 05       		.uleb128 0x5
 840 0037 0F       		.uleb128 0xf
 841 0038 00       		.byte	0
 842 0039 0B       		.uleb128 0xb
 843 003a 0B       		.uleb128 0xb
 844 003b 00       		.byte	0
 845 003c 00       		.byte	0
 846 003d 06       		.uleb128 0x6
 847 003e 16       		.uleb128 0x16
 848 003f 00       		.byte	0
 849 0040 03       		.uleb128 0x3
 850 0041 0E       		.uleb128 0xe
 851 0042 3A       		.uleb128 0x3a
 852 0043 0B       		.uleb128 0xb
 853 0044 3B       		.uleb128 0x3b
 854 0045 05       		.uleb128 0x5
 855 0046 49       		.uleb128 0x49
 856 0047 13       		.uleb128 0x13
 857 0048 00       		.byte	0
 858 0049 00       		.byte	0
 859 004a 07       		.uleb128 0x7
 860 004b 35       		.uleb128 0x35
 861 004c 00       		.byte	0
 862 004d 49       		.uleb128 0x49
 863 004e 13       		.uleb128 0x13
 864 004f 00       		.byte	0
 865 0050 00       		.byte	0
 866 0051 08       		.uleb128 0x8
ARM GAS  C:\Users\Xavier\AppData\Local\Temp\ccixYqu9.s 			page 22


 867 0052 2E       		.uleb128 0x2e
 868 0053 01       		.byte	0x1
 869 0054 03       		.uleb128 0x3
 870 0055 0E       		.uleb128 0xe
 871 0056 3A       		.uleb128 0x3a
 872 0057 0B       		.uleb128 0xb
 873 0058 3B       		.uleb128 0x3b
 874 0059 0B       		.uleb128 0xb
 875 005a 27       		.uleb128 0x27
 876 005b 19       		.uleb128 0x19
 877 005c 11       		.uleb128 0x11
 878 005d 01       		.uleb128 0x1
 879 005e 12       		.uleb128 0x12
 880 005f 06       		.uleb128 0x6
 881 0060 40       		.uleb128 0x40
 882 0061 18       		.uleb128 0x18
 883 0062 9642     		.uleb128 0x2116
 884 0064 19       		.uleb128 0x19
 885 0065 01       		.uleb128 0x1
 886 0066 13       		.uleb128 0x13
 887 0067 00       		.byte	0
 888 0068 00       		.byte	0
 889 0069 09       		.uleb128 0x9
 890 006a 05       		.uleb128 0x5
 891 006b 00       		.byte	0
 892 006c 03       		.uleb128 0x3
 893 006d 08       		.uleb128 0x8
 894 006e 3A       		.uleb128 0x3a
 895 006f 0B       		.uleb128 0xb
 896 0070 3B       		.uleb128 0x3b
 897 0071 0B       		.uleb128 0xb
 898 0072 49       		.uleb128 0x49
 899 0073 13       		.uleb128 0x13
 900 0074 02       		.uleb128 0x2
 901 0075 18       		.uleb128 0x18
 902 0076 00       		.byte	0
 903 0077 00       		.byte	0
 904 0078 0A       		.uleb128 0xa
 905 0079 05       		.uleb128 0x5
 906 007a 00       		.byte	0
 907 007b 03       		.uleb128 0x3
 908 007c 0E       		.uleb128 0xe
 909 007d 3A       		.uleb128 0x3a
 910 007e 0B       		.uleb128 0xb
 911 007f 3B       		.uleb128 0x3b
 912 0080 0B       		.uleb128 0xb
 913 0081 49       		.uleb128 0x49
 914 0082 13       		.uleb128 0x13
 915 0083 02       		.uleb128 0x2
 916 0084 18       		.uleb128 0x18
 917 0085 00       		.byte	0
 918 0086 00       		.byte	0
 919 0087 0B       		.uleb128 0xb
 920 0088 0F       		.uleb128 0xf
 921 0089 00       		.byte	0
 922 008a 0B       		.uleb128 0xb
 923 008b 0B       		.uleb128 0xb
ARM GAS  C:\Users\Xavier\AppData\Local\Temp\ccixYqu9.s 			page 23


 924 008c 49       		.uleb128 0x49
 925 008d 13       		.uleb128 0x13
 926 008e 00       		.byte	0
 927 008f 00       		.byte	0
 928 0090 0C       		.uleb128 0xc
 929 0091 26       		.uleb128 0x26
 930 0092 00       		.byte	0
 931 0093 00       		.byte	0
 932 0094 00       		.byte	0
 933 0095 0D       		.uleb128 0xd
 934 0096 2E       		.uleb128 0x2e
 935 0097 00       		.byte	0
 936 0098 03       		.uleb128 0x3
 937 0099 0E       		.uleb128 0xe
 938 009a 3A       		.uleb128 0x3a
 939 009b 0B       		.uleb128 0xb
 940 009c 3B       		.uleb128 0x3b
 941 009d 0B       		.uleb128 0xb
 942 009e 27       		.uleb128 0x27
 943 009f 19       		.uleb128 0x19
 944 00a0 11       		.uleb128 0x11
 945 00a1 01       		.uleb128 0x1
 946 00a2 12       		.uleb128 0x12
 947 00a3 06       		.uleb128 0x6
 948 00a4 40       		.uleb128 0x40
 949 00a5 18       		.uleb128 0x18
 950 00a6 9642     		.uleb128 0x2116
 951 00a8 19       		.uleb128 0x19
 952 00a9 00       		.byte	0
 953 00aa 00       		.byte	0
 954 00ab 0E       		.uleb128 0xe
 955 00ac 2E       		.uleb128 0x2e
 956 00ad 00       		.byte	0
 957 00ae 03       		.uleb128 0x3
 958 00af 0E       		.uleb128 0xe
 959 00b0 3A       		.uleb128 0x3a
 960 00b1 0B       		.uleb128 0xb
 961 00b2 3B       		.uleb128 0x3b
 962 00b3 0B       		.uleb128 0xb
 963 00b4 27       		.uleb128 0x27
 964 00b5 19       		.uleb128 0x19
 965 00b6 11       		.uleb128 0x11
 966 00b7 01       		.uleb128 0x1
 967 00b8 12       		.uleb128 0x12
 968 00b9 06       		.uleb128 0x6
 969 00ba 40       		.uleb128 0x40
 970 00bb 18       		.uleb128 0x18
 971 00bc 9742     		.uleb128 0x2117
 972 00be 19       		.uleb128 0x19
 973 00bf 00       		.byte	0
 974 00c0 00       		.byte	0
 975 00c1 0F       		.uleb128 0xf
 976 00c2 2E       		.uleb128 0x2e
 977 00c3 01       		.byte	0x1
 978 00c4 3F       		.uleb128 0x3f
 979 00c5 19       		.uleb128 0x19
 980 00c6 03       		.uleb128 0x3
ARM GAS  C:\Users\Xavier\AppData\Local\Temp\ccixYqu9.s 			page 24


 981 00c7 0E       		.uleb128 0xe
 982 00c8 3A       		.uleb128 0x3a
 983 00c9 0B       		.uleb128 0xb
 984 00ca 3B       		.uleb128 0x3b
 985 00cb 05       		.uleb128 0x5
 986 00cc 27       		.uleb128 0x27
 987 00cd 19       		.uleb128 0x19
 988 00ce 11       		.uleb128 0x11
 989 00cf 01       		.uleb128 0x1
 990 00d0 12       		.uleb128 0x12
 991 00d1 06       		.uleb128 0x6
 992 00d2 40       		.uleb128 0x40
 993 00d3 18       		.uleb128 0x18
 994 00d4 9642     		.uleb128 0x2116
 995 00d6 19       		.uleb128 0x19
 996 00d7 00       		.byte	0
 997 00d8 00       		.byte	0
 998 00d9 10       		.uleb128 0x10
 999 00da 0B       		.uleb128 0xb
 1000 00db 01       		.byte	0x1
 1001 00dc 11       		.uleb128 0x11
 1002 00dd 01       		.uleb128 0x1
 1003 00de 12       		.uleb128 0x12
 1004 00df 06       		.uleb128 0x6
 1005 00e0 00       		.byte	0
 1006 00e1 00       		.byte	0
 1007 00e2 11       		.uleb128 0x11
 1008 00e3 13       		.uleb128 0x13
 1009 00e4 01       		.byte	0x1
 1010 00e5 0B       		.uleb128 0xb
 1011 00e6 0B       		.uleb128 0xb
 1012 00e7 3A       		.uleb128 0x3a
 1013 00e8 0B       		.uleb128 0xb
 1014 00e9 3B       		.uleb128 0x3b
 1015 00ea 05       		.uleb128 0x5
 1016 00eb 01       		.uleb128 0x1
 1017 00ec 13       		.uleb128 0x13
 1018 00ed 00       		.byte	0
 1019 00ee 00       		.byte	0
 1020 00ef 12       		.uleb128 0x12
 1021 00f0 0D       		.uleb128 0xd
 1022 00f1 00       		.byte	0
 1023 00f2 03       		.uleb128 0x3
 1024 00f3 0E       		.uleb128 0xe
 1025 00f4 3A       		.uleb128 0x3a
 1026 00f5 0B       		.uleb128 0xb
 1027 00f6 3B       		.uleb128 0x3b
 1028 00f7 05       		.uleb128 0x5
 1029 00f8 49       		.uleb128 0x49
 1030 00f9 13       		.uleb128 0x13
 1031 00fa 38       		.uleb128 0x38
 1032 00fb 0B       		.uleb128 0xb
 1033 00fc 00       		.byte	0
 1034 00fd 00       		.byte	0
 1035 00fe 13       		.uleb128 0x13
 1036 00ff 01       		.uleb128 0x1
 1037 0100 01       		.byte	0x1
ARM GAS  C:\Users\Xavier\AppData\Local\Temp\ccixYqu9.s 			page 25


 1038 0101 49       		.uleb128 0x49
 1039 0102 13       		.uleb128 0x13
 1040 0103 01       		.uleb128 0x1
 1041 0104 13       		.uleb128 0x13
 1042 0105 00       		.byte	0
 1043 0106 00       		.byte	0
 1044 0107 14       		.uleb128 0x14
 1045 0108 21       		.uleb128 0x21
 1046 0109 00       		.byte	0
 1047 010a 49       		.uleb128 0x49
 1048 010b 13       		.uleb128 0x13
 1049 010c 2F       		.uleb128 0x2f
 1050 010d 0B       		.uleb128 0xb
 1051 010e 00       		.byte	0
 1052 010f 00       		.byte	0
 1053 0110 15       		.uleb128 0x15
 1054 0111 26       		.uleb128 0x26
 1055 0112 00       		.byte	0
 1056 0113 49       		.uleb128 0x49
 1057 0114 13       		.uleb128 0x13
 1058 0115 00       		.byte	0
 1059 0116 00       		.byte	0
 1060 0117 16       		.uleb128 0x16
 1061 0118 34       		.uleb128 0x34
 1062 0119 00       		.byte	0
 1063 011a 03       		.uleb128 0x3
 1064 011b 0E       		.uleb128 0xe
 1065 011c 3A       		.uleb128 0x3a
 1066 011d 0B       		.uleb128 0xb
 1067 011e 3B       		.uleb128 0x3b
 1068 011f 05       		.uleb128 0x5
 1069 0120 49       		.uleb128 0x49
 1070 0121 13       		.uleb128 0x13
 1071 0122 02       		.uleb128 0x2
 1072 0123 18       		.uleb128 0x18
 1073 0124 00       		.byte	0
 1074 0125 00       		.byte	0
 1075 0126 17       		.uleb128 0x17
 1076 0127 34       		.uleb128 0x34
 1077 0128 00       		.byte	0
 1078 0129 03       		.uleb128 0x3
 1079 012a 08       		.uleb128 0x8
 1080 012b 3A       		.uleb128 0x3a
 1081 012c 0B       		.uleb128 0xb
 1082 012d 3B       		.uleb128 0x3b
 1083 012e 05       		.uleb128 0x5
 1084 012f 49       		.uleb128 0x49
 1085 0130 13       		.uleb128 0x13
 1086 0131 02       		.uleb128 0x2
 1087 0132 18       		.uleb128 0x18
 1088 0133 00       		.byte	0
 1089 0134 00       		.byte	0
 1090 0135 00       		.byte	0
 1091              		.section	.debug_aranges,"",%progbits
 1092 0000 44000000 		.4byte	0x44
 1093 0004 0200     		.2byte	0x2
 1094 0006 00000000 		.4byte	.Ldebug_info0
ARM GAS  C:\Users\Xavier\AppData\Local\Temp\ccixYqu9.s 			page 26


 1095 000a 04       		.byte	0x4
 1096 000b 00       		.byte	0
 1097 000c 0000     		.2byte	0
 1098 000e 0000     		.2byte	0
 1099 0010 00000000 		.4byte	.LFB2
 1100 0014 1E000000 		.4byte	.LFE2-.LFB2
 1101 0018 00000000 		.4byte	.LFB3
 1102 001c 20000000 		.4byte	.LFE3-.LFB3
 1103 0020 00000000 		.4byte	.LFB4
 1104 0024 20000000 		.4byte	.LFE4-.LFB4
 1105 0028 00000000 		.4byte	.LFB5
 1106 002c B8000000 		.4byte	.LFE5-.LFB5
 1107 0030 00000000 		.4byte	.LFB6
 1108 0034 28000000 		.4byte	.LFE6-.LFB6
 1109 0038 B8000000 		.4byte	.LFB7
 1110 003c 20010000 		.4byte	.LFE7-.LFB7
 1111 0040 00000000 		.4byte	0
 1112 0044 00000000 		.4byte	0
 1113              		.section	.debug_ranges,"",%progbits
 1114              	.Ldebug_ranges0:
 1115 0000 00000000 		.4byte	.LFB2
 1116 0004 1E000000 		.4byte	.LFE2
 1117 0008 00000000 		.4byte	.LFB3
 1118 000c 20000000 		.4byte	.LFE3
 1119 0010 00000000 		.4byte	.LFB4
 1120 0014 20000000 		.4byte	.LFE4
 1121 0018 00000000 		.4byte	.LFB5
 1122 001c B8000000 		.4byte	.LFE5
 1123 0020 00000000 		.4byte	.LFB6
 1124 0024 28000000 		.4byte	.LFE6
 1125 0028 B8000000 		.4byte	.LFB7
 1126 002c D8010000 		.4byte	.LFE7
 1127 0030 00000000 		.4byte	0
 1128 0034 00000000 		.4byte	0
 1129              		.section	.debug_line,"",%progbits
 1130              	.Ldebug_line0:
 1131 0000 6C010000 		.section	.debug_str,"MS",%progbits,1
 1131      0200CB00 
 1131      00000201 
 1131      FB0E0D00 
 1131      01010101 
 1132              	.LASF19:
 1133 0000 72656733 		.ascii	"reg32\000"
 1133      3200
 1134              	.LASF12:
 1135 0006 73697A65 		.ascii	"size_t\000"
 1135      5F7400
 1136              	.LASF25:
 1137 000d 416E616C 		.ascii	"AnalogSetDefault\000"
 1137      6F675365 
 1137      74446566 
 1137      61756C74 
 1137      00
 1138              	.LASF29:
 1139 001e 6366675F 		.ascii	"cfg_memset_list\000"
 1139      6D656D73 
 1139      65745F6C 
ARM GAS  C:\Users\Xavier\AppData\Local\Temp\ccixYqu9.s 			page 27


 1139      69737400 
 1140              	.LASF24:
 1141 002e 436C6F63 		.ascii	"ClockSetup\000"
 1141      6B536574 
 1141      757000
 1142              	.LASF6:
 1143 0039 73686F72 		.ascii	"short unsigned int\000"
 1143      7420756E 
 1143      7369676E 
 1143      65642069 
 1143      6E7400
 1144              	.LASF32:
 1145 004c 443A5C44 		.ascii	"D:\\Documents\\PSoC Creator\\Workspace\\BLE_HID_Key"
 1145      6F63756D 
 1145      656E7473 
 1145      5C50536F 
 1145      43204372 
 1146 007b 626F6172 		.ascii	"board01.cydsn\000"
 1146      6430312E 
 1146      63796473 
 1146      6E00
 1147              	.LASF16:
 1148 0089 666C6F61 		.ascii	"float\000"
 1148      7400
 1149              	.LASF22:
 1150 008f 64657374 		.ascii	"dest\000"
 1150      00
 1151              	.LASF27:
 1152 0094 73697A65 		.ascii	"size\000"
 1152      00
 1153              	.LASF18:
 1154 0099 72656738 		.ascii	"reg8\000"
 1154      00
 1155              	.LASF8:
 1156 009e 6C6F6E67 		.ascii	"long unsigned int\000"
 1156      20756E73 
 1156      69676E65 
 1156      6420696E 
 1156      7400
 1157              	.LASF13:
 1158 00b0 75696E74 		.ascii	"uint8\000"
 1158      3800
 1159              	.LASF20:
 1160 00b6 43594D45 		.ascii	"CYMEMZERO\000"
 1160      4D5A4552 
 1160      4F00
 1161              	.LASF30:
 1162 00c0 474E5520 		.ascii	"GNU C11 5.4.1 20160609 (release) [ARM/embedded-5-br"
 1162      43313120 
 1162      352E342E 
 1162      31203230 
 1162      31363036 
 1163 00f3 616E6368 		.ascii	"anch revision 237715] -mcpu=cortex-m0 -mthumb -g -O"
 1163      20726576 
 1163      6973696F 
 1163      6E203233 
 1163      37373135 
ARM GAS  C:\Users\Xavier\AppData\Local\Temp\ccixYqu9.s 			page 28


 1164 0126 30202D66 		.ascii	"0 -ffunction-sections -ffat-lto-objects\000"
 1164      66756E63 
 1164      74696F6E 
 1164      2D736563 
 1164      74696F6E 
 1165              	.LASF4:
 1166 014e 756E7369 		.ascii	"unsigned char\000"
 1166      676E6564 
 1166      20636861 
 1166      7200
 1167              	.LASF17:
 1168 015c 646F7562 		.ascii	"double\000"
 1168      6C6500
 1169              	.LASF33:
 1170 0163 63796669 		.ascii	"cyfitter_cfg\000"
 1170      74746572 
 1170      5F636667 
 1170      00
 1171              	.LASF14:
 1172 0170 75696E74 		.ascii	"uint16\000"
 1172      313600
 1173              	.LASF15:
 1174 0177 75696E74 		.ascii	"uint32\000"
 1174      333200
 1175              	.LASF0:
 1176 017e 756E7369 		.ascii	"unsigned int\000"
 1176      676E6564 
 1176      20696E74 
 1176      00
 1177              	.LASF26:
 1178 018b 61646472 		.ascii	"address\000"
 1178      65737300 
 1179              	.LASF9:
 1180 0193 6C6F6E67 		.ascii	"long long unsigned int\000"
 1180      206C6F6E 
 1180      6720756E 
 1180      7369676E 
 1180      65642069 
 1181              	.LASF28:
 1182 01aa 6366675F 		.ascii	"cfg_memset_t\000"
 1182      6D656D73 
 1182      65745F74 
 1182      00
 1183              	.LASF10:
 1184 01b7 73697A65 		.ascii	"sizetype\000"
 1184      74797065 
 1184      00
 1185              	.LASF1:
 1186 01c0 6C6F6E67 		.ascii	"long long int\000"
 1186      206C6F6E 
 1186      6720696E 
 1186      7400
 1187              	.LASF11:
 1188 01ce 63686172 		.ascii	"char\000"
 1188      00
 1189              	.LASF5:
 1190 01d3 73686F72 		.ascii	"short int\000"
ARM GAS  C:\Users\Xavier\AppData\Local\Temp\ccixYqu9.s 			page 29


 1190      7420696E 
 1190      7400
 1191              	.LASF7:
 1192 01dd 6C6F6E67 		.ascii	"long int\000"
 1192      20696E74 
 1192      00
 1193              	.LASF2:
 1194 01e6 6C6F6E67 		.ascii	"long double\000"
 1194      20646F75 
 1194      626C6500 
 1195              	.LASF3:
 1196 01f2 7369676E 		.ascii	"signed char\000"
 1196      65642063 
 1196      68617200 
 1197              	.LASF31:
 1198 01fe 47656E65 		.ascii	"Generated_Source\\PSoC4\\cyfitter_cfg.c\000"
 1198      72617465 
 1198      645F536F 
 1198      75726365 
 1198      5C50536F 
 1199              	.LASF23:
 1200 0224 4359434F 		.ascii	"CYCONFIGCPYCODE\000"
 1200      4E464947 
 1200      43505943 
 1200      4F444500 
 1201              	.LASF21:
 1202 0234 4359434F 		.ascii	"CYCONFIGCPY\000"
 1202      4E464947 
 1202      43505900 
 1203              		.ident	"GCC: (GNU Tools for ARM Embedded Processors) 5.4.1 20160609 (release) [ARM/embedded-5-bran
