ARM GAS  C:\Users\Xavier\AppData\Local\Temp\ccFH8She.s 			page 1


   1              		.syntax unified
   2              		.cpu cortex-m0
   3              		.fpu softvfp
   4              		.eabi_attribute 20, 1
   5              		.eabi_attribute 21, 1
   6              		.eabi_attribute 23, 3
   7              		.eabi_attribute 24, 1
   8              		.eabi_attribute 25, 1
   9              		.eabi_attribute 26, 1
  10              		.eabi_attribute 30, 4
  11              		.eabi_attribute 34, 0
  12              		.eabi_attribute 18, 4
  13              		.thumb
  14              		.syntax unified
  15              		.file	"cyfitter_cfg.c"
  16              		.text
  17              	.Ltext0:
  18              		.cfi_sections	.debug_frame
  19              		.section	.text.SetAnalogRoutingPumps,"ax",%progbits
  20              		.align	1
  21              		.global	SetAnalogRoutingPumps
  22              		.code	16
  23              		.thumb_func
  24              		.type	SetAnalogRoutingPumps, %function
  25              	SetAnalogRoutingPumps:
  26              	.LFB7:
  27              		.file 1 "Generated_Source\\PSoC4\\cyfitter_cfg.c"
   1:Generated_Source\PSoC4/cyfitter_cfg.c **** 
   2:Generated_Source\PSoC4/cyfitter_cfg.c **** /*******************************************************************************
   3:Generated_Source\PSoC4/cyfitter_cfg.c **** * File Name: cyfitter_cfg.c
   4:Generated_Source\PSoC4/cyfitter_cfg.c **** * 
   5:Generated_Source\PSoC4/cyfitter_cfg.c **** * PSoC Creator  4.4
   6:Generated_Source\PSoC4/cyfitter_cfg.c **** *
   7:Generated_Source\PSoC4/cyfitter_cfg.c **** * Description:
   8:Generated_Source\PSoC4/cyfitter_cfg.c **** * This file contains device initialization code.
   9:Generated_Source\PSoC4/cyfitter_cfg.c **** * Except for the user defined sections in CyClockStartupError(), this file should not be modified.
  10:Generated_Source\PSoC4/cyfitter_cfg.c **** * This file is automatically generated by PSoC Creator.
  11:Generated_Source\PSoC4/cyfitter_cfg.c **** *
  12:Generated_Source\PSoC4/cyfitter_cfg.c **** ********************************************************************************
  13:Generated_Source\PSoC4/cyfitter_cfg.c **** * Copyright (c) 2007-2020 Cypress Semiconductor.  All rights reserved.
  14:Generated_Source\PSoC4/cyfitter_cfg.c **** * You may use this file only in accordance with the license, terms, conditions, 
  15:Generated_Source\PSoC4/cyfitter_cfg.c **** * disclaimers, and limitations in the end user license agreement accompanying 
  16:Generated_Source\PSoC4/cyfitter_cfg.c **** * the software package with which this file was provided.
  17:Generated_Source\PSoC4/cyfitter_cfg.c **** ********************************************************************************/
  18:Generated_Source\PSoC4/cyfitter_cfg.c **** 
  19:Generated_Source\PSoC4/cyfitter_cfg.c **** #include <string.h>
  20:Generated_Source\PSoC4/cyfitter_cfg.c **** #include "cytypes.h"
  21:Generated_Source\PSoC4/cyfitter_cfg.c **** #include "cydevice_trm.h"
  22:Generated_Source\PSoC4/cyfitter_cfg.c **** #include "cyfitter.h"
  23:Generated_Source\PSoC4/cyfitter_cfg.c **** #include "CyLib.h"
  24:Generated_Source\PSoC4/cyfitter_cfg.c **** #include "cyfitter_cfg.h"
  25:Generated_Source\PSoC4/cyfitter_cfg.c **** #include "cyapicallbacks.h"
  26:Generated_Source\PSoC4/cyfitter_cfg.c **** 
  27:Generated_Source\PSoC4/cyfitter_cfg.c **** 
  28:Generated_Source\PSoC4/cyfitter_cfg.c **** #if defined(__GNUC__) || defined(__ARMCC_VERSION)
  29:Generated_Source\PSoC4/cyfitter_cfg.c ****     #define CYPACKED 
  30:Generated_Source\PSoC4/cyfitter_cfg.c ****     #define CYPACKED_ATTR __attribute__ ((packed))
ARM GAS  C:\Users\Xavier\AppData\Local\Temp\ccFH8She.s 			page 2


  31:Generated_Source\PSoC4/cyfitter_cfg.c ****     #define CYALIGNED __attribute__ ((aligned))
  32:Generated_Source\PSoC4/cyfitter_cfg.c ****     #define CY_CFG_UNUSED __attribute__ ((unused))
  33:Generated_Source\PSoC4/cyfitter_cfg.c ****     #ifndef CY_CFG_SECTION
  34:Generated_Source\PSoC4/cyfitter_cfg.c ****         #define CY_CFG_SECTION __attribute__ ((section(".psocinit")))
  35:Generated_Source\PSoC4/cyfitter_cfg.c ****     #endif
  36:Generated_Source\PSoC4/cyfitter_cfg.c ****     
  37:Generated_Source\PSoC4/cyfitter_cfg.c ****     #if defined(__ARMCC_VERSION)
  38:Generated_Source\PSoC4/cyfitter_cfg.c ****         #define CY_CFG_MEMORY_BARRIER() __memory_changed()
  39:Generated_Source\PSoC4/cyfitter_cfg.c ****     #else
  40:Generated_Source\PSoC4/cyfitter_cfg.c ****         #define CY_CFG_MEMORY_BARRIER() __sync_synchronize()
  41:Generated_Source\PSoC4/cyfitter_cfg.c ****     #endif
  42:Generated_Source\PSoC4/cyfitter_cfg.c ****     
  43:Generated_Source\PSoC4/cyfitter_cfg.c **** #elif defined(__ICCARM__)
  44:Generated_Source\PSoC4/cyfitter_cfg.c ****     #include <intrinsics.h>
  45:Generated_Source\PSoC4/cyfitter_cfg.c **** 
  46:Generated_Source\PSoC4/cyfitter_cfg.c ****     #define CYPACKED __packed
  47:Generated_Source\PSoC4/cyfitter_cfg.c ****     #define CYPACKED_ATTR 
  48:Generated_Source\PSoC4/cyfitter_cfg.c ****     #define CYALIGNED _Pragma("data_alignment=4")
  49:Generated_Source\PSoC4/cyfitter_cfg.c ****     #define CY_CFG_UNUSED _Pragma("diag_suppress=Pe177")
  50:Generated_Source\PSoC4/cyfitter_cfg.c ****     #define CY_CFG_SECTION _Pragma("location=\".psocinit\"")
  51:Generated_Source\PSoC4/cyfitter_cfg.c ****     
  52:Generated_Source\PSoC4/cyfitter_cfg.c ****     #define CY_CFG_MEMORY_BARRIER() __DMB()
  53:Generated_Source\PSoC4/cyfitter_cfg.c ****     
  54:Generated_Source\PSoC4/cyfitter_cfg.c **** #else
  55:Generated_Source\PSoC4/cyfitter_cfg.c ****     #error Unsupported toolchain
  56:Generated_Source\PSoC4/cyfitter_cfg.c **** #endif
  57:Generated_Source\PSoC4/cyfitter_cfg.c **** 
  58:Generated_Source\PSoC4/cyfitter_cfg.c **** #ifndef CYCODE
  59:Generated_Source\PSoC4/cyfitter_cfg.c ****     #define CYCODE
  60:Generated_Source\PSoC4/cyfitter_cfg.c **** #endif
  61:Generated_Source\PSoC4/cyfitter_cfg.c **** #ifndef CYDATA
  62:Generated_Source\PSoC4/cyfitter_cfg.c ****     #define CYDATA
  63:Generated_Source\PSoC4/cyfitter_cfg.c **** #endif
  64:Generated_Source\PSoC4/cyfitter_cfg.c **** #ifndef CYFAR
  65:Generated_Source\PSoC4/cyfitter_cfg.c ****     #define CYFAR
  66:Generated_Source\PSoC4/cyfitter_cfg.c **** #endif
  67:Generated_Source\PSoC4/cyfitter_cfg.c **** #ifndef CYXDATA
  68:Generated_Source\PSoC4/cyfitter_cfg.c ****     #define CYXDATA
  69:Generated_Source\PSoC4/cyfitter_cfg.c **** #endif
  70:Generated_Source\PSoC4/cyfitter_cfg.c **** 
  71:Generated_Source\PSoC4/cyfitter_cfg.c **** 
  72:Generated_Source\PSoC4/cyfitter_cfg.c **** CY_CFG_UNUSED
  73:Generated_Source\PSoC4/cyfitter_cfg.c **** static void CYMEMZERO(void *s, size_t n);
  74:Generated_Source\PSoC4/cyfitter_cfg.c **** CY_CFG_UNUSED
  75:Generated_Source\PSoC4/cyfitter_cfg.c **** static void CYMEMZERO(void *s, size_t n)
  76:Generated_Source\PSoC4/cyfitter_cfg.c **** {
  77:Generated_Source\PSoC4/cyfitter_cfg.c **** 	(void)memset(s, 0, n);
  78:Generated_Source\PSoC4/cyfitter_cfg.c **** }
  79:Generated_Source\PSoC4/cyfitter_cfg.c **** CY_CFG_UNUSED
  80:Generated_Source\PSoC4/cyfitter_cfg.c **** static void CYCONFIGCPY(void *dest, const void *src, size_t n);
  81:Generated_Source\PSoC4/cyfitter_cfg.c **** CY_CFG_UNUSED
  82:Generated_Source\PSoC4/cyfitter_cfg.c **** static void CYCONFIGCPY(void *dest, const void *src, size_t n)
  83:Generated_Source\PSoC4/cyfitter_cfg.c **** {
  84:Generated_Source\PSoC4/cyfitter_cfg.c **** 	(void)memcpy(dest, src, n);
  85:Generated_Source\PSoC4/cyfitter_cfg.c **** }
  86:Generated_Source\PSoC4/cyfitter_cfg.c **** CY_CFG_UNUSED
  87:Generated_Source\PSoC4/cyfitter_cfg.c **** static void CYCONFIGCPYCODE(void *dest, const void *src, size_t n);
ARM GAS  C:\Users\Xavier\AppData\Local\Temp\ccFH8She.s 			page 3


  88:Generated_Source\PSoC4/cyfitter_cfg.c **** CY_CFG_UNUSED
  89:Generated_Source\PSoC4/cyfitter_cfg.c **** static void CYCONFIGCPYCODE(void *dest, const void *src, size_t n)
  90:Generated_Source\PSoC4/cyfitter_cfg.c **** {
  91:Generated_Source\PSoC4/cyfitter_cfg.c **** 	(void)memcpy(dest, src, n);
  92:Generated_Source\PSoC4/cyfitter_cfg.c **** }
  93:Generated_Source\PSoC4/cyfitter_cfg.c **** 
  94:Generated_Source\PSoC4/cyfitter_cfg.c **** 
  95:Generated_Source\PSoC4/cyfitter_cfg.c **** 
  96:Generated_Source\PSoC4/cyfitter_cfg.c **** 
  97:Generated_Source\PSoC4/cyfitter_cfg.c **** /* Clock startup error codes                                                   */
  98:Generated_Source\PSoC4/cyfitter_cfg.c **** #define CYCLOCKSTART_NO_ERROR    0u
  99:Generated_Source\PSoC4/cyfitter_cfg.c **** #define CYCLOCKSTART_XTAL_ERROR  1u
 100:Generated_Source\PSoC4/cyfitter_cfg.c **** #define CYCLOCKSTART_32KHZ_ERROR 2u
 101:Generated_Source\PSoC4/cyfitter_cfg.c **** #define CYCLOCKSTART_PLL_ERROR   3u
 102:Generated_Source\PSoC4/cyfitter_cfg.c **** #define CYCLOCKSTART_FLL_ERROR   4u
 103:Generated_Source\PSoC4/cyfitter_cfg.c **** #define CYCLOCKSTART_WCO_ERROR   5u
 104:Generated_Source\PSoC4/cyfitter_cfg.c **** 
 105:Generated_Source\PSoC4/cyfitter_cfg.c **** 
 106:Generated_Source\PSoC4/cyfitter_cfg.c **** #ifdef CY_NEED_CYCLOCKSTARTUPERROR
 107:Generated_Source\PSoC4/cyfitter_cfg.c **** /*******************************************************************************
 108:Generated_Source\PSoC4/cyfitter_cfg.c **** * Function Name: CyClockStartupError
 109:Generated_Source\PSoC4/cyfitter_cfg.c **** ********************************************************************************
 110:Generated_Source\PSoC4/cyfitter_cfg.c **** * Summary:
 111:Generated_Source\PSoC4/cyfitter_cfg.c **** *  If an error is encountered during clock configuration (crystal startup error,
 112:Generated_Source\PSoC4/cyfitter_cfg.c **** *  PLL lock error, etc.), the system will end up here.  Unless reimplemented by
 113:Generated_Source\PSoC4/cyfitter_cfg.c **** *  the customer, this function will stop in an infinite loop.
 114:Generated_Source\PSoC4/cyfitter_cfg.c **** *
 115:Generated_Source\PSoC4/cyfitter_cfg.c **** * Parameters:
 116:Generated_Source\PSoC4/cyfitter_cfg.c **** *   void
 117:Generated_Source\PSoC4/cyfitter_cfg.c **** *
 118:Generated_Source\PSoC4/cyfitter_cfg.c **** * Return:
 119:Generated_Source\PSoC4/cyfitter_cfg.c **** *   void
 120:Generated_Source\PSoC4/cyfitter_cfg.c **** *
 121:Generated_Source\PSoC4/cyfitter_cfg.c **** *******************************************************************************/
 122:Generated_Source\PSoC4/cyfitter_cfg.c **** CY_CFG_UNUSED
 123:Generated_Source\PSoC4/cyfitter_cfg.c **** static void CyClockStartupError(uint8 errorCode);
 124:Generated_Source\PSoC4/cyfitter_cfg.c **** CY_CFG_UNUSED
 125:Generated_Source\PSoC4/cyfitter_cfg.c **** static void CyClockStartupError(uint8 errorCode)
 126:Generated_Source\PSoC4/cyfitter_cfg.c **** {
 127:Generated_Source\PSoC4/cyfitter_cfg.c ****     /* To remove the compiler warning if errorCode not used.                */
 128:Generated_Source\PSoC4/cyfitter_cfg.c ****     errorCode = errorCode;
 129:Generated_Source\PSoC4/cyfitter_cfg.c **** 
 130:Generated_Source\PSoC4/cyfitter_cfg.c ****     /* If we have a clock startup error (bad MHz crystal, PLL lock, etc.),  */
 131:Generated_Source\PSoC4/cyfitter_cfg.c ****     /* we will end up here to allow the customer to implement something to  */
 132:Generated_Source\PSoC4/cyfitter_cfg.c ****     /* deal with the clock condition.                                       */
 133:Generated_Source\PSoC4/cyfitter_cfg.c **** 
 134:Generated_Source\PSoC4/cyfitter_cfg.c **** #ifdef CY_CFG_CLOCK_STARTUP_ERROR_CALLBACK
 135:Generated_Source\PSoC4/cyfitter_cfg.c ****     CY_CFG_Clock_Startup_ErrorCallback();
 136:Generated_Source\PSoC4/cyfitter_cfg.c **** #else
 137:Generated_Source\PSoC4/cyfitter_cfg.c ****     /*  If not using CY_CFG_CLOCK_STARTUP_ERROR_CALLBACK, place your clock startup code here. */
 138:Generated_Source\PSoC4/cyfitter_cfg.c ****     /* `#START CyClockStartupError` */
 139:Generated_Source\PSoC4/cyfitter_cfg.c **** 
 140:Generated_Source\PSoC4/cyfitter_cfg.c **** 
 141:Generated_Source\PSoC4/cyfitter_cfg.c **** 
 142:Generated_Source\PSoC4/cyfitter_cfg.c ****     /* `#END` */
 143:Generated_Source\PSoC4/cyfitter_cfg.c **** 
 144:Generated_Source\PSoC4/cyfitter_cfg.c ****     while(1) {}
ARM GAS  C:\Users\Xavier\AppData\Local\Temp\ccFH8She.s 			page 4


 145:Generated_Source\PSoC4/cyfitter_cfg.c **** #endif /* CY_CFG_CLOCK_STARTUP_ERROR_CALLBACK */
 146:Generated_Source\PSoC4/cyfitter_cfg.c **** }
 147:Generated_Source\PSoC4/cyfitter_cfg.c **** #endif
 148:Generated_Source\PSoC4/cyfitter_cfg.c **** 
 149:Generated_Source\PSoC4/cyfitter_cfg.c **** 
 150:Generated_Source\PSoC4/cyfitter_cfg.c **** 
 151:Generated_Source\PSoC4/cyfitter_cfg.c **** /*******************************************************************************
 152:Generated_Source\PSoC4/cyfitter_cfg.c **** * Function Name: ClockSetup
 153:Generated_Source\PSoC4/cyfitter_cfg.c **** ********************************************************************************
 154:Generated_Source\PSoC4/cyfitter_cfg.c **** *
 155:Generated_Source\PSoC4/cyfitter_cfg.c **** * Summary:
 156:Generated_Source\PSoC4/cyfitter_cfg.c **** *   Performs the initialization of all of the clocks in the device based on the
 157:Generated_Source\PSoC4/cyfitter_cfg.c **** *   settings in the Clock tab of the DWR.  This includes enabling the requested
 158:Generated_Source\PSoC4/cyfitter_cfg.c **** *   clocks and setting the necessary dividers to produce the desired frequency. 
 159:Generated_Source\PSoC4/cyfitter_cfg.c **** *
 160:Generated_Source\PSoC4/cyfitter_cfg.c **** * Parameters:
 161:Generated_Source\PSoC4/cyfitter_cfg.c **** *   void
 162:Generated_Source\PSoC4/cyfitter_cfg.c **** *
 163:Generated_Source\PSoC4/cyfitter_cfg.c **** * Return:
 164:Generated_Source\PSoC4/cyfitter_cfg.c **** *   void
 165:Generated_Source\PSoC4/cyfitter_cfg.c **** *
 166:Generated_Source\PSoC4/cyfitter_cfg.c **** *******************************************************************************/
 167:Generated_Source\PSoC4/cyfitter_cfg.c **** static void ClockSetup(void);
 168:Generated_Source\PSoC4/cyfitter_cfg.c **** CY_CFG_SECTION
 169:Generated_Source\PSoC4/cyfitter_cfg.c **** static void ClockSetup(void)
 170:Generated_Source\PSoC4/cyfitter_cfg.c **** {
 171:Generated_Source\PSoC4/cyfitter_cfg.c **** 
 172:Generated_Source\PSoC4/cyfitter_cfg.c **** 	/* Set Flash Cycles based on max possible frequency in case a glitch occurs during ClockSetup(). *
 173:Generated_Source\PSoC4/cyfitter_cfg.c **** 	CY_SET_REG32((void CYXDATA *)(CYREG_CPUSS_FLASH_CTL), (0x0012u));
 174:Generated_Source\PSoC4/cyfitter_cfg.c **** 
 175:Generated_Source\PSoC4/cyfitter_cfg.c **** 	/* Start the WCO */
 176:Generated_Source\PSoC4/cyfitter_cfg.c **** 	CySysClkWcoStart();
 177:Generated_Source\PSoC4/cyfitter_cfg.c **** 	CyDelayCycles(12000000u); /* WCO may take up to 500ms to start */
 178:Generated_Source\PSoC4/cyfitter_cfg.c **** 	(void)CySysClkWcoSetPowerMode(CY_SYS_CLK_WCO_LPM);    /* Switch to the low power mode */
 179:Generated_Source\PSoC4/cyfitter_cfg.c **** 
 180:Generated_Source\PSoC4/cyfitter_cfg.c **** 	/* Setup and trim IMO based on desired frequency. */
 181:Generated_Source\PSoC4/cyfitter_cfg.c **** 	CySysClkWriteImoFreq(48u);
 182:Generated_Source\PSoC4/cyfitter_cfg.c **** 	/* CYDEV_CLK_ILO_CONFIG Starting address: CYDEV_CLK_ILO_CONFIG */
 183:Generated_Source\PSoC4/cyfitter_cfg.c **** 	CY_SET_REG32((void *)(CYREG_CLK_ILO_CONFIG), 0x80000006u);
 184:Generated_Source\PSoC4/cyfitter_cfg.c **** 
 185:Generated_Source\PSoC4/cyfitter_cfg.c **** 	/* CYDEV_WDT_CONFIG Starting address: CYDEV_WDT_CONFIG */
 186:Generated_Source\PSoC4/cyfitter_cfg.c **** 	CY_SET_REG32((void *)(CYREG_WDT_CONFIG), 0x40000000u);
 187:Generated_Source\PSoC4/cyfitter_cfg.c **** 
 188:Generated_Source\PSoC4/cyfitter_cfg.c **** 
 189:Generated_Source\PSoC4/cyfitter_cfg.c **** 	/* Enable fast start mode for XO */
 190:Generated_Source\PSoC4/cyfitter_cfg.c **** 	CY_SET_REG32((void*)CYREG_BLE_BLERD_BB_XO, CY_GET_REG32((void*)CYREG_BLE_BLERD_BB_XO) | (uint32)0x
 191:Generated_Source\PSoC4/cyfitter_cfg.c **** 	CY_SET_REG32((void *)(CYREG_BLE_BLERD_BB_XO_CAPTRIM), 0x00002D6Au);
 192:Generated_Source\PSoC4/cyfitter_cfg.c **** 	/*Set XTAL(ECO) divider*/
 193:Generated_Source\PSoC4/cyfitter_cfg.c **** 	CY_SET_REG32((void *)(CYREG_BLE_BLESS_XTAL_CLK_DIV_CONFIG), 0x00000000u);
 194:Generated_Source\PSoC4/cyfitter_cfg.c **** 	/* Disable Crystal Stable Interrupt before enabling ECO */
 195:Generated_Source\PSoC4/cyfitter_cfg.c **** 	CY_SET_REG32((void*)CYREG_BLE_BLESS_LL_DSM_CTRL, CY_GET_REG32((void*)CYREG_BLE_BLESS_LL_DSM_CTRL) 
 196:Generated_Source\PSoC4/cyfitter_cfg.c **** 	/* Start the ECO and do not check status since it is not needed for HFCLK */
 197:Generated_Source\PSoC4/cyfitter_cfg.c **** 	(void)CySysClkEcoStart(2000u);
 198:Generated_Source\PSoC4/cyfitter_cfg.c **** 	CyDelayUs(1500u); /* Wait to stabilize */
 199:Generated_Source\PSoC4/cyfitter_cfg.c **** 
 200:Generated_Source\PSoC4/cyfitter_cfg.c **** 	/* Setup phase aligned clocks */
 201:Generated_Source\PSoC4/cyfitter_cfg.c **** 	CY_SET_REG32((void *)CYREG_PERI_DIV_16_CTL1, 0x00001D00u);
ARM GAS  C:\Users\Xavier\AppData\Local\Temp\ccFH8She.s 			page 5


 202:Generated_Source\PSoC4/cyfitter_cfg.c **** 	CY_SET_REG32((void *)CYREG_PERI_DIV_CMD, 0x8000FF41u);
 203:Generated_Source\PSoC4/cyfitter_cfg.c **** 	CY_SET_REG32((void *)CYREG_PERI_DIV_16_CTL0, 0x00001900u);
 204:Generated_Source\PSoC4/cyfitter_cfg.c **** 	CY_SET_REG32((void *)CYREG_PERI_DIV_CMD, 0x8000FF40u);
 205:Generated_Source\PSoC4/cyfitter_cfg.c **** 
 206:Generated_Source\PSoC4/cyfitter_cfg.c **** 	/* CYDEV_CLK_IMO_CONFIG Starting address: CYDEV_CLK_IMO_CONFIG */
 207:Generated_Source\PSoC4/cyfitter_cfg.c **** 	CY_SET_REG32((void *)(CYREG_CLK_IMO_CONFIG), 0x82000000u);
 208:Generated_Source\PSoC4/cyfitter_cfg.c **** 
 209:Generated_Source\PSoC4/cyfitter_cfg.c **** 	/* CYDEV_CLK_SELECT Starting address: CYDEV_CLK_SELECT */
 210:Generated_Source\PSoC4/cyfitter_cfg.c **** 	CY_SET_REG32((void *)(CYREG_CLK_SELECT), 0x00080000u);
 211:Generated_Source\PSoC4/cyfitter_cfg.c **** 
 212:Generated_Source\PSoC4/cyfitter_cfg.c **** 	/* CYDEV_PERI_PCLK_CTL6 Starting address: CYDEV_PERI_PCLK_CTL6 */
 213:Generated_Source\PSoC4/cyfitter_cfg.c **** 	CY_SET_REG32((void *)(CYREG_PERI_PCLK_CTL6), 0x00000041u);
 214:Generated_Source\PSoC4/cyfitter_cfg.c **** 
 215:Generated_Source\PSoC4/cyfitter_cfg.c **** 	/* CYDEV_PERI_PCLK_CTL1 Starting address: CYDEV_PERI_PCLK_CTL1 */
 216:Generated_Source\PSoC4/cyfitter_cfg.c **** 	CY_SET_REG32((void *)(CYREG_PERI_PCLK_CTL1), 0x00000040u);
 217:Generated_Source\PSoC4/cyfitter_cfg.c **** 
 218:Generated_Source\PSoC4/cyfitter_cfg.c **** 	CY_SET_REG32((void *)(CYREG_WDT_CONFIG), 0x40000000u);
 219:Generated_Source\PSoC4/cyfitter_cfg.c **** }
 220:Generated_Source\PSoC4/cyfitter_cfg.c **** 
 221:Generated_Source\PSoC4/cyfitter_cfg.c **** 
 222:Generated_Source\PSoC4/cyfitter_cfg.c **** /* Analog API Functions */
 223:Generated_Source\PSoC4/cyfitter_cfg.c **** 
 224:Generated_Source\PSoC4/cyfitter_cfg.c **** 
 225:Generated_Source\PSoC4/cyfitter_cfg.c **** /*******************************************************************************
 226:Generated_Source\PSoC4/cyfitter_cfg.c **** * Function Name: AnalogSetDefault
 227:Generated_Source\PSoC4/cyfitter_cfg.c **** ********************************************************************************
 228:Generated_Source\PSoC4/cyfitter_cfg.c **** *
 229:Generated_Source\PSoC4/cyfitter_cfg.c **** * Summary:
 230:Generated_Source\PSoC4/cyfitter_cfg.c **** *  Sets up the analog portions of the chip to default values based on chip
 231:Generated_Source\PSoC4/cyfitter_cfg.c **** *  configuration options from the project.
 232:Generated_Source\PSoC4/cyfitter_cfg.c **** *
 233:Generated_Source\PSoC4/cyfitter_cfg.c **** * Parameters:
 234:Generated_Source\PSoC4/cyfitter_cfg.c **** *  void
 235:Generated_Source\PSoC4/cyfitter_cfg.c **** *
 236:Generated_Source\PSoC4/cyfitter_cfg.c **** * Return:
 237:Generated_Source\PSoC4/cyfitter_cfg.c **** *  void
 238:Generated_Source\PSoC4/cyfitter_cfg.c **** *
 239:Generated_Source\PSoC4/cyfitter_cfg.c **** *******************************************************************************/
 240:Generated_Source\PSoC4/cyfitter_cfg.c **** static void AnalogSetDefault(void);
 241:Generated_Source\PSoC4/cyfitter_cfg.c **** static void AnalogSetDefault(void)
 242:Generated_Source\PSoC4/cyfitter_cfg.c **** {
 243:Generated_Source\PSoC4/cyfitter_cfg.c **** 	CY_SET_XTND_REG32((void CYFAR *)CYREG_CTBM0_DFT_CTRL, 0x00000003u);
 244:Generated_Source\PSoC4/cyfitter_cfg.c **** 	CY_SET_XTND_REG32((void CYFAR *)CYREG_CTBM1_DFT_CTRL, 0x00000003u);
 245:Generated_Source\PSoC4/cyfitter_cfg.c **** 	CY_SET_XTND_REG32((void CYFAR *)CYREG_SAR_CTRL, 0x80000000u);
 246:Generated_Source\PSoC4/cyfitter_cfg.c **** 	CY_SET_XTND_REG32((void CYFAR *)CYREG_SAR_MUX_SWITCH0, 0x00000001u);
 247:Generated_Source\PSoC4/cyfitter_cfg.c **** 	CY_SET_XTND_REG32((void CYFAR *)CYREG_PASS_DSAB_DSAB_CTRL, 0x00000000u);
 248:Generated_Source\PSoC4/cyfitter_cfg.c **** 	SetAnalogRoutingPumps(1);
 249:Generated_Source\PSoC4/cyfitter_cfg.c **** }
 250:Generated_Source\PSoC4/cyfitter_cfg.c **** 
 251:Generated_Source\PSoC4/cyfitter_cfg.c **** 
 252:Generated_Source\PSoC4/cyfitter_cfg.c **** /*******************************************************************************
 253:Generated_Source\PSoC4/cyfitter_cfg.c **** * Function Name: SetAnalogRoutingPumps
 254:Generated_Source\PSoC4/cyfitter_cfg.c **** ********************************************************************************
 255:Generated_Source\PSoC4/cyfitter_cfg.c **** *
 256:Generated_Source\PSoC4/cyfitter_cfg.c **** * Summary:
 257:Generated_Source\PSoC4/cyfitter_cfg.c **** * Enables or disables the analog pumps feeding analog routing switches.
 258:Generated_Source\PSoC4/cyfitter_cfg.c **** * Intended to be called at startup, based on the Vdda system configuration;
ARM GAS  C:\Users\Xavier\AppData\Local\Temp\ccFH8She.s 			page 6


 259:Generated_Source\PSoC4/cyfitter_cfg.c **** * may be called during operation when the user informs us that the Vdda voltage crossed the pump th
 260:Generated_Source\PSoC4/cyfitter_cfg.c **** *
 261:Generated_Source\PSoC4/cyfitter_cfg.c **** * Parameters:
 262:Generated_Source\PSoC4/cyfitter_cfg.c **** *  enabled - 1 to enable the pumps, 0 to disable the pumps
 263:Generated_Source\PSoC4/cyfitter_cfg.c **** *
 264:Generated_Source\PSoC4/cyfitter_cfg.c **** * Return:
 265:Generated_Source\PSoC4/cyfitter_cfg.c **** *  void
 266:Generated_Source\PSoC4/cyfitter_cfg.c **** *
 267:Generated_Source\PSoC4/cyfitter_cfg.c **** *******************************************************************************/
 268:Generated_Source\PSoC4/cyfitter_cfg.c **** void SetAnalogRoutingPumps(uint8 enabled)
 269:Generated_Source\PSoC4/cyfitter_cfg.c **** {
  28              		.loc 1 269 0
  29              		.cfi_startproc
  30              		@ args = 0, pretend = 0, frame = 0
  31              		@ frame_needed = 0, uses_anonymous_args = 0
  32              		@ link register save eliminated.
  33              	.LVL0:
 270:Generated_Source\PSoC4/cyfitter_cfg.c **** 	uint32 regValue = CY_GET_XTND_REG32((void *)(CYREG_SAR_PUMP_CTRL));
  34              		.loc 1 270 0
  35 0000 054A     		ldr	r2, .L5
  36 0002 1368     		ldr	r3, [r2]
  37              	.LVL1:
 271:Generated_Source\PSoC4/cyfitter_cfg.c **** 	if (enabled != 0u)
  38              		.loc 1 271 0
  39 0004 0028     		cmp	r0, #0
  40 0006 03D0     		beq	.L2
 272:Generated_Source\PSoC4/cyfitter_cfg.c **** 	{
 273:Generated_Source\PSoC4/cyfitter_cfg.c **** 		regValue |= 0x80000000u;
  41              		.loc 1 273 0
  42 0008 8021     		movs	r1, #128
  43 000a 0906     		lsls	r1, r1, #24
  44 000c 0B43     		orrs	r3, r1
  45              	.LVL2:
  46 000e 01E0     		b	.L3
  47              	.L2:
 274:Generated_Source\PSoC4/cyfitter_cfg.c **** 	}
 275:Generated_Source\PSoC4/cyfitter_cfg.c **** 	else
 276:Generated_Source\PSoC4/cyfitter_cfg.c **** 	{
 277:Generated_Source\PSoC4/cyfitter_cfg.c **** 		regValue &= ~0x80000000u;
  48              		.loc 1 277 0
  49 0010 5B00     		lsls	r3, r3, #1
  50              	.LVL3:
  51 0012 5B08     		lsrs	r3, r3, #1
  52              	.LVL4:
  53              	.L3:
 278:Generated_Source\PSoC4/cyfitter_cfg.c **** 	}
 279:Generated_Source\PSoC4/cyfitter_cfg.c **** 	CY_SET_XTND_REG32((void *)(CYREG_SAR_PUMP_CTRL), regValue);
  54              		.loc 1 279 0
  55 0014 1360     		str	r3, [r2]
 280:Generated_Source\PSoC4/cyfitter_cfg.c **** }
  56              		.loc 1 280 0
  57              		@ sp needed
  58 0016 7047     		bx	lr
  59              	.L6:
  60              		.align	2
  61              	.L5:
  62 0018 80033A40 		.word	1077543808
ARM GAS  C:\Users\Xavier\AppData\Local\Temp\ccFH8She.s 			page 7


  63              		.cfi_endproc
  64              	.LFE7:
  65              		.size	SetAnalogRoutingPumps, .-SetAnalogRoutingPumps
  66              		.section	.psocinit,"ax",%progbits
  67              		.align	1
  68              		.global	cyfitter_cfg
  69              		.code	16
  70              		.thumb_func
  71              		.type	cyfitter_cfg, %function
  72              	cyfitter_cfg:
  73              	.LFB8:
 281:Generated_Source\PSoC4/cyfitter_cfg.c **** 
 282:Generated_Source\PSoC4/cyfitter_cfg.c **** 
 283:Generated_Source\PSoC4/cyfitter_cfg.c **** 
 284:Generated_Source\PSoC4/cyfitter_cfg.c **** 
 285:Generated_Source\PSoC4/cyfitter_cfg.c **** /*******************************************************************************
 286:Generated_Source\PSoC4/cyfitter_cfg.c **** * Function Name: cyfitter_cfg
 287:Generated_Source\PSoC4/cyfitter_cfg.c **** ********************************************************************************
 288:Generated_Source\PSoC4/cyfitter_cfg.c **** * Summary:
 289:Generated_Source\PSoC4/cyfitter_cfg.c **** *  This function is called by the start-up code for the selected device. It
 290:Generated_Source\PSoC4/cyfitter_cfg.c **** *  performs all of the necessary device configuration based on the design
 291:Generated_Source\PSoC4/cyfitter_cfg.c **** *  settings.  This includes settings from the Design Wide Resources (DWR) such
 292:Generated_Source\PSoC4/cyfitter_cfg.c **** *  as Clocks and Pins as well as any component configuration that is necessary.
 293:Generated_Source\PSoC4/cyfitter_cfg.c **** *
 294:Generated_Source\PSoC4/cyfitter_cfg.c **** * Parameters:
 295:Generated_Source\PSoC4/cyfitter_cfg.c **** *   void
 296:Generated_Source\PSoC4/cyfitter_cfg.c **** *
 297:Generated_Source\PSoC4/cyfitter_cfg.c **** * Return:
 298:Generated_Source\PSoC4/cyfitter_cfg.c **** *   void
 299:Generated_Source\PSoC4/cyfitter_cfg.c **** *
 300:Generated_Source\PSoC4/cyfitter_cfg.c **** *******************************************************************************/
 301:Generated_Source\PSoC4/cyfitter_cfg.c **** CY_CFG_SECTION
 302:Generated_Source\PSoC4/cyfitter_cfg.c **** void cyfitter_cfg(void)
 303:Generated_Source\PSoC4/cyfitter_cfg.c **** {
  74              		.loc 1 303 0
  75              		.cfi_startproc
  76              		@ args = 0, pretend = 0, frame = 0
  77              		@ frame_needed = 0, uses_anonymous_args = 0
  78 0000 F8B5     		push	{r3, r4, r5, r6, r7, lr}
  79              		.cfi_def_cfa_offset 24
  80              		.cfi_offset 3, -24
  81              		.cfi_offset 4, -20
  82              		.cfi_offset 5, -16
  83              		.cfi_offset 6, -12
  84              		.cfi_offset 7, -8
  85              		.cfi_offset 14, -4
 304:Generated_Source\PSoC4/cyfitter_cfg.c **** 	/* Disable interrupts by default. Let user enable if/when they want. */
 305:Generated_Source\PSoC4/cyfitter_cfg.c **** 	CyGlobalIntDisable;
  86              		.loc 1 305 0
  87              		.syntax divided
  88              	@ 305 "Generated_Source\PSoC4\cyfitter_cfg.c" 1
  89 0002 72B6     		CPSID   i
  90              	@ 0 "" 2
  91              		.thumb
  92              		.syntax unified
  93              	.LBB10:
  94              	.LBB11:
ARM GAS  C:\Users\Xavier\AppData\Local\Temp\ccFH8She.s 			page 8


  95              	.LBB12:
  96              	.LBB13:
  77:Generated_Source\PSoC4/cyfitter_cfg.c **** }
  97              		.loc 1 77 0
  98 0004 8025     		movs	r5, #128
  99              	.LBE13:
 100              	.LBE12:
 101              	.LBE11:
 102              	.LBE10:
 306:Generated_Source\PSoC4/cyfitter_cfg.c **** 
 307:Generated_Source\PSoC4/cyfitter_cfg.c **** 	CY_SET_REG32((void *)(CYREG_BLE_BLESS_LL_DSM_CTRL), 0x00000000u);
 103              		.loc 1 307 0
 104 0006 0024     		movs	r4, #0
 105 0008 4C4E     		ldr	r6, .L8
 106              	.LBB20:
 107              	.LBB18:
 108              	.LBB16:
 109              	.LBB14:
  77:Generated_Source\PSoC4/cyfitter_cfg.c **** }
 110              		.loc 1 77 0
 111 000a ED00     		lsls	r5, r5, #3
 112              	.LBE14:
 113              	.LBE16:
 114              	.LBE18:
 115              	.LBE20:
 116              		.loc 1 307 0
 117 000c 3460     		str	r4, [r6]
 118              	.LVL5:
 119              	.LBB21:
 120              	.LBB19:
 121              	.LBB17:
 122              	.LBB15:
  77:Generated_Source\PSoC4/cyfitter_cfg.c **** }
 123              		.loc 1 77 0
 124 000e 2A00     		movs	r2, r5
 125 0010 2100     		movs	r1, r4
 126 0012 4B48     		ldr	r0, .L8+4
 127 0014 FFF7FEFF 		bl	memset
 128              	.LVL6:
 129 0018 2A00     		movs	r2, r5
 130 001a 2100     		movs	r1, r4
 131 001c 4948     		ldr	r0, .L8+8
 132 001e FFF7FEFF 		bl	memset
 133              	.LVL7:
 134              	.LBE15:
 135              	.LBE17:
 136              	.LBE19:
 308:Generated_Source\PSoC4/cyfitter_cfg.c **** 
 309:Generated_Source\PSoC4/cyfitter_cfg.c **** 	{
 310:Generated_Source\PSoC4/cyfitter_cfg.c **** 
 311:Generated_Source\PSoC4/cyfitter_cfg.c **** 		CYPACKED typedef struct {
 312:Generated_Source\PSoC4/cyfitter_cfg.c **** 			void CYFAR *address;
 313:Generated_Source\PSoC4/cyfitter_cfg.c **** 			uint16 size;
 314:Generated_Source\PSoC4/cyfitter_cfg.c **** 		} CYPACKED_ATTR cfg_memset_t;
 315:Generated_Source\PSoC4/cyfitter_cfg.c **** 
 316:Generated_Source\PSoC4/cyfitter_cfg.c **** 		static const cfg_memset_t CYCODE cfg_memset_list[] = {
 317:Generated_Source\PSoC4/cyfitter_cfg.c **** 			/* address, size */
ARM GAS  C:\Users\Xavier\AppData\Local\Temp\ccFH8She.s 			page 9


 318:Generated_Source\PSoC4/cyfitter_cfg.c **** 			{(void CYFAR *)(CYDEV_UDB_P0_U0_BASE), 1024u},
 319:Generated_Source\PSoC4/cyfitter_cfg.c **** 			{(void CYFAR *)(CYDEV_UDB_DSI0_BASE), 1024u},
 320:Generated_Source\PSoC4/cyfitter_cfg.c **** 		};
 321:Generated_Source\PSoC4/cyfitter_cfg.c **** 
 322:Generated_Source\PSoC4/cyfitter_cfg.c **** 		uint8 CYDATA i;
 323:Generated_Source\PSoC4/cyfitter_cfg.c **** 
 324:Generated_Source\PSoC4/cyfitter_cfg.c **** 		/* Zero out critical memory blocks before beginning configuration */
 325:Generated_Source\PSoC4/cyfitter_cfg.c **** 		for (i = 0u; i < (sizeof(cfg_memset_list)/sizeof(cfg_memset_list[0])); i++)
 326:Generated_Source\PSoC4/cyfitter_cfg.c **** 		{
 327:Generated_Source\PSoC4/cyfitter_cfg.c **** 			const cfg_memset_t CYCODE * CYDATA ms = &cfg_memset_list[i];
 328:Generated_Source\PSoC4/cyfitter_cfg.c **** 			CYMEMZERO(ms->address, (size_t)(uint32)(ms->size));
 329:Generated_Source\PSoC4/cyfitter_cfg.c **** 		}
 330:Generated_Source\PSoC4/cyfitter_cfg.c **** 
 331:Generated_Source\PSoC4/cyfitter_cfg.c **** 		/* HSIOM Starting address: CYDEV_HSIOM_BASE */
 332:Generated_Source\PSoC4/cyfitter_cfg.c **** 		CY_SET_REG32((void *)(CYDEV_HSIOM_BASE), 0xEE000000u);
 137              		.loc 1 332 0
 138 0022 EE22     		movs	r2, #238
 139 0024 484B     		ldr	r3, .L8+12
 140 0026 1206     		lsls	r2, r2, #24
 141 0028 1A60     		str	r2, [r3]
 333:Generated_Source\PSoC4/cyfitter_cfg.c **** 		CY_SET_REG32((void *)(CYREG_HSIOM_PORT_SEL1), 0x00990000u);
 142              		.loc 1 333 0
 143 002a 9923     		movs	r3, #153
 334:Generated_Source\PSoC4/cyfitter_cfg.c **** 
 335:Generated_Source\PSoC4/cyfitter_cfg.c **** 		/* UDB_PA_0 Starting address: CYDEV_UDB_PA0_BASE */
 336:Generated_Source\PSoC4/cyfitter_cfg.c **** 		CY_SET_REG32((void *)(CYDEV_UDB_PA0_BASE), 0x00990000u);
 337:Generated_Source\PSoC4/cyfitter_cfg.c **** 
 338:Generated_Source\PSoC4/cyfitter_cfg.c **** 		/* UDB_PA_1 Starting address: CYDEV_UDB_PA1_BASE */
 339:Generated_Source\PSoC4/cyfitter_cfg.c **** 		CY_SET_REG32((void *)(CYDEV_UDB_PA1_BASE), 0x00990000u);
 340:Generated_Source\PSoC4/cyfitter_cfg.c **** 
 341:Generated_Source\PSoC4/cyfitter_cfg.c **** 		/* UDB_PA_2 Starting address: CYDEV_UDB_PA2_BASE */
 342:Generated_Source\PSoC4/cyfitter_cfg.c **** 		CY_SET_REG32((void *)(CYDEV_UDB_PA2_BASE), 0x00990000u);
 343:Generated_Source\PSoC4/cyfitter_cfg.c **** 
 344:Generated_Source\PSoC4/cyfitter_cfg.c **** 		/* UDB_PA_3 Starting address: CYDEV_UDB_PA3_BASE */
 345:Generated_Source\PSoC4/cyfitter_cfg.c **** 		CY_SET_REG32((void *)(CYDEV_UDB_PA3_BASE), 0x00990000u);
 346:Generated_Source\PSoC4/cyfitter_cfg.c **** 
 347:Generated_Source\PSoC4/cyfitter_cfg.c **** 		/* Enable digital routing */
 348:Generated_Source\PSoC4/cyfitter_cfg.c **** 		CY_SET_XTND_REG8((void *)CYREG_UDB_UDBIF_BANK_CTL, (uint8)(CY_GET_XTND_REG8((void *)CYREG_UDB_UDB
 144              		.loc 1 348 0
 145 002c 0621     		movs	r1, #6
 333:Generated_Source\PSoC4/cyfitter_cfg.c **** 		CY_SET_REG32((void *)(CYREG_HSIOM_PORT_SEL1), 0x00990000u);
 146              		.loc 1 333 0
 147 002e 474A     		ldr	r2, .L8+16
 148 0030 1B04     		lsls	r3, r3, #16
 149 0032 1360     		str	r3, [r2]
 336:Generated_Source\PSoC4/cyfitter_cfg.c **** 
 150              		.loc 1 336 0
 151 0034 464A     		ldr	r2, .L8+20
 152              	.LBE21:
 349:Generated_Source\PSoC4/cyfitter_cfg.c **** 	}
 350:Generated_Source\PSoC4/cyfitter_cfg.c **** 
 351:Generated_Source\PSoC4/cyfitter_cfg.c **** 	/* Perform second pass device configuration. These items must be configured in specific order afte
 352:Generated_Source\PSoC4/cyfitter_cfg.c **** 	/* IOPINS0_0 Starting address: CYDEV_GPIO_PRT0_BASE */
 353:Generated_Source\PSoC4/cyfitter_cfg.c **** 	CY_SET_REG32((void *)(CYREG_GPIO_PRT0_PC), 0x00D80000u);
 354:Generated_Source\PSoC4/cyfitter_cfg.c **** 
 355:Generated_Source\PSoC4/cyfitter_cfg.c **** 	/* IOPINS0_1 Starting address: CYDEV_GPIO_PRT1_BASE */
 356:Generated_Source\PSoC4/cyfitter_cfg.c **** 	CY_SET_REG32((void *)(CYDEV_GPIO_PRT1_BASE), 0x00000020u);
ARM GAS  C:\Users\Xavier\AppData\Local\Temp\ccFH8She.s 			page 10


 357:Generated_Source\PSoC4/cyfitter_cfg.c **** 	CY_SET_REG32((void *)(CYREG_GPIO_PRT1_PC), 0x00031000u);
 153              		.loc 1 357 0
 154 0036 C420     		movs	r0, #196
 155              	.LBB22:
 336:Generated_Source\PSoC4/cyfitter_cfg.c **** 
 156              		.loc 1 336 0
 157 0038 1360     		str	r3, [r2]
 339:Generated_Source\PSoC4/cyfitter_cfg.c **** 
 158              		.loc 1 339 0
 159 003a 464A     		ldr	r2, .L8+24
 160              	.LBE22:
 161              		.loc 1 357 0
 162 003c 8002     		lsls	r0, r0, #10
 163              	.LBB23:
 339:Generated_Source\PSoC4/cyfitter_cfg.c **** 
 164              		.loc 1 339 0
 165 003e 1360     		str	r3, [r2]
 342:Generated_Source\PSoC4/cyfitter_cfg.c **** 
 166              		.loc 1 342 0
 167 0040 454A     		ldr	r2, .L8+28
 168              	.LBE23:
 358:Generated_Source\PSoC4/cyfitter_cfg.c **** 	CY_SET_REG32((void *)(CYREG_GPIO_PRT1_PC2), 0x00000020u);
 359:Generated_Source\PSoC4/cyfitter_cfg.c **** 
 360:Generated_Source\PSoC4/cyfitter_cfg.c **** 	/* IOPINS0_2 Starting address: CYDEV_GPIO_PRT2_BASE */
 361:Generated_Source\PSoC4/cyfitter_cfg.c **** 	CY_SET_REG32((void *)(CYDEV_GPIO_PRT2_BASE), 0x000000FFu);
 362:Generated_Source\PSoC4/cyfitter_cfg.c **** 	CY_SET_REG32((void *)(CYREG_GPIO_PRT2_PC), 0x00592492u);
 363:Generated_Source\PSoC4/cyfitter_cfg.c **** 	CY_SET_REG32((void *)(CYREG_GPIO_PRT2_INTR_CFG), 0x00008000u);
 364:Generated_Source\PSoC4/cyfitter_cfg.c **** 
 365:Generated_Source\PSoC4/cyfitter_cfg.c **** 	/* IOPINS0_3 Starting address: CYDEV_GPIO_PRT3_BASE */
 366:Generated_Source\PSoC4/cyfitter_cfg.c **** 	CY_SET_REG32((void *)(CYDEV_GPIO_PRT3_BASE), 0x000000C1u);
 367:Generated_Source\PSoC4/cyfitter_cfg.c **** 	CY_SET_REG32((void *)(CYREG_GPIO_PRT3_PC), 0x00D80000u);
 368:Generated_Source\PSoC4/cyfitter_cfg.c **** 	CY_SET_REG32((void *)(CYREG_GPIO_PRT3_PC2), 0x00000001u);
 169              		.loc 1 368 0
 170 0042 0125     		movs	r5, #1
 171              	.LBB24:
 342:Generated_Source\PSoC4/cyfitter_cfg.c **** 
 172              		.loc 1 342 0
 173 0044 1360     		str	r3, [r2]
 345:Generated_Source\PSoC4/cyfitter_cfg.c **** 
 174              		.loc 1 345 0
 175 0046 454A     		ldr	r2, .L8+32
 176              	.LBE24:
 177              	.LBB25:
 178              	.LBB26:
 186:Generated_Source\PSoC4/cyfitter_cfg.c **** 
 179              		.loc 1 186 0
 180 0048 454F     		ldr	r7, .L8+36
 181              	.LBE26:
 182              	.LBE25:
 183              	.LBB30:
 345:Generated_Source\PSoC4/cyfitter_cfg.c **** 
 184              		.loc 1 345 0
 185 004a 1360     		str	r3, [r2]
 348:Generated_Source\PSoC4/cyfitter_cfg.c **** 	}
 186              		.loc 1 348 0
 187 004c 454A     		ldr	r2, .L8+40
 188              	.LBE30:
ARM GAS  C:\Users\Xavier\AppData\Local\Temp\ccFH8She.s 			page 11


 369:Generated_Source\PSoC4/cyfitter_cfg.c **** 
 370:Generated_Source\PSoC4/cyfitter_cfg.c **** 
 371:Generated_Source\PSoC4/cyfitter_cfg.c **** 	/* Setup clocks based on selections from Clock DWR */
 372:Generated_Source\PSoC4/cyfitter_cfg.c **** 	ClockSetup();
 373:Generated_Source\PSoC4/cyfitter_cfg.c **** 
 374:Generated_Source\PSoC4/cyfitter_cfg.c **** 	/* Perform basic analog initialization to defaults */
 375:Generated_Source\PSoC4/cyfitter_cfg.c **** 	AnalogSetDefault();
 376:Generated_Source\PSoC4/cyfitter_cfg.c **** 
 377:Generated_Source\PSoC4/cyfitter_cfg.c **** }
 189              		.loc 1 377 0
 190              		@ sp needed
 191              	.LBB31:
 348:Generated_Source\PSoC4/cyfitter_cfg.c **** 	}
 192              		.loc 1 348 0
 193 004e 1378     		ldrb	r3, [r2]
 194 0050 0B43     		orrs	r3, r1
 195 0052 1370     		strb	r3, [r2]
 196              	.LBE31:
 353:Generated_Source\PSoC4/cyfitter_cfg.c **** 
 197              		.loc 1 353 0
 198 0054 D823     		movs	r3, #216
 199 0056 444A     		ldr	r2, .L8+44
 200 0058 1B04     		lsls	r3, r3, #16
 201 005a 1360     		str	r3, [r2]
 356:Generated_Source\PSoC4/cyfitter_cfg.c **** 	CY_SET_REG32((void *)(CYREG_GPIO_PRT1_PC), 0x00031000u);
 202              		.loc 1 356 0
 203 005c 2022     		movs	r2, #32
 204 005e 4349     		ldr	r1, .L8+48
 205 0060 0A60     		str	r2, [r1]
 357:Generated_Source\PSoC4/cyfitter_cfg.c **** 	CY_SET_REG32((void *)(CYREG_GPIO_PRT1_PC2), 0x00000020u);
 206              		.loc 1 357 0
 207 0062 4349     		ldr	r1, .L8+52
 208 0064 0860     		str	r0, [r1]
 358:Generated_Source\PSoC4/cyfitter_cfg.c **** 
 209              		.loc 1 358 0
 210 0066 4349     		ldr	r1, .L8+56
 211 0068 0A60     		str	r2, [r1]
 361:Generated_Source\PSoC4/cyfitter_cfg.c **** 	CY_SET_REG32((void *)(CYREG_GPIO_PRT2_PC), 0x00592492u);
 212              		.loc 1 361 0
 213 006a FF21     		movs	r1, #255
 214 006c 424A     		ldr	r2, .L8+60
 215 006e 1160     		str	r1, [r2]
 362:Generated_Source\PSoC4/cyfitter_cfg.c **** 	CY_SET_REG32((void *)(CYREG_GPIO_PRT2_INTR_CFG), 0x00008000u);
 216              		.loc 1 362 0
 217 0070 4249     		ldr	r1, .L8+64
 218 0072 434A     		ldr	r2, .L8+68
 219 0074 1160     		str	r1, [r2]
 363:Generated_Source\PSoC4/cyfitter_cfg.c **** 
 220              		.loc 1 363 0
 221 0076 8021     		movs	r1, #128
 222 0078 424A     		ldr	r2, .L8+72
 223 007a 0902     		lsls	r1, r1, #8
 224 007c 1160     		str	r1, [r2]
 366:Generated_Source\PSoC4/cyfitter_cfg.c **** 	CY_SET_REG32((void *)(CYREG_GPIO_PRT3_PC), 0x00D80000u);
 225              		.loc 1 366 0
 226 007e C121     		movs	r1, #193
 227 0080 414A     		ldr	r2, .L8+76
ARM GAS  C:\Users\Xavier\AppData\Local\Temp\ccFH8She.s 			page 12


 228 0082 1160     		str	r1, [r2]
 367:Generated_Source\PSoC4/cyfitter_cfg.c **** 	CY_SET_REG32((void *)(CYREG_GPIO_PRT3_PC2), 0x00000001u);
 229              		.loc 1 367 0
 230 0084 414A     		ldr	r2, .L8+80
 231 0086 1360     		str	r3, [r2]
 232              	.LBB32:
 233              	.LBB27:
 173:Generated_Source\PSoC4/cyfitter_cfg.c **** 
 234              		.loc 1 173 0
 235 0088 1222     		movs	r2, #18
 236              	.LBE27:
 237              	.LBE32:
 368:Generated_Source\PSoC4/cyfitter_cfg.c **** 
 238              		.loc 1 368 0
 239 008a 414B     		ldr	r3, .L8+84
 240 008c 1D60     		str	r5, [r3]
 241              	.LBB33:
 242              	.LBB28:
 173:Generated_Source\PSoC4/cyfitter_cfg.c **** 
 243              		.loc 1 173 0
 244 008e 414B     		ldr	r3, .L8+88
 245 0090 1A60     		str	r2, [r3]
 176:Generated_Source\PSoC4/cyfitter_cfg.c **** 	CyDelayCycles(12000000u); /* WCO may take up to 500ms to start */
 246              		.loc 1 176 0
 247 0092 FFF7FEFF 		bl	CySysClkWcoStart
 248              	.LVL8:
 177:Generated_Source\PSoC4/cyfitter_cfg.c **** 	(void)CySysClkWcoSetPowerMode(CY_SYS_CLK_WCO_LPM);    /* Switch to the low power mode */
 249              		.loc 1 177 0
 250 0096 4048     		ldr	r0, .L8+92
 251 0098 FFF7FEFF 		bl	CyDelayCycles
 252              	.LVL9:
 178:Generated_Source\PSoC4/cyfitter_cfg.c **** 
 253              		.loc 1 178 0
 254 009c 2800     		movs	r0, r5
 255 009e FFF7FEFF 		bl	CySysClkWcoSetPowerMode
 256              	.LVL10:
 181:Generated_Source\PSoC4/cyfitter_cfg.c **** 	/* CYDEV_CLK_ILO_CONFIG Starting address: CYDEV_CLK_ILO_CONFIG */
 257              		.loc 1 181 0
 258 00a2 3020     		movs	r0, #48
 259 00a4 FFF7FEFF 		bl	CySysClkWriteImoFreq
 260              	.LVL11:
 183:Generated_Source\PSoC4/cyfitter_cfg.c **** 
 261              		.loc 1 183 0
 262 00a8 3C4A     		ldr	r2, .L8+96
 263 00aa 3D4B     		ldr	r3, .L8+100
 190:Generated_Source\PSoC4/cyfitter_cfg.c **** 	CY_SET_REG32((void *)(CYREG_BLE_BLERD_BB_XO_CAPTRIM), 0x00002D6Au);
 264              		.loc 1 190 0
 265 00ac 0221     		movs	r1, #2
 183:Generated_Source\PSoC4/cyfitter_cfg.c **** 
 266              		.loc 1 183 0
 267 00ae 1A60     		str	r2, [r3]
 186:Generated_Source\PSoC4/cyfitter_cfg.c **** 
 268              		.loc 1 186 0
 269 00b0 8023     		movs	r3, #128
 190:Generated_Source\PSoC4/cyfitter_cfg.c **** 	CY_SET_REG32((void *)(CYREG_BLE_BLERD_BB_XO_CAPTRIM), 0x00002D6Au);
 270              		.loc 1 190 0
 271 00b2 3C4A     		ldr	r2, .L8+104
ARM GAS  C:\Users\Xavier\AppData\Local\Temp\ccFH8She.s 			page 13


 186:Generated_Source\PSoC4/cyfitter_cfg.c **** 
 272              		.loc 1 186 0
 273 00b4 DB05     		lsls	r3, r3, #23
 274 00b6 3B60     		str	r3, [r7]
 190:Generated_Source\PSoC4/cyfitter_cfg.c **** 	CY_SET_REG32((void *)(CYREG_BLE_BLERD_BB_XO_CAPTRIM), 0x00002D6Au);
 275              		.loc 1 190 0
 276 00b8 1368     		ldr	r3, [r2]
 197:Generated_Source\PSoC4/cyfitter_cfg.c **** 	CyDelayUs(1500u); /* Wait to stabilize */
 277              		.loc 1 197 0
 278 00ba FA20     		movs	r0, #250
 190:Generated_Source\PSoC4/cyfitter_cfg.c **** 	CY_SET_REG32((void *)(CYREG_BLE_BLERD_BB_XO_CAPTRIM), 0x00002D6Au);
 279              		.loc 1 190 0
 280 00bc 0B43     		orrs	r3, r1
 281 00be 1360     		str	r3, [r2]
 191:Generated_Source\PSoC4/cyfitter_cfg.c **** 	/*Set XTAL(ECO) divider*/
 282              		.loc 1 191 0
 283 00c0 394A     		ldr	r2, .L8+108
 284 00c2 3A4B     		ldr	r3, .L8+112
 197:Generated_Source\PSoC4/cyfitter_cfg.c **** 	CyDelayUs(1500u); /* Wait to stabilize */
 285              		.loc 1 197 0
 286 00c4 C000     		lsls	r0, r0, #3
 191:Generated_Source\PSoC4/cyfitter_cfg.c **** 	/*Set XTAL(ECO) divider*/
 287              		.loc 1 191 0
 288 00c6 1A60     		str	r2, [r3]
 195:Generated_Source\PSoC4/cyfitter_cfg.c **** 	/* Start the ECO and do not check status since it is not needed for HFCLK */
 289              		.loc 1 195 0
 290 00c8 0822     		movs	r2, #8
 193:Generated_Source\PSoC4/cyfitter_cfg.c **** 	/* Disable Crystal Stable Interrupt before enabling ECO */
 291              		.loc 1 193 0
 292 00ca 394B     		ldr	r3, .L8+116
 293 00cc 1C60     		str	r4, [r3]
 195:Generated_Source\PSoC4/cyfitter_cfg.c **** 	/* Start the ECO and do not check status since it is not needed for HFCLK */
 294              		.loc 1 195 0
 295 00ce 3368     		ldr	r3, [r6]
 296 00d0 9343     		bics	r3, r2
 297 00d2 3360     		str	r3, [r6]
 197:Generated_Source\PSoC4/cyfitter_cfg.c **** 	CyDelayUs(1500u); /* Wait to stabilize */
 298              		.loc 1 197 0
 299 00d4 FFF7FEFF 		bl	CySysClkEcoStart
 300              	.LVL12:
 198:Generated_Source\PSoC4/cyfitter_cfg.c **** 
 301              		.loc 1 198 0
 302 00d8 3648     		ldr	r0, .L8+120
 303 00da FFF7FEFF 		bl	CyDelayUs
 304              	.LVL13:
 201:Generated_Source\PSoC4/cyfitter_cfg.c **** 	CY_SET_REG32((void *)CYREG_PERI_DIV_CMD, 0x8000FF41u);
 305              		.loc 1 201 0
 306 00de E822     		movs	r2, #232
 203:Generated_Source\PSoC4/cyfitter_cfg.c **** 	CY_SET_REG32((void *)CYREG_PERI_DIV_CMD, 0x8000FF40u);
 307              		.loc 1 203 0
 308 00e0 C821     		movs	r1, #200
 201:Generated_Source\PSoC4/cyfitter_cfg.c **** 	CY_SET_REG32((void *)CYREG_PERI_DIV_CMD, 0x8000FF41u);
 309              		.loc 1 201 0
 310 00e2 354B     		ldr	r3, .L8+124
 311 00e4 5201     		lsls	r2, r2, #5
 312 00e6 1A60     		str	r2, [r3]
 202:Generated_Source\PSoC4/cyfitter_cfg.c **** 	CY_SET_REG32((void *)CYREG_PERI_DIV_16_CTL0, 0x00001900u);
ARM GAS  C:\Users\Xavier\AppData\Local\Temp\ccFH8She.s 			page 14


 313              		.loc 1 202 0
 314 00e8 344B     		ldr	r3, .L8+128
 315 00ea 354A     		ldr	r2, .L8+132
 203:Generated_Source\PSoC4/cyfitter_cfg.c **** 	CY_SET_REG32((void *)CYREG_PERI_DIV_CMD, 0x8000FF40u);
 316              		.loc 1 203 0
 317 00ec 4901     		lsls	r1, r1, #5
 202:Generated_Source\PSoC4/cyfitter_cfg.c **** 	CY_SET_REG32((void *)CYREG_PERI_DIV_16_CTL0, 0x00001900u);
 318              		.loc 1 202 0
 319 00ee 1A60     		str	r2, [r3]
 203:Generated_Source\PSoC4/cyfitter_cfg.c **** 	CY_SET_REG32((void *)CYREG_PERI_DIV_CMD, 0x8000FF40u);
 320              		.loc 1 203 0
 321 00f0 344A     		ldr	r2, .L8+136
 322              	.LBE28:
 323              	.LBE33:
 324              	.LBB34:
 325              	.LBB35:
 248:Generated_Source\PSoC4/cyfitter_cfg.c **** }
 326              		.loc 1 248 0
 327 00f2 2800     		movs	r0, r5
 328              	.LBE35:
 329              	.LBE34:
 330              	.LBB37:
 331              	.LBB29:
 203:Generated_Source\PSoC4/cyfitter_cfg.c **** 	CY_SET_REG32((void *)CYREG_PERI_DIV_CMD, 0x8000FF40u);
 332              		.loc 1 203 0
 333 00f4 1160     		str	r1, [r2]
 204:Generated_Source\PSoC4/cyfitter_cfg.c **** 
 334              		.loc 1 204 0
 335 00f6 344A     		ldr	r2, .L8+140
 336 00f8 1A60     		str	r2, [r3]
 207:Generated_Source\PSoC4/cyfitter_cfg.c **** 
 337              		.loc 1 207 0
 338 00fa 8222     		movs	r2, #130
 339 00fc 334B     		ldr	r3, .L8+144
 340 00fe 1206     		lsls	r2, r2, #24
 341 0100 1A60     		str	r2, [r3]
 210:Generated_Source\PSoC4/cyfitter_cfg.c **** 
 342              		.loc 1 210 0
 343 0102 8022     		movs	r2, #128
 344 0104 324B     		ldr	r3, .L8+148
 345 0106 1203     		lsls	r2, r2, #12
 346 0108 1A60     		str	r2, [r3]
 213:Generated_Source\PSoC4/cyfitter_cfg.c **** 
 347              		.loc 1 213 0
 348 010a 4122     		movs	r2, #65
 349 010c 314B     		ldr	r3, .L8+152
 350 010e 1A60     		str	r2, [r3]
 216:Generated_Source\PSoC4/cyfitter_cfg.c **** 
 351              		.loc 1 216 0
 352 0110 314B     		ldr	r3, .L8+156
 353 0112 013A     		subs	r2, r2, #1
 354 0114 1A60     		str	r2, [r3]
 218:Generated_Source\PSoC4/cyfitter_cfg.c **** }
 355              		.loc 1 218 0
 356 0116 8023     		movs	r3, #128
 357 0118 DB05     		lsls	r3, r3, #23
 358 011a 3B60     		str	r3, [r7]
ARM GAS  C:\Users\Xavier\AppData\Local\Temp\ccFH8She.s 			page 15


 359              	.LBE29:
 360              	.LBE37:
 361              	.LBB38:
 362              	.LBB36:
 243:Generated_Source\PSoC4/cyfitter_cfg.c **** 	CY_SET_XTND_REG32((void CYFAR *)CYREG_CTBM1_DFT_CTRL, 0x00000003u);
 363              		.loc 1 243 0
 364 011c 0323     		movs	r3, #3
 365 011e 2F4A     		ldr	r2, .L8+160
 366 0120 1360     		str	r3, [r2]
 244:Generated_Source\PSoC4/cyfitter_cfg.c **** 	CY_SET_XTND_REG32((void CYFAR *)CYREG_SAR_CTRL, 0x80000000u);
 367              		.loc 1 244 0
 368 0122 2F4A     		ldr	r2, .L8+164
 369 0124 1360     		str	r3, [r2]
 245:Generated_Source\PSoC4/cyfitter_cfg.c **** 	CY_SET_XTND_REG32((void CYFAR *)CYREG_SAR_MUX_SWITCH0, 0x00000001u);
 370              		.loc 1 245 0
 371 0126 8022     		movs	r2, #128
 372 0128 2E4B     		ldr	r3, .L8+168
 373 012a 1206     		lsls	r2, r2, #24
 374 012c 1A60     		str	r2, [r3]
 246:Generated_Source\PSoC4/cyfitter_cfg.c **** 	CY_SET_XTND_REG32((void CYFAR *)CYREG_PASS_DSAB_DSAB_CTRL, 0x00000000u);
 375              		.loc 1 246 0
 376 012e 2E4B     		ldr	r3, .L8+172
 377 0130 1D60     		str	r5, [r3]
 247:Generated_Source\PSoC4/cyfitter_cfg.c **** 	SetAnalogRoutingPumps(1);
 378              		.loc 1 247 0
 379 0132 2E4B     		ldr	r3, .L8+176
 380 0134 1C60     		str	r4, [r3]
 248:Generated_Source\PSoC4/cyfitter_cfg.c **** }
 381              		.loc 1 248 0
 382 0136 FFF7FEFF 		bl	SetAnalogRoutingPumps
 383              	.LVL14:
 384              	.LBE36:
 385              	.LBE38:
 386              		.loc 1 377 0
 387 013a F8BD     		pop	{r3, r4, r5, r6, r7, pc}
 388              	.L9:
 389              		.align	2
 390              	.L8:
 391 013c 6CF02E40 		.word	1076818028
 392 0140 00300F40 		.word	1074737152
 393 0144 00400F40 		.word	1074741248
 394 0148 00000240 		.word	1073872896
 395 014c 00010240 		.word	1073873152
 396 0150 00500F40 		.word	1074745344
 397 0154 10500F40 		.word	1074745360
 398 0158 20500F40 		.word	1074745376
 399 015c 30500F40 		.word	1074745392
 400 0160 0C020B40 		.word	1074463244
 401 0164 00700F40 		.word	1074753536
 402 0168 08000440 		.word	1074003976
 403 016c 00010440 		.word	1074004224
 404 0170 08010440 		.word	1074004232
 405 0174 18010440 		.word	1074004248
 406 0178 00020440 		.word	1074004480
 407 017c 92245900 		.word	5842066
 408 0180 08020440 		.word	1074004488
 409 0184 0C020440 		.word	1074004492
ARM GAS  C:\Users\Xavier\AppData\Local\Temp\ccFH8She.s 			page 16


 410 0188 00030440 		.word	1074004736
 411 018c 08030440 		.word	1074004744
 412 0190 18030440 		.word	1074004760
 413 0194 30001040 		.word	1074790448
 414 0198 001BB700 		.word	12000000
 415 019c 06000080 		.word	-2147483642
 416 01a0 04010B40 		.word	1074462980
 417 01a4 78002E40 		.word	1076756600
 418 01a8 6A2D0000 		.word	11626
 419 01ac 7C002E40 		.word	1076756604
 420 01b0 64F02E40 		.word	1076818020
 421 01b4 DC050000 		.word	1500
 422 01b8 04030140 		.word	1073808132
 423 01bc 00000140 		.word	1073807360
 424 01c0 41FF0080 		.word	-2147418303
 425 01c4 00030140 		.word	1073808128
 426 01c8 40FF0080 		.word	-2147418304
 427 01cc 08010B40 		.word	1074462984
 428 01d0 00010B40 		.word	1074462976
 429 01d4 18010140 		.word	1073807640
 430 01d8 04010140 		.word	1073807620
 431 01dc 30003040 		.word	1076887600
 432 01e0 30003140 		.word	1076953136
 433 01e4 00003A40 		.word	1077542912
 434 01e8 00033A40 		.word	1077543680
 435 01ec 000E3F40 		.word	1077874176
 436              		.cfi_endproc
 437              	.LFE8:
 438              		.size	cyfitter_cfg, .-cyfitter_cfg
 439              		.text
 440              	.Letext0:
 441              		.file 2 "c:\\program files (x86)\\cypress\\psoc creator\\4.4\\psoc creator\\import\\gnu\\arm\\5.4.
 442              		.file 3 "Generated_Source\\PSoC4\\cytypes.h"
 443              		.file 4 "Generated_Source\\PSoC4\\CyLFClk.h"
 444              		.file 5 "Generated_Source\\PSoC4\\CyLib.h"
 445              		.section	.debug_info,"",%progbits
 446              	.Ldebug_info0:
 447 0000 43030000 		.4byte	0x343
 448 0004 0400     		.2byte	0x4
 449 0006 00000000 		.4byte	.Ldebug_abbrev0
 450 000a 04       		.byte	0x4
 451 000b 01       		.uleb128 0x1
 452 000c 3C020000 		.4byte	.LASF35
 453 0010 0C       		.byte	0xc
 454 0011 0D020000 		.4byte	.LASF36
 455 0015 5A000000 		.4byte	.LASF37
 456 0019 A8000000 		.4byte	.Ldebug_ranges0+0xa8
 457 001d 00000000 		.4byte	0
 458 0021 00000000 		.4byte	.Ldebug_line0
 459 0025 02       		.uleb128 0x2
 460 0026 04       		.byte	0x4
 461 0027 05       		.byte	0x5
 462 0028 696E7400 		.ascii	"int\000"
 463 002c 03       		.uleb128 0x3
 464 002d 14000000 		.4byte	.LASF12
 465 0031 02       		.byte	0x2
 466 0032 D8       		.byte	0xd8
ARM GAS  C:\Users\Xavier\AppData\Local\Temp\ccFH8She.s 			page 17


 467 0033 37000000 		.4byte	0x37
 468 0037 04       		.uleb128 0x4
 469 0038 04       		.byte	0x4
 470 0039 07       		.byte	0x7
 471 003a 55010000 		.4byte	.LASF0
 472 003e 04       		.uleb128 0x4
 473 003f 08       		.byte	0x8
 474 0040 05       		.byte	0x5
 475 0041 97010000 		.4byte	.LASF1
 476 0045 04       		.uleb128 0x4
 477 0046 08       		.byte	0x8
 478 0047 04       		.byte	0x4
 479 0048 F5010000 		.4byte	.LASF2
 480 004c 04       		.uleb128 0x4
 481 004d 01       		.byte	0x1
 482 004e 06       		.byte	0x6
 483 004f 01020000 		.4byte	.LASF3
 484 0053 04       		.uleb128 0x4
 485 0054 01       		.byte	0x1
 486 0055 08       		.byte	0x8
 487 0056 1E010000 		.4byte	.LASF4
 488 005a 04       		.uleb128 0x4
 489 005b 02       		.byte	0x2
 490 005c 05       		.byte	0x5
 491 005d CD010000 		.4byte	.LASF5
 492 0061 04       		.uleb128 0x4
 493 0062 02       		.byte	0x2
 494 0063 07       		.byte	0x7
 495 0064 47000000 		.4byte	.LASF6
 496 0068 04       		.uleb128 0x4
 497 0069 04       		.byte	0x4
 498 006a 05       		.byte	0x5
 499 006b EC010000 		.4byte	.LASF7
 500 006f 04       		.uleb128 0x4
 501 0070 04       		.byte	0x4
 502 0071 07       		.byte	0x7
 503 0072 D5000000 		.4byte	.LASF8
 504 0076 04       		.uleb128 0x4
 505 0077 08       		.byte	0x8
 506 0078 07       		.byte	0x7
 507 0079 6A010000 		.4byte	.LASF9
 508 007d 04       		.uleb128 0x4
 509 007e 04       		.byte	0x4
 510 007f 07       		.byte	0x7
 511 0080 8E010000 		.4byte	.LASF10
 512 0084 05       		.uleb128 0x5
 513 0085 04       		.byte	0x4
 514 0086 04       		.uleb128 0x4
 515 0087 01       		.byte	0x1
 516 0088 08       		.byte	0x8
 517 0089 AF010000 		.4byte	.LASF11
 518 008d 06       		.uleb128 0x6
 519 008e E7000000 		.4byte	.LASF13
 520 0092 03       		.byte	0x3
 521 0093 D201     		.2byte	0x1d2
 522 0095 53000000 		.4byte	0x53
 523 0099 06       		.uleb128 0x6
ARM GAS  C:\Users\Xavier\AppData\Local\Temp\ccFH8She.s 			page 18


 524 009a 47010000 		.4byte	.LASF14
 525 009e 03       		.byte	0x3
 526 009f D301     		.2byte	0x1d3
 527 00a1 61000000 		.4byte	0x61
 528 00a5 06       		.uleb128 0x6
 529 00a6 4E010000 		.4byte	.LASF15
 530 00aa 03       		.byte	0x3
 531 00ab D401     		.2byte	0x1d4
 532 00ad 6F000000 		.4byte	0x6f
 533 00b1 04       		.uleb128 0x4
 534 00b2 04       		.byte	0x4
 535 00b3 04       		.byte	0x4
 536 00b4 AD000000 		.4byte	.LASF16
 537 00b8 04       		.uleb128 0x4
 538 00b9 08       		.byte	0x8
 539 00ba 04       		.byte	0x4
 540 00bb 33010000 		.4byte	.LASF17
 541 00bf 06       		.uleb128 0x6
 542 00c0 D0000000 		.4byte	.LASF18
 543 00c4 03       		.byte	0x3
 544 00c5 7C02     		.2byte	0x27c
 545 00c7 CB000000 		.4byte	0xcb
 546 00cb 07       		.uleb128 0x7
 547 00cc 8D000000 		.4byte	0x8d
 548 00d0 06       		.uleb128 0x6
 549 00d1 0E000000 		.4byte	.LASF19
 550 00d5 03       		.byte	0x3
 551 00d6 7E02     		.2byte	0x27e
 552 00d8 DC000000 		.4byte	0xdc
 553 00dc 07       		.uleb128 0x7
 554 00dd A5000000 		.4byte	0xa5
 555 00e1 08       		.uleb128 0x8
 556 00e2 08010000 		.4byte	.LASF22
 557 00e6 01       		.byte	0x1
 558 00e7 0C01     		.2byte	0x10c
 559 00e9 00000000 		.4byte	.LFB7
 560 00ed 1C000000 		.4byte	.LFE7-.LFB7
 561 00f1 01       		.uleb128 0x1
 562 00f2 9C       		.byte	0x9c
 563 00f3 16010000 		.4byte	0x116
 564 00f7 09       		.uleb128 0x9
 565 00f8 C5010000 		.4byte	.LASF38
 566 00fc 01       		.byte	0x1
 567 00fd 0C01     		.2byte	0x10c
 568 00ff 8D000000 		.4byte	0x8d
 569 0103 01       		.uleb128 0x1
 570 0104 50       		.byte	0x50
 571 0105 0A       		.uleb128 0xa
 572 0106 33020000 		.4byte	.LASF27
 573 010a 01       		.byte	0x1
 574 010b 0E01     		.2byte	0x10e
 575 010d A5000000 		.4byte	0xa5
 576 0111 00000000 		.4byte	.LLST0
 577 0115 00       		.byte	0
 578 0116 0B       		.uleb128 0xb
 579 0117 FE000000 		.4byte	.LASF39
 580 011b 01       		.byte	0x1
ARM GAS  C:\Users\Xavier\AppData\Local\Temp\ccFH8She.s 			page 19


 581 011c 4B       		.byte	0x4b
 582 011d 01       		.byte	0x1
 583 011e 35010000 		.4byte	0x135
 584 0122 0C       		.uleb128 0xc
 585 0123 7300     		.ascii	"s\000"
 586 0125 01       		.byte	0x1
 587 0126 4B       		.byte	0x4b
 588 0127 84000000 		.4byte	0x84
 589 012b 0C       		.uleb128 0xc
 590 012c 6E00     		.ascii	"n\000"
 591 012e 01       		.byte	0x1
 592 012f 4B       		.byte	0x4b
 593 0130 2C000000 		.4byte	0x2c
 594 0134 00       		.byte	0
 595 0135 0D       		.uleb128 0xd
 596 0136 1B000000 		.4byte	.LASF20
 597 013a 01       		.byte	0x1
 598 013b F1       		.byte	0xf1
 599 013c 01       		.byte	0x1
 600 013d 0D       		.uleb128 0xd
 601 013e 3C000000 		.4byte	.LASF21
 602 0142 01       		.byte	0x1
 603 0143 A9       		.byte	0xa9
 604 0144 01       		.byte	0x1
 605 0145 08       		.uleb128 0x8
 606 0146 3A010000 		.4byte	.LASF23
 607 014a 01       		.byte	0x1
 608 014b 2E01     		.2byte	0x12e
 609 014d 00000000 		.4byte	.LFB8
 610 0151 F0010000 		.4byte	.LFE8-.LFB8
 611 0155 01       		.uleb128 0x1
 612 0156 9C       		.byte	0x9c
 613 0157 FB020000 		.4byte	0x2fb
 614 015b 0E       		.uleb128 0xe
 615 015c 00000000 		.4byte	.Ldebug_ranges0+0
 616 0160 56020000 		.4byte	0x256
 617 0164 0F       		.uleb128 0xf
 618 0165 06       		.byte	0x6
 619 0166 01       		.byte	0x1
 620 0167 3701     		.2byte	0x137
 621 0169 88010000 		.4byte	0x188
 622 016d 10       		.uleb128 0x10
 623 016e 62010000 		.4byte	.LASF24
 624 0172 01       		.byte	0x1
 625 0173 3801     		.2byte	0x138
 626 0175 84000000 		.4byte	0x84
 627 0179 00       		.byte	0
 628 017a 10       		.uleb128 0x10
 629 017b B3000000 		.4byte	.LASF25
 630 017f 01       		.byte	0x1
 631 0180 3901     		.2byte	0x139
 632 0182 99000000 		.4byte	0x99
 633 0186 04       		.byte	0x4
 634 0187 00       		.byte	0
 635 0188 06       		.uleb128 0x6
 636 0189 81010000 		.4byte	.LASF26
 637 018d 01       		.byte	0x1
ARM GAS  C:\Users\Xavier\AppData\Local\Temp\ccFH8She.s 			page 20


 638 018e 3A01     		.2byte	0x13a
 639 0190 64010000 		.4byte	0x164
 640 0194 11       		.uleb128 0x11
 641 0195 A4010000 		.4byte	0x1a4
 642 0199 A4010000 		.4byte	0x1a4
 643 019d 12       		.uleb128 0x12
 644 019e 7D000000 		.4byte	0x7d
 645 01a2 01       		.byte	0x1
 646 01a3 00       		.byte	0
 647 01a4 13       		.uleb128 0x13
 648 01a5 88010000 		.4byte	0x188
 649 01a9 14       		.uleb128 0x14
 650 01aa 2C000000 		.4byte	.LASF28
 651 01ae 01       		.byte	0x1
 652 01af 3C01     		.2byte	0x13c
 653 01b1 C2010000 		.4byte	0x1c2
 654 01b5 0C       		.byte	0xc
 655 01b6 00       		.byte	0
 656 01b7 30       		.byte	0x30
 657 01b8 0F       		.byte	0xf
 658 01b9 40       		.byte	0x40
 659 01ba 00       		.byte	0
 660 01bb 04       		.byte	0x4
 661 01bc 00       		.byte	0
 662 01bd 40       		.byte	0x40
 663 01be 0F       		.byte	0xf
 664 01bf 40       		.byte	0x40
 665 01c0 00       		.byte	0
 666 01c1 04       		.byte	0x4
 667 01c2 13       		.uleb128 0x13
 668 01c3 94010000 		.4byte	0x194
 669 01c7 15       		.uleb128 0x15
 670 01c8 6900     		.ascii	"i\000"
 671 01ca 01       		.byte	0x1
 672 01cb 4201     		.2byte	0x142
 673 01cd 8D000000 		.4byte	0x8d
 674 01d1 1E000000 		.4byte	.LLST1
 675 01d5 16       		.uleb128 0x16
 676 01d6 48000000 		.4byte	.Ldebug_ranges0+0x48
 677 01da 15       		.uleb128 0x15
 678 01db 6D7300   		.ascii	"ms\000"
 679 01de 01       		.byte	0x1
 680 01df 4701     		.2byte	0x147
 681 01e1 E9010000 		.4byte	0x1e9
 682 01e5 4A000000 		.4byte	.LLST2
 683 01e9 17       		.uleb128 0x17
 684 01ea 04       		.byte	0x4
 685 01eb A4010000 		.4byte	0x1a4
 686 01ef 18       		.uleb128 0x18
 687 01f0 16010000 		.4byte	0x116
 688 01f4 04000000 		.4byte	.LBB12
 689 01f8 48000000 		.4byte	.Ldebug_ranges0+0x48
 690 01fc 01       		.byte	0x1
 691 01fd 4801     		.2byte	0x148
 692 01ff 19       		.uleb128 0x19
 693 0200 2B010000 		.4byte	0x12b
 694 0204 72000000 		.4byte	.LLST3
ARM GAS  C:\Users\Xavier\AppData\Local\Temp\ccFH8She.s 			page 21


 695 0208 19       		.uleb128 0x19
 696 0209 22010000 		.4byte	0x122
 697 020d 88000000 		.4byte	.LLST4
 698 0211 1A       		.uleb128 0x1a
 699 0212 18000000 		.4byte	.LVL6
 700 0216 FB020000 		.4byte	0x2fb
 701 021a 34020000 		.4byte	0x234
 702 021e 1B       		.uleb128 0x1b
 703 021f 01       		.uleb128 0x1
 704 0220 50       		.byte	0x50
 705 0221 05       		.uleb128 0x5
 706 0222 0C       		.byte	0xc
 707 0223 00300F40 		.4byte	0x400f3000
 708 0227 1B       		.uleb128 0x1b
 709 0228 01       		.uleb128 0x1
 710 0229 51       		.byte	0x51
 711 022a 02       		.uleb128 0x2
 712 022b 74       		.byte	0x74
 713 022c 00       		.sleb128 0
 714 022d 1B       		.uleb128 0x1b
 715 022e 01       		.uleb128 0x1
 716 022f 52       		.byte	0x52
 717 0230 02       		.uleb128 0x2
 718 0231 75       		.byte	0x75
 719 0232 00       		.sleb128 0
 720 0233 00       		.byte	0
 721 0234 1C       		.uleb128 0x1c
 722 0235 22000000 		.4byte	.LVL7
 723 0239 FB020000 		.4byte	0x2fb
 724 023d 1B       		.uleb128 0x1b
 725 023e 01       		.uleb128 0x1
 726 023f 50       		.byte	0x50
 727 0240 05       		.uleb128 0x5
 728 0241 0C       		.byte	0xc
 729 0242 00400F40 		.4byte	0x400f4000
 730 0246 1B       		.uleb128 0x1b
 731 0247 01       		.uleb128 0x1
 732 0248 51       		.byte	0x51
 733 0249 02       		.uleb128 0x2
 734 024a 74       		.byte	0x74
 735 024b 00       		.sleb128 0
 736 024c 1B       		.uleb128 0x1b
 737 024d 01       		.uleb128 0x1
 738 024e 52       		.byte	0x52
 739 024f 02       		.uleb128 0x2
 740 0250 75       		.byte	0x75
 741 0251 00       		.sleb128 0
 742 0252 00       		.byte	0
 743 0253 00       		.byte	0
 744 0254 00       		.byte	0
 745 0255 00       		.byte	0
 746 0256 1D       		.uleb128 0x1d
 747 0257 3D010000 		.4byte	0x13d
 748 025b 48000000 		.4byte	.LBB25
 749 025f 68000000 		.4byte	.Ldebug_ranges0+0x68
 750 0263 01       		.byte	0x1
 751 0264 7401     		.2byte	0x174
ARM GAS  C:\Users\Xavier\AppData\Local\Temp\ccFH8She.s 			page 22


 752 0266 D9020000 		.4byte	0x2d9
 753 026a 1E       		.uleb128 0x1e
 754 026b 96000000 		.4byte	.LVL8
 755 026f 04030000 		.4byte	0x304
 756 0273 1A       		.uleb128 0x1a
 757 0274 9C000000 		.4byte	.LVL9
 758 0278 0F030000 		.4byte	0x30f
 759 027c 8A020000 		.4byte	0x28a
 760 0280 1B       		.uleb128 0x1b
 761 0281 01       		.uleb128 0x1
 762 0282 50       		.byte	0x50
 763 0283 05       		.uleb128 0x5
 764 0284 0C       		.byte	0xc
 765 0285 001BB700 		.4byte	0xb71b00
 766 0289 00       		.byte	0
 767 028a 1A       		.uleb128 0x1a
 768 028b A2000000 		.4byte	.LVL10
 769 028f 1A030000 		.4byte	0x31a
 770 0293 9E020000 		.4byte	0x29e
 771 0297 1B       		.uleb128 0x1b
 772 0298 01       		.uleb128 0x1
 773 0299 50       		.byte	0x50
 774 029a 02       		.uleb128 0x2
 775 029b 75       		.byte	0x75
 776 029c 00       		.sleb128 0
 777 029d 00       		.byte	0
 778 029e 1A       		.uleb128 0x1a
 779 029f A8000000 		.4byte	.LVL11
 780 02a3 25030000 		.4byte	0x325
 781 02a7 B2020000 		.4byte	0x2b2
 782 02ab 1B       		.uleb128 0x1b
 783 02ac 01       		.uleb128 0x1
 784 02ad 50       		.byte	0x50
 785 02ae 02       		.uleb128 0x2
 786 02af 08       		.byte	0x8
 787 02b0 30       		.byte	0x30
 788 02b1 00       		.byte	0
 789 02b2 1A       		.uleb128 0x1a
 790 02b3 D8000000 		.4byte	.LVL12
 791 02b7 30030000 		.4byte	0x330
 792 02bb C7020000 		.4byte	0x2c7
 793 02bf 1B       		.uleb128 0x1b
 794 02c0 01       		.uleb128 0x1
 795 02c1 50       		.byte	0x50
 796 02c2 03       		.uleb128 0x3
 797 02c3 0A       		.byte	0xa
 798 02c4 D007     		.2byte	0x7d0
 799 02c6 00       		.byte	0
 800 02c7 1C       		.uleb128 0x1c
 801 02c8 DE000000 		.4byte	.LVL13
 802 02cc 3B030000 		.4byte	0x33b
 803 02d0 1B       		.uleb128 0x1b
 804 02d1 01       		.uleb128 0x1
 805 02d2 50       		.byte	0x50
 806 02d3 03       		.uleb128 0x3
 807 02d4 0A       		.byte	0xa
 808 02d5 DC05     		.2byte	0x5dc
ARM GAS  C:\Users\Xavier\AppData\Local\Temp\ccFH8She.s 			page 23


 809 02d7 00       		.byte	0
 810 02d8 00       		.byte	0
 811 02d9 18       		.uleb128 0x18
 812 02da 35010000 		.4byte	0x135
 813 02de F2000000 		.4byte	.LBB34
 814 02e2 90000000 		.4byte	.Ldebug_ranges0+0x90
 815 02e6 01       		.byte	0x1
 816 02e7 7701     		.2byte	0x177
 817 02e9 1C       		.uleb128 0x1c
 818 02ea 3A010000 		.4byte	.LVL14
 819 02ee E1000000 		.4byte	0xe1
 820 02f2 1B       		.uleb128 0x1b
 821 02f3 01       		.uleb128 0x1
 822 02f4 50       		.byte	0x50
 823 02f5 02       		.uleb128 0x2
 824 02f6 75       		.byte	0x75
 825 02f7 00       		.sleb128 0
 826 02f8 00       		.byte	0
 827 02f9 00       		.byte	0
 828 02fa 00       		.byte	0
 829 02fb 1F       		.uleb128 0x1f
 830 02fc 2C010000 		.4byte	.LASF40
 831 0300 2C010000 		.4byte	.LASF40
 832 0304 20       		.uleb128 0x20
 833 0305 ED000000 		.4byte	.LASF29
 834 0309 ED000000 		.4byte	.LASF29
 835 030d 04       		.byte	0x4
 836 030e 4E       		.byte	0x4e
 837 030f 20       		.uleb128 0x20
 838 0310 00000000 		.4byte	.LASF30
 839 0314 00000000 		.4byte	.LASF30
 840 0318 05       		.byte	0x5
 841 0319 DC       		.byte	0xdc
 842 031a 20       		.uleb128 0x20
 843 031b B8000000 		.4byte	.LASF31
 844 031f B8000000 		.4byte	.LASF31
 845 0323 04       		.byte	0x4
 846 0324 50       		.byte	0x50
 847 0325 20       		.uleb128 0x20
 848 0326 D7010000 		.4byte	.LASF32
 849 032a D7010000 		.4byte	.LASF32
 850 032e 05       		.byte	0x5
 851 032f 6C       		.byte	0x6c
 852 0330 20       		.uleb128 0x20
 853 0331 B4010000 		.4byte	.LASF33
 854 0335 B4010000 		.4byte	.LASF33
 855 0339 05       		.byte	0x5
 856 033a 84       		.byte	0x84
 857 033b 20       		.uleb128 0x20
 858 033c A5010000 		.4byte	.LASF34
 859 0340 A5010000 		.4byte	.LASF34
 860 0344 05       		.byte	0x5
 861 0345 DA       		.byte	0xda
 862 0346 00       		.byte	0
 863              		.section	.debug_abbrev,"",%progbits
 864              	.Ldebug_abbrev0:
 865 0000 01       		.uleb128 0x1
ARM GAS  C:\Users\Xavier\AppData\Local\Temp\ccFH8She.s 			page 24


 866 0001 11       		.uleb128 0x11
 867 0002 01       		.byte	0x1
 868 0003 25       		.uleb128 0x25
 869 0004 0E       		.uleb128 0xe
 870 0005 13       		.uleb128 0x13
 871 0006 0B       		.uleb128 0xb
 872 0007 03       		.uleb128 0x3
 873 0008 0E       		.uleb128 0xe
 874 0009 1B       		.uleb128 0x1b
 875 000a 0E       		.uleb128 0xe
 876 000b 55       		.uleb128 0x55
 877 000c 17       		.uleb128 0x17
 878 000d 11       		.uleb128 0x11
 879 000e 01       		.uleb128 0x1
 880 000f 10       		.uleb128 0x10
 881 0010 17       		.uleb128 0x17
 882 0011 00       		.byte	0
 883 0012 00       		.byte	0
 884 0013 02       		.uleb128 0x2
 885 0014 24       		.uleb128 0x24
 886 0015 00       		.byte	0
 887 0016 0B       		.uleb128 0xb
 888 0017 0B       		.uleb128 0xb
 889 0018 3E       		.uleb128 0x3e
 890 0019 0B       		.uleb128 0xb
 891 001a 03       		.uleb128 0x3
 892 001b 08       		.uleb128 0x8
 893 001c 00       		.byte	0
 894 001d 00       		.byte	0
 895 001e 03       		.uleb128 0x3
 896 001f 16       		.uleb128 0x16
 897 0020 00       		.byte	0
 898 0021 03       		.uleb128 0x3
 899 0022 0E       		.uleb128 0xe
 900 0023 3A       		.uleb128 0x3a
 901 0024 0B       		.uleb128 0xb
 902 0025 3B       		.uleb128 0x3b
 903 0026 0B       		.uleb128 0xb
 904 0027 49       		.uleb128 0x49
 905 0028 13       		.uleb128 0x13
 906 0029 00       		.byte	0
 907 002a 00       		.byte	0
 908 002b 04       		.uleb128 0x4
 909 002c 24       		.uleb128 0x24
 910 002d 00       		.byte	0
 911 002e 0B       		.uleb128 0xb
 912 002f 0B       		.uleb128 0xb
 913 0030 3E       		.uleb128 0x3e
 914 0031 0B       		.uleb128 0xb
 915 0032 03       		.uleb128 0x3
 916 0033 0E       		.uleb128 0xe
 917 0034 00       		.byte	0
 918 0035 00       		.byte	0
 919 0036 05       		.uleb128 0x5
 920 0037 0F       		.uleb128 0xf
 921 0038 00       		.byte	0
 922 0039 0B       		.uleb128 0xb
ARM GAS  C:\Users\Xavier\AppData\Local\Temp\ccFH8She.s 			page 25


 923 003a 0B       		.uleb128 0xb
 924 003b 00       		.byte	0
 925 003c 00       		.byte	0
 926 003d 06       		.uleb128 0x6
 927 003e 16       		.uleb128 0x16
 928 003f 00       		.byte	0
 929 0040 03       		.uleb128 0x3
 930 0041 0E       		.uleb128 0xe
 931 0042 3A       		.uleb128 0x3a
 932 0043 0B       		.uleb128 0xb
 933 0044 3B       		.uleb128 0x3b
 934 0045 05       		.uleb128 0x5
 935 0046 49       		.uleb128 0x49
 936 0047 13       		.uleb128 0x13
 937 0048 00       		.byte	0
 938 0049 00       		.byte	0
 939 004a 07       		.uleb128 0x7
 940 004b 35       		.uleb128 0x35
 941 004c 00       		.byte	0
 942 004d 49       		.uleb128 0x49
 943 004e 13       		.uleb128 0x13
 944 004f 00       		.byte	0
 945 0050 00       		.byte	0
 946 0051 08       		.uleb128 0x8
 947 0052 2E       		.uleb128 0x2e
 948 0053 01       		.byte	0x1
 949 0054 3F       		.uleb128 0x3f
 950 0055 19       		.uleb128 0x19
 951 0056 03       		.uleb128 0x3
 952 0057 0E       		.uleb128 0xe
 953 0058 3A       		.uleb128 0x3a
 954 0059 0B       		.uleb128 0xb
 955 005a 3B       		.uleb128 0x3b
 956 005b 05       		.uleb128 0x5
 957 005c 27       		.uleb128 0x27
 958 005d 19       		.uleb128 0x19
 959 005e 11       		.uleb128 0x11
 960 005f 01       		.uleb128 0x1
 961 0060 12       		.uleb128 0x12
 962 0061 06       		.uleb128 0x6
 963 0062 40       		.uleb128 0x40
 964 0063 18       		.uleb128 0x18
 965 0064 9742     		.uleb128 0x2117
 966 0066 19       		.uleb128 0x19
 967 0067 01       		.uleb128 0x1
 968 0068 13       		.uleb128 0x13
 969 0069 00       		.byte	0
 970 006a 00       		.byte	0
 971 006b 09       		.uleb128 0x9
 972 006c 05       		.uleb128 0x5
 973 006d 00       		.byte	0
 974 006e 03       		.uleb128 0x3
 975 006f 0E       		.uleb128 0xe
 976 0070 3A       		.uleb128 0x3a
 977 0071 0B       		.uleb128 0xb
 978 0072 3B       		.uleb128 0x3b
 979 0073 05       		.uleb128 0x5
ARM GAS  C:\Users\Xavier\AppData\Local\Temp\ccFH8She.s 			page 26


 980 0074 49       		.uleb128 0x49
 981 0075 13       		.uleb128 0x13
 982 0076 02       		.uleb128 0x2
 983 0077 18       		.uleb128 0x18
 984 0078 00       		.byte	0
 985 0079 00       		.byte	0
 986 007a 0A       		.uleb128 0xa
 987 007b 34       		.uleb128 0x34
 988 007c 00       		.byte	0
 989 007d 03       		.uleb128 0x3
 990 007e 0E       		.uleb128 0xe
 991 007f 3A       		.uleb128 0x3a
 992 0080 0B       		.uleb128 0xb
 993 0081 3B       		.uleb128 0x3b
 994 0082 05       		.uleb128 0x5
 995 0083 49       		.uleb128 0x49
 996 0084 13       		.uleb128 0x13
 997 0085 02       		.uleb128 0x2
 998 0086 17       		.uleb128 0x17
 999 0087 00       		.byte	0
 1000 0088 00       		.byte	0
 1001 0089 0B       		.uleb128 0xb
 1002 008a 2E       		.uleb128 0x2e
 1003 008b 01       		.byte	0x1
 1004 008c 03       		.uleb128 0x3
 1005 008d 0E       		.uleb128 0xe
 1006 008e 3A       		.uleb128 0x3a
 1007 008f 0B       		.uleb128 0xb
 1008 0090 3B       		.uleb128 0x3b
 1009 0091 0B       		.uleb128 0xb
 1010 0092 27       		.uleb128 0x27
 1011 0093 19       		.uleb128 0x19
 1012 0094 20       		.uleb128 0x20
 1013 0095 0B       		.uleb128 0xb
 1014 0096 01       		.uleb128 0x1
 1015 0097 13       		.uleb128 0x13
 1016 0098 00       		.byte	0
 1017 0099 00       		.byte	0
 1018 009a 0C       		.uleb128 0xc
 1019 009b 05       		.uleb128 0x5
 1020 009c 00       		.byte	0
 1021 009d 03       		.uleb128 0x3
 1022 009e 08       		.uleb128 0x8
 1023 009f 3A       		.uleb128 0x3a
 1024 00a0 0B       		.uleb128 0xb
 1025 00a1 3B       		.uleb128 0x3b
 1026 00a2 0B       		.uleb128 0xb
 1027 00a3 49       		.uleb128 0x49
 1028 00a4 13       		.uleb128 0x13
 1029 00a5 00       		.byte	0
 1030 00a6 00       		.byte	0
 1031 00a7 0D       		.uleb128 0xd
 1032 00a8 2E       		.uleb128 0x2e
 1033 00a9 00       		.byte	0
 1034 00aa 03       		.uleb128 0x3
 1035 00ab 0E       		.uleb128 0xe
 1036 00ac 3A       		.uleb128 0x3a
ARM GAS  C:\Users\Xavier\AppData\Local\Temp\ccFH8She.s 			page 27


 1037 00ad 0B       		.uleb128 0xb
 1038 00ae 3B       		.uleb128 0x3b
 1039 00af 0B       		.uleb128 0xb
 1040 00b0 27       		.uleb128 0x27
 1041 00b1 19       		.uleb128 0x19
 1042 00b2 20       		.uleb128 0x20
 1043 00b3 0B       		.uleb128 0xb
 1044 00b4 00       		.byte	0
 1045 00b5 00       		.byte	0
 1046 00b6 0E       		.uleb128 0xe
 1047 00b7 0B       		.uleb128 0xb
 1048 00b8 01       		.byte	0x1
 1049 00b9 55       		.uleb128 0x55
 1050 00ba 17       		.uleb128 0x17
 1051 00bb 01       		.uleb128 0x1
 1052 00bc 13       		.uleb128 0x13
 1053 00bd 00       		.byte	0
 1054 00be 00       		.byte	0
 1055 00bf 0F       		.uleb128 0xf
 1056 00c0 13       		.uleb128 0x13
 1057 00c1 01       		.byte	0x1
 1058 00c2 0B       		.uleb128 0xb
 1059 00c3 0B       		.uleb128 0xb
 1060 00c4 3A       		.uleb128 0x3a
 1061 00c5 0B       		.uleb128 0xb
 1062 00c6 3B       		.uleb128 0x3b
 1063 00c7 05       		.uleb128 0x5
 1064 00c8 01       		.uleb128 0x1
 1065 00c9 13       		.uleb128 0x13
 1066 00ca 00       		.byte	0
 1067 00cb 00       		.byte	0
 1068 00cc 10       		.uleb128 0x10
 1069 00cd 0D       		.uleb128 0xd
 1070 00ce 00       		.byte	0
 1071 00cf 03       		.uleb128 0x3
 1072 00d0 0E       		.uleb128 0xe
 1073 00d1 3A       		.uleb128 0x3a
 1074 00d2 0B       		.uleb128 0xb
 1075 00d3 3B       		.uleb128 0x3b
 1076 00d4 05       		.uleb128 0x5
 1077 00d5 49       		.uleb128 0x49
 1078 00d6 13       		.uleb128 0x13
 1079 00d7 38       		.uleb128 0x38
 1080 00d8 0B       		.uleb128 0xb
 1081 00d9 00       		.byte	0
 1082 00da 00       		.byte	0
 1083 00db 11       		.uleb128 0x11
 1084 00dc 01       		.uleb128 0x1
 1085 00dd 01       		.byte	0x1
 1086 00de 49       		.uleb128 0x49
 1087 00df 13       		.uleb128 0x13
 1088 00e0 01       		.uleb128 0x1
 1089 00e1 13       		.uleb128 0x13
 1090 00e2 00       		.byte	0
 1091 00e3 00       		.byte	0
 1092 00e4 12       		.uleb128 0x12
 1093 00e5 21       		.uleb128 0x21
ARM GAS  C:\Users\Xavier\AppData\Local\Temp\ccFH8She.s 			page 28


 1094 00e6 00       		.byte	0
 1095 00e7 49       		.uleb128 0x49
 1096 00e8 13       		.uleb128 0x13
 1097 00e9 2F       		.uleb128 0x2f
 1098 00ea 0B       		.uleb128 0xb
 1099 00eb 00       		.byte	0
 1100 00ec 00       		.byte	0
 1101 00ed 13       		.uleb128 0x13
 1102 00ee 26       		.uleb128 0x26
 1103 00ef 00       		.byte	0
 1104 00f0 49       		.uleb128 0x49
 1105 00f1 13       		.uleb128 0x13
 1106 00f2 00       		.byte	0
 1107 00f3 00       		.byte	0
 1108 00f4 14       		.uleb128 0x14
 1109 00f5 34       		.uleb128 0x34
 1110 00f6 00       		.byte	0
 1111 00f7 03       		.uleb128 0x3
 1112 00f8 0E       		.uleb128 0xe
 1113 00f9 3A       		.uleb128 0x3a
 1114 00fa 0B       		.uleb128 0xb
 1115 00fb 3B       		.uleb128 0x3b
 1116 00fc 05       		.uleb128 0x5
 1117 00fd 49       		.uleb128 0x49
 1118 00fe 13       		.uleb128 0x13
 1119 00ff 1C       		.uleb128 0x1c
 1120 0100 0A       		.uleb128 0xa
 1121 0101 00       		.byte	0
 1122 0102 00       		.byte	0
 1123 0103 15       		.uleb128 0x15
 1124 0104 34       		.uleb128 0x34
 1125 0105 00       		.byte	0
 1126 0106 03       		.uleb128 0x3
 1127 0107 08       		.uleb128 0x8
 1128 0108 3A       		.uleb128 0x3a
 1129 0109 0B       		.uleb128 0xb
 1130 010a 3B       		.uleb128 0x3b
 1131 010b 05       		.uleb128 0x5
 1132 010c 49       		.uleb128 0x49
 1133 010d 13       		.uleb128 0x13
 1134 010e 02       		.uleb128 0x2
 1135 010f 17       		.uleb128 0x17
 1136 0110 00       		.byte	0
 1137 0111 00       		.byte	0
 1138 0112 16       		.uleb128 0x16
 1139 0113 0B       		.uleb128 0xb
 1140 0114 01       		.byte	0x1
 1141 0115 55       		.uleb128 0x55
 1142 0116 17       		.uleb128 0x17
 1143 0117 00       		.byte	0
 1144 0118 00       		.byte	0
 1145 0119 17       		.uleb128 0x17
 1146 011a 0F       		.uleb128 0xf
 1147 011b 00       		.byte	0
 1148 011c 0B       		.uleb128 0xb
 1149 011d 0B       		.uleb128 0xb
 1150 011e 49       		.uleb128 0x49
ARM GAS  C:\Users\Xavier\AppData\Local\Temp\ccFH8She.s 			page 29


 1151 011f 13       		.uleb128 0x13
 1152 0120 00       		.byte	0
 1153 0121 00       		.byte	0
 1154 0122 18       		.uleb128 0x18
 1155 0123 1D       		.uleb128 0x1d
 1156 0124 01       		.byte	0x1
 1157 0125 31       		.uleb128 0x31
 1158 0126 13       		.uleb128 0x13
 1159 0127 52       		.uleb128 0x52
 1160 0128 01       		.uleb128 0x1
 1161 0129 55       		.uleb128 0x55
 1162 012a 17       		.uleb128 0x17
 1163 012b 58       		.uleb128 0x58
 1164 012c 0B       		.uleb128 0xb
 1165 012d 59       		.uleb128 0x59
 1166 012e 05       		.uleb128 0x5
 1167 012f 00       		.byte	0
 1168 0130 00       		.byte	0
 1169 0131 19       		.uleb128 0x19
 1170 0132 05       		.uleb128 0x5
 1171 0133 00       		.byte	0
 1172 0134 31       		.uleb128 0x31
 1173 0135 13       		.uleb128 0x13
 1174 0136 02       		.uleb128 0x2
 1175 0137 17       		.uleb128 0x17
 1176 0138 00       		.byte	0
 1177 0139 00       		.byte	0
 1178 013a 1A       		.uleb128 0x1a
 1179 013b 898201   		.uleb128 0x4109
 1180 013e 01       		.byte	0x1
 1181 013f 11       		.uleb128 0x11
 1182 0140 01       		.uleb128 0x1
 1183 0141 31       		.uleb128 0x31
 1184 0142 13       		.uleb128 0x13
 1185 0143 01       		.uleb128 0x1
 1186 0144 13       		.uleb128 0x13
 1187 0145 00       		.byte	0
 1188 0146 00       		.byte	0
 1189 0147 1B       		.uleb128 0x1b
 1190 0148 8A8201   		.uleb128 0x410a
 1191 014b 00       		.byte	0
 1192 014c 02       		.uleb128 0x2
 1193 014d 18       		.uleb128 0x18
 1194 014e 9142     		.uleb128 0x2111
 1195 0150 18       		.uleb128 0x18
 1196 0151 00       		.byte	0
 1197 0152 00       		.byte	0
 1198 0153 1C       		.uleb128 0x1c
 1199 0154 898201   		.uleb128 0x4109
 1200 0157 01       		.byte	0x1
 1201 0158 11       		.uleb128 0x11
 1202 0159 01       		.uleb128 0x1
 1203 015a 31       		.uleb128 0x31
 1204 015b 13       		.uleb128 0x13
 1205 015c 00       		.byte	0
 1206 015d 00       		.byte	0
 1207 015e 1D       		.uleb128 0x1d
ARM GAS  C:\Users\Xavier\AppData\Local\Temp\ccFH8She.s 			page 30


 1208 015f 1D       		.uleb128 0x1d
 1209 0160 01       		.byte	0x1
 1210 0161 31       		.uleb128 0x31
 1211 0162 13       		.uleb128 0x13
 1212 0163 52       		.uleb128 0x52
 1213 0164 01       		.uleb128 0x1
 1214 0165 55       		.uleb128 0x55
 1215 0166 17       		.uleb128 0x17
 1216 0167 58       		.uleb128 0x58
 1217 0168 0B       		.uleb128 0xb
 1218 0169 59       		.uleb128 0x59
 1219 016a 05       		.uleb128 0x5
 1220 016b 01       		.uleb128 0x1
 1221 016c 13       		.uleb128 0x13
 1222 016d 00       		.byte	0
 1223 016e 00       		.byte	0
 1224 016f 1E       		.uleb128 0x1e
 1225 0170 898201   		.uleb128 0x4109
 1226 0173 00       		.byte	0
 1227 0174 11       		.uleb128 0x11
 1228 0175 01       		.uleb128 0x1
 1229 0176 31       		.uleb128 0x31
 1230 0177 13       		.uleb128 0x13
 1231 0178 00       		.byte	0
 1232 0179 00       		.byte	0
 1233 017a 1F       		.uleb128 0x1f
 1234 017b 2E       		.uleb128 0x2e
 1235 017c 00       		.byte	0
 1236 017d 3F       		.uleb128 0x3f
 1237 017e 19       		.uleb128 0x19
 1238 017f 3C       		.uleb128 0x3c
 1239 0180 19       		.uleb128 0x19
 1240 0181 6E       		.uleb128 0x6e
 1241 0182 0E       		.uleb128 0xe
 1242 0183 03       		.uleb128 0x3
 1243 0184 0E       		.uleb128 0xe
 1244 0185 00       		.byte	0
 1245 0186 00       		.byte	0
 1246 0187 20       		.uleb128 0x20
 1247 0188 2E       		.uleb128 0x2e
 1248 0189 00       		.byte	0
 1249 018a 3F       		.uleb128 0x3f
 1250 018b 19       		.uleb128 0x19
 1251 018c 3C       		.uleb128 0x3c
 1252 018d 19       		.uleb128 0x19
 1253 018e 6E       		.uleb128 0x6e
 1254 018f 0E       		.uleb128 0xe
 1255 0190 03       		.uleb128 0x3
 1256 0191 0E       		.uleb128 0xe
 1257 0192 3A       		.uleb128 0x3a
 1258 0193 0B       		.uleb128 0xb
 1259 0194 3B       		.uleb128 0x3b
 1260 0195 0B       		.uleb128 0xb
 1261 0196 00       		.byte	0
 1262 0197 00       		.byte	0
 1263 0198 00       		.byte	0
 1264              		.section	.debug_loc,"",%progbits
ARM GAS  C:\Users\Xavier\AppData\Local\Temp\ccFH8She.s 			page 31


 1265              	.Ldebug_loc0:
 1266              	.LLST0:
 1267 0000 04000000 		.4byte	.LVL1
 1268 0004 12000000 		.4byte	.LVL3
 1269 0008 0100     		.2byte	0x1
 1270 000a 53       		.byte	0x53
 1271 000b 14000000 		.4byte	.LVL4
 1272 000f 1C000000 		.4byte	.LFE7
 1273 0013 0100     		.2byte	0x1
 1274 0015 53       		.byte	0x53
 1275 0016 00000000 		.4byte	0
 1276 001a 00000000 		.4byte	0
 1277              	.LLST1:
 1278 001e 0E000000 		.4byte	.LVL5
 1279 0022 18000000 		.4byte	.LVL6
 1280 0026 0200     		.2byte	0x2
 1281 0028 30       		.byte	0x30
 1282 0029 9F       		.byte	0x9f
 1283 002a 18000000 		.4byte	.LVL6
 1284 002e 22000000 		.4byte	.LVL7
 1285 0032 0200     		.2byte	0x2
 1286 0034 31       		.byte	0x31
 1287 0035 9F       		.byte	0x9f
 1288 0036 22000000 		.4byte	.LVL7
 1289 003a F0010000 		.4byte	.LFE8
 1290 003e 0200     		.2byte	0x2
 1291 0040 32       		.byte	0x32
 1292 0041 9F       		.byte	0x9f
 1293 0042 00000000 		.4byte	0
 1294 0046 00000000 		.4byte	0
 1295              	.LLST2:
 1296 004a 0E000000 		.4byte	.LVL5
 1297 004e 18000000 		.4byte	.LVL6
 1298 0052 0600     		.2byte	0x6
 1299 0054 F2       		.byte	0xf2
 1300 0055 A9010000 		.4byte	.Ldebug_info0+425
 1301 0059 00       		.sleb128 0
 1302 005a 18000000 		.4byte	.LVL6
 1303 005e F0010000 		.4byte	.LFE8
 1304 0062 0600     		.2byte	0x6
 1305 0064 F2       		.byte	0xf2
 1306 0065 A9010000 		.4byte	.Ldebug_info0+425
 1307 0069 06       		.sleb128 6
 1308 006a 00000000 		.4byte	0
 1309 006e 00000000 		.4byte	0
 1310              	.LLST3:
 1311 0072 0E000000 		.4byte	.LVL5
 1312 0076 22000000 		.4byte	.LVL7
 1313 007a 0400     		.2byte	0x4
 1314 007c 0A       		.byte	0xa
 1315 007d 0004     		.2byte	0x400
 1316 007f 9F       		.byte	0x9f
 1317 0080 00000000 		.4byte	0
 1318 0084 00000000 		.4byte	0
 1319              	.LLST4:
 1320 0088 0E000000 		.4byte	.LVL5
 1321 008c 18000000 		.4byte	.LVL6
ARM GAS  C:\Users\Xavier\AppData\Local\Temp\ccFH8She.s 			page 32


 1322 0090 0600     		.2byte	0x6
 1323 0092 0C       		.byte	0xc
 1324 0093 00300F40 		.4byte	0x400f3000
 1325 0097 9F       		.byte	0x9f
 1326 0098 18000000 		.4byte	.LVL6
 1327 009c 22000000 		.4byte	.LVL7
 1328 00a0 0600     		.2byte	0x6
 1329 00a2 0C       		.byte	0xc
 1330 00a3 00400F40 		.4byte	0x400f4000
 1331 00a7 9F       		.byte	0x9f
 1332 00a8 00000000 		.4byte	0
 1333 00ac 00000000 		.4byte	0
 1334              		.section	.debug_aranges,"",%progbits
 1335 0000 24000000 		.4byte	0x24
 1336 0004 0200     		.2byte	0x2
 1337 0006 00000000 		.4byte	.Ldebug_info0
 1338 000a 04       		.byte	0x4
 1339 000b 00       		.byte	0
 1340 000c 0000     		.2byte	0
 1341 000e 0000     		.2byte	0
 1342 0010 00000000 		.4byte	.LFB7
 1343 0014 1C000000 		.4byte	.LFE7-.LFB7
 1344 0018 00000000 		.4byte	.LFB8
 1345 001c F0010000 		.4byte	.LFE8-.LFB8
 1346 0020 00000000 		.4byte	0
 1347 0024 00000000 		.4byte	0
 1348              		.section	.debug_ranges,"",%progbits
 1349              	.Ldebug_ranges0:
 1350 0000 04000000 		.4byte	.LBB10
 1351 0004 06000000 		.4byte	.LBE10
 1352 0008 0A000000 		.4byte	.LBB20
 1353 000c 0C000000 		.4byte	.LBE20
 1354 0010 0E000000 		.4byte	.LBB21
 1355 0014 36000000 		.4byte	.LBE21
 1356 0018 38000000 		.4byte	.LBB22
 1357 001c 3C000000 		.4byte	.LBE22
 1358 0020 3E000000 		.4byte	.LBB23
 1359 0024 42000000 		.4byte	.LBE23
 1360 0028 44000000 		.4byte	.LBB24
 1361 002c 48000000 		.4byte	.LBE24
 1362 0030 4A000000 		.4byte	.LBB30
 1363 0034 4E000000 		.4byte	.LBE30
 1364 0038 4E000000 		.4byte	.LBB31
 1365 003c 54000000 		.4byte	.LBE31
 1366 0040 00000000 		.4byte	0
 1367 0044 00000000 		.4byte	0
 1368 0048 04000000 		.4byte	.LBB11
 1369 004c 06000000 		.4byte	.LBE11
 1370 0050 0A000000 		.4byte	.LBB18
 1371 0054 0C000000 		.4byte	.LBE18
 1372 0058 0E000000 		.4byte	.LBB19
 1373 005c 22000000 		.4byte	.LBE19
 1374 0060 00000000 		.4byte	0
 1375 0064 00000000 		.4byte	0
 1376 0068 48000000 		.4byte	.LBB25
 1377 006c 4A000000 		.4byte	.LBE25
 1378 0070 88000000 		.4byte	.LBB32
ARM GAS  C:\Users\Xavier\AppData\Local\Temp\ccFH8She.s 			page 33


 1379 0074 8A000000 		.4byte	.LBE32
 1380 0078 8E000000 		.4byte	.LBB33
 1381 007c F2000000 		.4byte	.LBE33
 1382 0080 F4000000 		.4byte	.LBB37
 1383 0084 1C010000 		.4byte	.LBE37
 1384 0088 00000000 		.4byte	0
 1385 008c 00000000 		.4byte	0
 1386 0090 F2000000 		.4byte	.LBB34
 1387 0094 F4000000 		.4byte	.LBE34
 1388 0098 1C010000 		.4byte	.LBB38
 1389 009c 3A010000 		.4byte	.LBE38
 1390 00a0 00000000 		.4byte	0
 1391 00a4 00000000 		.4byte	0
 1392 00a8 00000000 		.4byte	.LFB7
 1393 00ac 1C000000 		.4byte	.LFE7
 1394 00b0 00000000 		.4byte	.LFB8
 1395 00b4 F0010000 		.4byte	.LFE8
 1396 00b8 00000000 		.4byte	0
 1397 00bc 00000000 		.4byte	0
 1398              		.section	.debug_line,"",%progbits
 1399              	.Ldebug_line0:
 1400 0000 A3010000 		.section	.debug_str,"MS",%progbits,1
 1400      0200E300 
 1400      00000201 
 1400      FB0E0D00 
 1400      01010101 
 1401              	.LASF30:
 1402 0000 43794465 		.ascii	"CyDelayCycles\000"
 1402      6C617943 
 1402      79636C65 
 1402      7300
 1403              	.LASF19:
 1404 000e 72656733 		.ascii	"reg32\000"
 1404      3200
 1405              	.LASF12:
 1406 0014 73697A65 		.ascii	"size_t\000"
 1406      5F7400
 1407              	.LASF20:
 1408 001b 416E616C 		.ascii	"AnalogSetDefault\000"
 1408      6F675365 
 1408      74446566 
 1408      61756C74 
 1408      00
 1409              	.LASF28:
 1410 002c 6366675F 		.ascii	"cfg_memset_list\000"
 1410      6D656D73 
 1410      65745F6C 
 1410      69737400 
 1411              	.LASF21:
 1412 003c 436C6F63 		.ascii	"ClockSetup\000"
 1412      6B536574 
 1412      757000
 1413              	.LASF6:
 1414 0047 73686F72 		.ascii	"short unsigned int\000"
 1414      7420756E 
 1414      7369676E 
 1414      65642069 
ARM GAS  C:\Users\Xavier\AppData\Local\Temp\ccFH8She.s 			page 34


 1414      6E7400
 1415              	.LASF37:
 1416 005a 433A5C55 		.ascii	"C:\\Users\\Xavier\\Documents\\PSoC Creator\\BLE_HID"
 1416      73657273 
 1416      5C586176 
 1416      6965725C 
 1416      446F6375 
 1417 0088 5F4B6579 		.ascii	"_Keyboard01\\BLE_HID_Keyboard01.cydsn\000"
 1417      626F6172 
 1417      6430315C 
 1417      424C455F 
 1417      4849445F 
 1418              	.LASF16:
 1419 00ad 666C6F61 		.ascii	"float\000"
 1419      7400
 1420              	.LASF25:
 1421 00b3 73697A65 		.ascii	"size\000"
 1421      00
 1422              	.LASF31:
 1423 00b8 43795379 		.ascii	"CySysClkWcoSetPowerMode\000"
 1423      73436C6B 
 1423      57636F53 
 1423      6574506F 
 1423      7765724D 
 1424              	.LASF18:
 1425 00d0 72656738 		.ascii	"reg8\000"
 1425      00
 1426              	.LASF8:
 1427 00d5 6C6F6E67 		.ascii	"long unsigned int\000"
 1427      20756E73 
 1427      69676E65 
 1427      6420696E 
 1427      7400
 1428              	.LASF13:
 1429 00e7 75696E74 		.ascii	"uint8\000"
 1429      3800
 1430              	.LASF29:
 1431 00ed 43795379 		.ascii	"CySysClkWcoStart\000"
 1431      73436C6B 
 1431      57636F53 
 1431      74617274 
 1431      00
 1432              	.LASF39:
 1433 00fe 43594D45 		.ascii	"CYMEMZERO\000"
 1433      4D5A4552 
 1433      4F00
 1434              	.LASF22:
 1435 0108 53657441 		.ascii	"SetAnalogRoutingPumps\000"
 1435      6E616C6F 
 1435      67526F75 
 1435      74696E67 
 1435      50756D70 
 1436              	.LASF4:
 1437 011e 756E7369 		.ascii	"unsigned char\000"
 1437      676E6564 
 1437      20636861 
 1437      7200
ARM GAS  C:\Users\Xavier\AppData\Local\Temp\ccFH8She.s 			page 35


 1438              	.LASF40:
 1439 012c 6D656D73 		.ascii	"memset\000"
 1439      657400
 1440              	.LASF17:
 1441 0133 646F7562 		.ascii	"double\000"
 1441      6C6500
 1442              	.LASF23:
 1443 013a 63796669 		.ascii	"cyfitter_cfg\000"
 1443      74746572 
 1443      5F636667 
 1443      00
 1444              	.LASF14:
 1445 0147 75696E74 		.ascii	"uint16\000"
 1445      313600
 1446              	.LASF15:
 1447 014e 75696E74 		.ascii	"uint32\000"
 1447      333200
 1448              	.LASF0:
 1449 0155 756E7369 		.ascii	"unsigned int\000"
 1449      676E6564 
 1449      20696E74 
 1449      00
 1450              	.LASF24:
 1451 0162 61646472 		.ascii	"address\000"
 1451      65737300 
 1452              	.LASF9:
 1453 016a 6C6F6E67 		.ascii	"long long unsigned int\000"
 1453      206C6F6E 
 1453      6720756E 
 1453      7369676E 
 1453      65642069 
 1454              	.LASF26:
 1455 0181 6366675F 		.ascii	"cfg_memset_t\000"
 1455      6D656D73 
 1455      65745F74 
 1455      00
 1456              	.LASF10:
 1457 018e 73697A65 		.ascii	"sizetype\000"
 1457      74797065 
 1457      00
 1458              	.LASF1:
 1459 0197 6C6F6E67 		.ascii	"long long int\000"
 1459      206C6F6E 
 1459      6720696E 
 1459      7400
 1460              	.LASF34:
 1461 01a5 43794465 		.ascii	"CyDelayUs\000"
 1461      6C617955 
 1461      7300
 1462              	.LASF11:
 1463 01af 63686172 		.ascii	"char\000"
 1463      00
 1464              	.LASF33:
 1465 01b4 43795379 		.ascii	"CySysClkEcoStart\000"
 1465      73436C6B 
 1465      45636F53 
 1465      74617274 
ARM GAS  C:\Users\Xavier\AppData\Local\Temp\ccFH8She.s 			page 36


 1465      00
 1466              	.LASF38:
 1467 01c5 656E6162 		.ascii	"enabled\000"
 1467      6C656400 
 1468              	.LASF5:
 1469 01cd 73686F72 		.ascii	"short int\000"
 1469      7420696E 
 1469      7400
 1470              	.LASF32:
 1471 01d7 43795379 		.ascii	"CySysClkWriteImoFreq\000"
 1471      73436C6B 
 1471      57726974 
 1471      65496D6F 
 1471      46726571 
 1472              	.LASF7:
 1473 01ec 6C6F6E67 		.ascii	"long int\000"
 1473      20696E74 
 1473      00
 1474              	.LASF2:
 1475 01f5 6C6F6E67 		.ascii	"long double\000"
 1475      20646F75 
 1475      626C6500 
 1476              	.LASF3:
 1477 0201 7369676E 		.ascii	"signed char\000"
 1477      65642063 
 1477      68617200 
 1478              	.LASF36:
 1479 020d 47656E65 		.ascii	"Generated_Source\\PSoC4\\cyfitter_cfg.c\000"
 1479      72617465 
 1479      645F536F 
 1479      75726365 
 1479      5C50536F 
 1480              	.LASF27:
 1481 0233 72656756 		.ascii	"regValue\000"
 1481      616C7565 
 1481      00
 1482              	.LASF35:
 1483 023c 474E5520 		.ascii	"GNU C11 5.4.1 20160609 (release) [ARM/embedded-5-br"
 1483      43313120 
 1483      352E342E 
 1483      31203230 
 1483      31363036 
 1484 026f 616E6368 		.ascii	"anch revision 237715] -mcpu=cortex-m0 -mthumb -g -O"
 1484      20726576 
 1484      6973696F 
 1484      6E203233 
 1484      37373135 
 1485 02a2 73202D66 		.ascii	"s -ffunction-sections -ffat-lto-objects\000"
 1485      66756E63 
 1485      74696F6E 
 1485      2D736563 
 1485      74696F6E 
 1486              		.ident	"GCC: (GNU Tools for ARM Embedded Processors) 5.4.1 20160609 (release) [ARM/embedded-5-bran
